Archive member included to satisfy reference by file (symbol)

libfont.a(fnt_st_6x6.c.o)     CMakeFiles/roberts7531.img.dir/bios/country.c.o (_fnt_st_6x6)
libfont.a(fnt_st_8x8.c.o)     CMakeFiles/roberts7531.img.dir/bios/country.c.o (_fnt_st_8x8)
libfont.a(fnt_st_8x16.c.o)    CMakeFiles/roberts7531.img.dir/bios/country.c.o (_fnt_st_8x16)
/usr/lib/gcc/m68k-atari-mint/4.6.4/mshort/libgcc.a(_mulsi3.o)
                              CMakeFiles/roberts7531.img.dir/bios/xbios.c.o (___mulsi3)
/usr/lib/gcc/m68k-atari-mint/4.6.4/mshort/libgcc.a(_udivsi3.o)
                              CMakeFiles/roberts7531.img.dir/bios/blkdev.c.o (___udivsi3)
libroberts7531_endrom.a(endrom.c.o)
                              CMakeFiles/roberts7531.img.dir/bios/startup.S.o (_ui_mupb)

Memory Configuration

Name             Origin             Length             Attributes
stram            0x0000000000000000 0x0000000000400000
rom              0x0000000080000000 0x0000000000100000
*default*        0x0000000000000000 0xffffffffffffffff

Linker script and memory map


.first_stram    0x0000000000000000      0x800
                0x0000000000000380                _proc_lives = 0x380
                0x0000000000000384                _proc_dregs = 0x384
                0x00000000000003a4                _proc_aregs = 0x3a4
                0x00000000000003c4                _proc_enum = 0x3c4
                0x00000000000003c8                _proc_usp = 0x3c8
                0x00000000000003cc                _proc_stk = 0x3cc
                0x0000000000000400                sysvars_start = 0x400
                0x0000000000000400                _etv_timer = 0x400
                0x0000000000000404                _etv_critic = 0x404
                0x0000000000000408                _etv_term = 0x408
                0x000000000000040c                _etv_xtra = 0x40c
                0x0000000000000420                _memvalid = 0x420
                0x0000000000000420                memvalid = _memvalid
                0x0000000000000424                memctrl = 0x424
                0x0000000000000426                resvalid = 0x426
                0x000000000000042a                resvector = 0x42a
                0x000000000000042e                _phystop = 0x42e
                0x0000000000000432                _membot = 0x432
                0x0000000000000436                _memtop = 0x436
                0x000000000000043a                _memval2 = 0x43a
                0x000000000000043a                memval2 = _memval2
                0x000000000000043e                _flock = 0x43e
                0x0000000000000440                _seekrate = 0x440
                0x0000000000000442                _timer_ms = 0x442
                0x0000000000000444                _fverify = 0x444
                0x0000000000000446                _bootdev = 0x446
                0x0000000000000448                _palmode = 0x448
                0x000000000000044a                _defshiftmod = 0x44a
                0x000000000000044c                _sshiftmod = 0x44c
                0x000000000000044e                _v_bas_ad = 0x44e
                0x0000000000000452                _vblsem = 0x452
                0x0000000000000454                _nvbls = 0x454
                0x0000000000000456                _vblqueue = 0x456
                0x000000000000045a                _colorptr = 0x45a
                0x000000000000045e                _screenpt = 0x45e
                0x0000000000000462                _vbclock = 0x462
                0x0000000000000466                _frclock = 0x466
                0x000000000000046a                _hdv_init = 0x46a
                0x000000000000046e                _swv_vec = 0x46e
                0x0000000000000472                _hdv_bpb = 0x472
                0x0000000000000476                _hdv_rw = 0x476
                0x000000000000047a                _hdv_boot = 0x47a
                0x000000000000047e                _hdv_mediach = 0x47e
                0x0000000000000482                _cmdload = 0x482
                0x0000000000000484                _conterm = 0x484
                0x0000000000000486                trp14ret = 0x486
                0x000000000000048a                criticret = 0x48a
                0x000000000000048e                _themd = 0x48e
                0x000000000000049e                ____md = 0x49e
                0x00000000000004a2                _savptr = 0x4a2
                0x00000000000004a6                _nflops = 0x4a6
                0x00000000000004a8                _con_state = 0x4a8
                0x00000000000004ac                _save_row = 0x4ac
                0x00000000000004ae                sav_context = 0x4ae
                0x00000000000004b2                _bufl = 0x4b2
                0x00000000000004ba                _hz_200 = 0x4ba
                0x00000000000004be                the_env = 0x4be
                0x00000000000004c2                _drvbits = 0x4c2
                0x00000000000004c6                _dskbufp = 0x4c6
                0x00000000000004ca                _autopath = 0x4ca
                0x00000000000004ce                _vbl_list = 0x4ce
                0x00000000000004ee                _dumpflg = 0x4ee
                0x00000000000004f0                _prtabt = 0x4f0
                0x00000000000004f2                _sysbase = 0x4f2
                0x00000000000004f6                _shell_p = 0x4f6
                0x00000000000004fa                _end_os = 0x4fa
                0x00000000000004fe                _exec_os = 0x4fe
                0x0000000000000502                _dump_vec = 0x502
                0x0000000000000506                _prt_stat = 0x506
                0x000000000000050a                _prt_vec = 0x50a
                0x000000000000050e                _aux_stat = 0x50e
                0x0000000000000512                _aux_vec = 0x512
                0x0000000000000516                _pun_ptr = 0x516
                0x000000000000051a                _memval3 = 0x51a
                0x000000000000051a                memval3 = _memval3
                0x000000000000051e                _bconstat_vec = 0x51e
                0x000000000000053e                _bconin_vec = 0x53e
                0x000000000000055e                _bcostat_vec = 0x55e
                0x000000000000057e                _bconout_vec = 0x57e
                0x000000000000059e                _longframe = 0x59e
                0x00000000000005a0                _p_cookies = 0x5a0
                0x00000000000005a4                _ramtop = 0x5a4
                0x00000000000005a8                _ramvalid = 0x5a8
                0x00000000000005ac                _bell_hook = 0x5ac
                0x00000000000005b0                _kcl_hook = 0x5b0
                0x0000000000000700                _pmmutree = 0x700
                0x0000000000000001                ASSERT (((ABSOLUTE (_pmmutree) & 0xf) == 0x0), error: bad _pmmutree alignment)
                0x0000000000000800                . = 0x800
 *fill*         0x0000000000000000      0x800 
                0x0000000000000800                sysvars_end = .

.stack          0x0000000000000800      0x800
                0x0000000000000800                _stkbot = .
                0x0000000000001000                . = (. + 0x800)
 *fill*         0x0000000000000800      0x800 
                0x0000000000001000                _stktop = .

.low_stram      0x0000000000001000     0x1140
                0x0000000000001000                __low_stram_start = .
 CMakeFiles/roberts7531.img.dir/bios/lowstram.c.o(.bss COMMON)
 .bss           0x0000000000001000      0xd38 CMakeFiles/roberts7531.img.dir/bios/lowstram.c.o
                0x0000000000001000                _shifty
                0x0000000000001001                _dskbuf_alignment
                0x0000000000001004                _dskbuf
                0x0000000000001c04                _phys_work
 CMakeFiles/roberts7531.img.dir/bios/lineavars.S.o(.bss COMMON)
 .bss           0x0000000000001d38      0x408 CMakeFiles/roberts7531.img.dir/bios/lineavars.S.o
                0x0000000000001d3c                _CUR_FONT
                0x0000000000001d6e                _m_pos_hx
                0x0000000000001d6e                _mouse_cdb
                0x0000000000001d70                _m_pos_hy
                0x0000000000001d74                _m_cdb_bg
                0x0000000000001d76                _m_cdb_fg
                0x0000000000001d78                _mask_form
                0x0000000000001db8                _INQ_TAB
                0x0000000000001e12                _DEV_TAB
                0x0000000000001e6c                _GCURX
                0x0000000000001e6c                _mdata
                0x0000000000001e6e                _GCURY
                0x0000000000001e70                _HIDE_CNT
                0x0000000000001e72                _MOUSE_BT
                0x0000000000001e74                _REQ_COL
                0x0000000000001ed4                _SIZ_TAB
                0x0000000000001ef2                _TERM_CH
                0x0000000000001ef4                _chc_mode
                0x0000000000001ef6                _CUR_WORK
                0x0000000000001efa                _def_font
                0x0000000000001efe                _font_ring
                0x0000000000001f0e                _font_count
                0x0000000000001f10                _line_cw
                0x0000000000001f12                _loc_mode
                0x0000000000001f64                _num_qc_lines
                0x0000000000001f66                _str_mode
                0x0000000000001f68                _val_mode
                0x0000000000001f6a                _cur_ms_stat
                0x0000000000001f6c                _disab_cnt
                0x0000000000001f6e                _newx
                0x0000000000001f70                _newy
                0x0000000000001f72                _draw_flag
                0x0000000000001f73                _mouse_flag
                0x0000000000001f74                _sav_cur_x
                0x0000000000001f76                _sav_cur_y
                0x0000000000001f78                retsav
                0x0000000000001f7c                _mouse_cursor_save
                0x0000000000002084                _tim_addr
                0x0000000000002088                _tim_chain
                0x000000000000208c                _user_but
                0x0000000000002090                _user_cur
                0x0000000000002094                _user_mot
                0x0000000000002098                _v_cel_ht
                0x000000000000209a                _v_cel_mx
                0x000000000000209c                _v_cel_my
                0x000000000000209e                _v_cel_wr
                0x00000000000020a0                _v_col_bg
                0x00000000000020a2                _v_col_fg
                0x00000000000020a4                _v_cur_ad
                0x00000000000020a8                _v_cur_of
                0x00000000000020aa                _v_cur_cx
                0x00000000000020ac                _v_cur_cy
                0x00000000000020ae                _v_period
                0x00000000000020af                _v_cur_tim
                0x00000000000020b0                _v_fnt_ad
                0x00000000000020b4                _v_fnt_nd
                0x00000000000020b6                _v_fnt_st
                0x00000000000020b8                _v_fnt_wr
                0x00000000000020ba                _V_REZ_HZ
                0x00000000000020bc                _v_off_ad
                0x00000000000020c0                _v_stat_0
                0x00000000000020c2                _V_REZ_VT
                0x00000000000020c4                _BYTES_LIN
                0x00000000000020c6                _v_planes
                0x00000000000020c6                line_a_vars
                0x00000000000020c8                _v_lin_wr
                0x00000000000020ca                _CONTRL
                0x00000000000020ca                _local_pb
                0x00000000000020ce                _INTIN
                0x00000000000020d2                _PTSIN
                0x00000000000020d6                _INTOUT
                0x00000000000020da                _PTSOUT
                0x00000000000020de                _COLBIT0
                0x00000000000020e0                _COLBIT1
                0x00000000000020e2                _COLBIT2
                0x00000000000020e4                _COLBIT3
                0x00000000000020e6                _LSTLIN
                0x00000000000020e8                _LN_MASK
                0x00000000000020ea                _WRT_MODE
                0x00000000000020ec                _X1
                0x00000000000020ee                _Y1
                0x00000000000020f0                _X2
                0x00000000000020f2                _Y2
                0x00000000000020f4                _PATPTR
                0x00000000000020f8                _PATMSK
                0x00000000000020fa                _MFILL
                0x00000000000020fc                _CLIP
                0x00000000000020fe                _XMINCL
                0x0000000000002100                _YMINCL
                0x0000000000002102                _XMAXCL
                0x0000000000002104                _YMAXCL
                0x0000000000002106                _XDDA
                0x0000000000002108                _DDAINC
                0x000000000000210a                _SCALDIR
                0x000000000000210c                _MONO
                0x000000000000210e                _SOURCEX
                0x0000000000002110                _SOURCEY
                0x0000000000002112                _DESTX
                0x0000000000002114                _DESTY
                0x0000000000002116                _DELX
                0x0000000000002118                _DELY
                0x000000000000211a                _FBASE
                0x000000000000211e                _FWIDTH
                0x0000000000002120                _STYLE
                0x0000000000002122                _LITEMASK
                0x0000000000002124                _SKEWMASK
                0x0000000000002126                _WEIGHT
                0x0000000000002128                _ROFF
                0x000000000000212a                _LOFF
                0x000000000000212c                _SCALE
                0x000000000000212e                _CHUP
                0x0000000000002130                _TEXTFG
                0x0000000000002132                _SCRTCHP
                0x0000000000002136                _SCRPT2
                0x000000000000213a                _COPYTRAN
                0x000000000000213c                _SEEDABORT
                0x0000000000002140                __low_stram_end = .
                0x0000000000000001                ASSERT ((ABSOLUTE (_shifty) < 0x8000), error: bad _shifty address)
                0x0000000000000001                ASSERT (((ABSOLUTE (_dskbuf) & 0x3) == 0x0), error: bad _dskbuf alignment)
                0x0000000000000001                ASSERT ((ABSOLUTE (__low_stram_end) <= 0x8000), error: .low_stram section extends beyond 32k)

.text           0x0000000080000000    0x42794
 CREATE_OBJECT_SYMBOLS
                0x0000000080000000                __text = .
 *(.text)
 .text          0x0000000080000000        0x0 CMakeFiles/roberts7531.img.dir/bios/lowstram.c.o
 .text          0x0000000080000000        0x0 CMakeFiles/roberts7531.img.dir/bios/lineavars.S.o
 .text          0x0000000080000000      0x168 CMakeFiles/roberts7531.img.dir/bios/startup.S.o
                0x0000000080000000                _os_header
                0x0000000080000030                _main
                0x000000008000004c                _osxhbootdelay
                0x000000008000015c                memdone
 .text          0x0000000080000168      0x104 CMakeFiles/roberts7531.img.dir/bios/memory.S.o
                0x0000000080000168                meminit
                0x0000000080000210                _detect_32bit_address_bus
 .text          0x000000008000026c      0x2b0 CMakeFiles/roberts7531.img.dir/bios/processor.S.o
                0x00000000800003bc                _processor_init
                0x0000000080000492                _invalidate_instruction_cache
                0x0000000080000492                _instruction_cache_kludge
                0x00000000800004d0                _flush_data_cache
                0x00000000800004d2                _invalidate_data_cache
 .text          0x000000008000051c      0x5a0 CMakeFiles/roberts7531.img.dir/bios/vectors.S.o
                0x000000008000051c                _init_exc_vec
                0x0000000080000534                _init_user_vec
                0x000000008000062e                _int_vbl
                0x0000000080000686                _int_timerc
                0x00000000800006ae                _duart_interrupt
                0x000000008000073a                _call_etv_critic
                0x0000000080000754                _default_etv_critic
                0x000000008000075c                _int_illegal
                0x0000000080000782                _int_priv
                0x00000000800007e4                _int_unimpint
                0x0000000080000a00                _biostrap
                0x0000000080000a0e                _xbiostrap
                0x0000000080000a68                _just_rte
                0x0000000080000a6a                _xbios_unimpl
                0x0000000080000a76                _supexec
                0x0000000080000a7c                _check_read_byte
                0x0000000080000aa6                _keyclick
 .text          0x0000000080000abc      0x1bc CMakeFiles/roberts7531.img.dir/bios/aciavecs.S.o
                0x0000000080000abc                _init_acia_vecs
                0x0000000080000b74                ikbdraw
                0x0000000080000c62                _call_mousevec
 .text          0x0000000080000c78      0xb90 CMakeFiles/roberts7531.img.dir/bios/bios.c.o
                0x0000000080000c78                _setexc
                0x0000000080000c94                _tickcal
                0x0000000080000c98                _drvmap
                0x0000000080000c9e                _mediach
                0x0000000080000cb2                _getbpb
                0x0000000080000cc6                _lrwabs
                0x0000000080000d94                _bcostat
                0x0000000080000df8                _bconin
                0x0000000080000e5c                _bconstat
                0x0000000080000ec0                _bconout
                0x0000000080001224                _biosmain
                0x000000008000178a                _bconout_str
                0x00000000800017b6                _is_text_pointer
                0x00000000800017d4                _bios_ent
                0x00000000800017d6                _bios_vecs
 .text          0x0000000080001808      0x19c CMakeFiles/roberts7531.img.dir/bios/xbios.c.o
                0x0000000080001896                _xbios_do_unimpl
                0x000000008000189e                _xbios_ent
                0x00000000800018a0                _xbios_vecs
 .text          0x00000000800019a4        0x0 CMakeFiles/roberts7531.img.dir/bios/acsi.c.o
 .text          0x00000000800019a4       0xc8 CMakeFiles/roberts7531.img.dir/bios/biosmem.c.o
                0x00000000800019a4                _bmem_init
                0x00000000800019ea                _balloc_stram
                0x0000000080001a36                _getmpb
 .text          0x0000000080001a6c      0xbd8 CMakeFiles/roberts7531.img.dir/bios/blkdev.c.o
                0x0000000080001fa2                _blkdev_getbpb
                0x0000000080002388                _compute_cksum
                0x000000008000239e                _blkdev_init
                0x00000000800024de                _blkdev_boot
                0x0000000080002512                _add_partition
                0x0000000080002608                _get_shift
                0x000000008000262a                _blkdev_drvmap
                0x0000000080002632                _blkdev_avail
 .text          0x0000000080002644      0x150 CMakeFiles/roberts7531.img.dir/bios/chardev.c.o
                0x0000000080002644                _char_dummy
                0x0000000080002648                _charout_dummy
                0x000000008000264c                _bcostat2
                0x000000008000265a                _bconout5
                0x0000000080002680                _bconout2
                0x0000000080002690                _chardev_init
 .text          0x0000000080002794       0x28 CMakeFiles/roberts7531.img.dir/bios/clock.c.o
                0x0000000080002794                _clock_init
                0x0000000080002796                _settime
                0x00000000800027ac                _gettime
 .text          0x00000000800027bc      0x258 CMakeFiles/roberts7531.img.dir/bios/conout.c.o
                0x00000000800027bc                _invert_cell
                0x00000000800027be                _move_cursor
                0x000000008000280c                _blank_out
                0x000000008000287a                _scroll_up
                0x00000000800028f2                _ascii_out
                0x000000008000299c                _scroll_down
 .text          0x0000000080002a14      0x204 CMakeFiles/roberts7531.img.dir/bios/country.c.o
                0x0000000080002a14                _detect_akp
                0x0000000080002a44                _detect_idt
                0x0000000080002a4e                _get_keytbl
                0x0000000080002a56                _get_fonts
 .text          0x0000000080002c18      0xd94 CMakeFiles/roberts7531.img.dir/bios/disk.c.o
                0x0000000080002d16                _byteswap
                0x0000000080002d30                _disk_inquire
                0x0000000080002d34                _disk_get_capacity
                0x0000000080002db8                _disk_rw
                0x0000000080003772                _disk_rescan
                0x00000000800037ca                _disk_mediach
                0x000000008000384a                _disk_init_all
                0x00000000800038fe                _DMAread
                0x000000008000395c                _DMAwrite
 .text          0x00000000800039ac       0x14 CMakeFiles/roberts7531.img.dir/bios/dma.c.o
                0x00000000800039ac                _set_dma_addr
 .text          0x00000000800039c0        0x0 CMakeFiles/roberts7531.img.dir/bios/dmasound.c.o
 .text          0x00000000800039c0      0x5fc CMakeFiles/roberts7531.img.dir/bios/floppy.c.o
                0x00000000800039c0                _flop_hdv_init
                0x00000000800039e8                _flop_boot_read
                0x00000000800039ec                _flop_checksum
                0x0000000080003a2a                _flop_mediach
                0x0000000080003a72                _floppy_rw
                0x0000000080003a76                _protobt
                0x0000000080003ba2                _floprd
                0x0000000080003ba6                _flopwr
                0x0000000080003baa                _flopver
                0x0000000080003bda                _flopfmt
                0x0000000080003eba                _floprate
 .text          0x0000000080003fbc      0x114 CMakeFiles/roberts7531.img.dir/bios/font.c.o
                0x0000000080003fbc                _font_init
                0x000000008000404c                _font_set_default
 .text          0x00000000800040d0      0xc6c CMakeFiles/roberts7531.img.dir/bios/ide.c.o
                0x0000000080004628                _detect_ide
                0x0000000080004676                _ide_init
                0x0000000080004920                _ide_rw
                0x0000000080004cac                _ide_ioctl
 .text          0x0000000080004d3c      0xe40 CMakeFiles/roberts7531.img.dir/bios/ikbd.c.o
                0x0000000080005328                _keytbl
                0x0000000080005364                _bioskeys
                0x000000008000539e                _kbshift
                0x00000000800053b8                _push_ascii_ikbdiorec
                0x00000000800053fa                _bconstat2
                0x0000000080005432                _bconin2
                0x00000000800054b4                _kbrate
                0x00000000800054f6                _kb_timerc_int
                0x000000008000560e                _kbd_int
                0x0000000080005a12                _ikbd_int
                0x0000000080005aa2                _bcostat4
                0x0000000080005aa6                _bconout4
                0x0000000080005aba                _ikbdws
                0x0000000080005ae6                _ikbd_writeb
                0x0000000080005af6                _ikbd_writew
                0x0000000080005b1a                _kbd_init
 .text          0x0000000080005b7c      0x724 CMakeFiles/roberts7531.img.dir/bios/initinfo.c.o
                0x0000000080005d1c                _gpuWriteReg
                0x0000000080005e30                _initinfo
                0x00000000800061da                _display_startup_msg
 .text          0x00000000800062a0      0xa54 CMakeFiles/roberts7531.img.dir/bios/kprint.c.o
                0x00000000800063da                _debugOut2
                0x00000000800063f6                _cprintf
                0x0000000080006414                _kprintf
                0x000000008000643a                _kcprintf
                0x0000000080006648                _dopanic
 .text          0x0000000080006cf4        0x0 CMakeFiles/roberts7531.img.dir/bios/kprintasm.S.o
 .text          0x0000000080006cf4       0xc4 CMakeFiles/roberts7531.img.dir/bios/linea.S.o
                0x0000000080006cf4                _int_linea
 .text          0x0000000080006db8       0x84 CMakeFiles/roberts7531.img.dir/bios/lineainit.c.o
                0x0000000080006db8                _set_screen_shift
                0x0000000080006de4                _linea_init
 .text          0x0000000080006e3c      0x344 CMakeFiles/roberts7531.img.dir/bios/machine.c.o
                0x0000000080006e78                _machine_detect
                0x0000000080006f08                _machine_init
                0x0000000080006f96                _fill_cookie_jar
                0x00000000800070fe                _machine_name
 .text          0x0000000080007180       0x18 CMakeFiles/roberts7531.img.dir/bios/mfp.c.o
                0x0000000080007180                _init_system_timer
 .text          0x0000000080007198       0x34 CMakeFiles/roberts7531.img.dir/bios/midi.c.o
                0x0000000080007198                _bconstat3
                0x00000000800071ae                _bconin3
                0x00000000800071c2                _bcostat3
                0x00000000800071c6                _bconout3
                0x00000000800071c8                _midiws
                0x00000000800071ca                _midi_init
 .text          0x00000000800071cc      0x178 CMakeFiles/roberts7531.img.dir/bios/mouse.c.o
                0x00000000800071cc                _Initmous
 .text          0x0000000080007344       0x1c CMakeFiles/roberts7531.img.dir/bios/natfeat.S.o
                0x0000000080007348                _xhdi_vec
 .text          0x0000000080007360        0x0 CMakeFiles/roberts7531.img.dir/bios/natfeats.c.o
 .text          0x0000000080007360        0x0 CMakeFiles/roberts7531.img.dir/bios/nvram.c.o
 .text          0x0000000080007360       0x5c CMakeFiles/roberts7531.img.dir/bios/panicasm.S.o
                0x0000000080007360                _panic
                0x000000008000738c                _halt
                0x0000000080007392                _kill_program
                0x000000008000739c                _warm_reset
                0x00000000800073a8                _cold_reset
 .text          0x00000000800073bc       0x10 CMakeFiles/roberts7531.img.dir/bios/parport.c.o
                0x00000000800073bc                _parport_init
                0x00000000800073be                _bconin0
                0x00000000800073c2                _bcostat0
                0x00000000800073c6                _bconout0
 .text          0x00000000800073cc      0x1f8 CMakeFiles/roberts7531.img.dir/bios/screen.c.o
                0x00000000800073cc                _check_moderez
                0x00000000800073d0                _initialise_palette_registers
                0x00000000800073d2                _screen_init_mode
                0x00000000800073ec                _screen_init_address
                0x000000008000741a                _set_rez_hacked
                0x000000008000742e                _rez_changeable
                0x0000000080007432                _get_monitor_type
                0x0000000080007436                _calc_vram_size
                0x0000000080007450                _screen_get_current_mode_info
                0x0000000080007484                _get_palette
                0x00000000800074a4                _get_pixel_size
                0x0000000080007502                _physbase
                0x000000008000750a                _logbase
                0x0000000080007512                _getrez
                0x000000008000751c                _setscreen
                0x0000000080007590                _setpalette
                0x000000008000759a                _setcolor
                0x000000008000759e                _vsync
 .text          0x00000000800075c4      0xc1c CMakeFiles/roberts7531.img.dir/bios/serport.c.o
                0x000000008000760e                _bconstat1
                0x0000000080007624                _bconin1
                0x0000000080007632                _bcostat1
                0x0000000080007636                _bconout1
                0x000000008000763a                _rsconf1
                0x000000008000798c                _bconstatDUARTB
                0x00000000800079a2                _bconinDUARTB
                0x00000000800079c2                _bconoutDUARTB
                0x0000000080007a48                _push_serial_iorec
                0x0000000080007a78                _write_duart
                0x0000000080007a8c                _read_duart
                0x0000000080007a9e                _duart_rs232_interrupt_handler_channel_a
                0x0000000080007b26                _duart_rs232_interrupt_handler_channel_b
                0x0000000080007b5a                _duart_init_system_timer
                0x0000000080007b82                _duart_rs232_enable_interrupt
                0x0000000080007b9a                _init_duart
                0x0000000080007c1e                _init_serport
                0x0000000080008070                _bconmap
 .text          0x00000000800081e0       0x38 CMakeFiles/roberts7531.img.dir/bios/sound.c.o
                0x00000000800081e4                _snd_init
                0x00000000800081fa                _giaccess
                0x00000000800081fe                _ongibit
                0x0000000080008200                _offgibit
                0x0000000080008202                _dosound
                0x0000000080008206                _bell
 .text          0x0000000080008218        0x0 CMakeFiles/roberts7531.img.dir/bios/videl.c.o
 .text          0x0000000080008218      0xab4 CMakeFiles/roberts7531.img.dir/bios/vt52.c.o
                0x0000000080008a74                _cputc
                0x0000000080008a90                _blink
                0x0000000080008b0a                _cursconf
                0x0000000080008b72                _vt52_init
 .text          0x0000000080008ccc      0x8bc CMakeFiles/roberts7531.img.dir/bios/xhdi.c.o
                0x0000000080008e36                _init_XHDI_drvmap
                0x0000000080008e5e                _xhdi_handler
 .text          0x0000000080009588      0x11c CMakeFiles/roberts7531.img.dir/bios/pmmu030.c.o
                0x0000000080009588                _setup_68030_pmmu
 .text          0x00000000800096a4        0x0 CMakeFiles/roberts7531.img.dir/bios/68040_pmmu.S.o
 .text          0x00000000800096a4        0x0 CMakeFiles/roberts7531.img.dir/bios/amiga.c.o
 .text          0x00000000800096a4        0x0 CMakeFiles/roberts7531.img.dir/bios/amiga2.S.o
 .text          0x00000000800096a4        0x0 CMakeFiles/roberts7531.img.dir/bios/spi_vamp.c.o
 .text          0x00000000800096a4        0x0 CMakeFiles/roberts7531.img.dir/bios/lisa.c.o
 .text          0x00000000800096a4        0x0 CMakeFiles/roberts7531.img.dir/bios/lisa2.S.o
 .text          0x00000000800096a4       0x40 CMakeFiles/roberts7531.img.dir/bios/delay.c.o
                0x00000000800096a4                _init_delay
                0x00000000800096e0                _calibrate_delay
 .text          0x00000000800096e4       0x88 CMakeFiles/roberts7531.img.dir/bios/delayasm.S.o
                0x00000000800096e4                _run_calibration
 .text          0x000000008000976c        0x0 CMakeFiles/roberts7531.img.dir/bios/sd.c.o
 .text          0x000000008000976c       0x14 CMakeFiles/roberts7531.img.dir/bios/memory2.c.o
                0x000000008000976c                _ttram_detect
 .text          0x0000000080009780        0x0 CMakeFiles/roberts7531.img.dir/bios/bootparams.c.o
 .text          0x0000000080009780        0x0 CMakeFiles/roberts7531.img.dir/bios/scsi.c.o
 .text          0x0000000080009780        0x0 CMakeFiles/roberts7531.img.dir/bios/nova.c.o
 .text          0x0000000080009780        0x0 CMakeFiles/roberts7531.img.dir/bios/dsp.c.o
 .text          0x0000000080009780        0x0 CMakeFiles/roberts7531.img.dir/bios/dsp2.S.o
 .text          0x0000000080009780        0x0 CMakeFiles/roberts7531.img.dir/bios/scsidriv.c.o
 .text          0x0000000080009780       0x9c CMakeFiles/roberts7531.img.dir/bios/machine_r7531.c.o
                0x0000000080009780                _r7531_ikbd_init
                0x00000000800097d6                _r7531_ikbd_cinRdy
                0x00000000800097de                _r7531_ikbd_writeb
                0x00000000800097e0                _r7531_ikbd_readb
 .text          0x000000008000981c      0xa00 CMakeFiles/roberts7531.img.dir/bdos/bdosmain.c.o
                0x000000008000988c                _osinit_before_xmaddalt
                0x00000000800098d0                _osinit_after_xmaddalt
                0x00000000800098f8                _osif
 .text          0x000000008000a21c      0x7e4 CMakeFiles/roberts7531.img.dir/bdos/console.c.o
                0x000000008000a466                _stdhdl_init
                0x000000008000a4c6                _get_default_handle
                0x000000008000a4d4                _xconstat
                0x000000008000a52a                _xconostat
                0x000000008000a54c                _xprtostat
                0x000000008000a56e                _xauxistat
                0x000000008000a5c4                _xauxostat
                0x000000008000a5e6                _tabout
                0x000000008000a686                _xconout
                0x000000008000a6a4                _xauxout
                0x000000008000a6cc                _xprtout
                0x000000008000a6f4                _xrawcin
                0x000000008000a70c                _conin
                0x000000008000a736                _xconin
                0x000000008000a768                _xnecin
                0x000000008000a79a                _xauxin
                0x000000008000a7bc                _xrawio
                0x000000008000a830                _xconws
                0x000000008000a866                _cgets
                0x000000008000a9ca                _xconrs
 .text          0x000000008000aa00      0x460 CMakeFiles/roberts7531.img.dir/bdos/fsbuf.c.o
                0x000000008000aa6e                _bufl_init
                0x000000008000aacc                _flush
                0x000000008000ac0c                _getbcb
                0x000000008000ae18                _getrec
 .text          0x000000008000ae60     0x1908 CMakeFiles/roberts7531.img.dir/bdos/fsdir.c.o
                0x000000008000b250                _xgsdtof
                0x000000008000b2b4                _builds
                0x000000008000b410                _xsnext
                0x000000008000b65a                _incr_curdir_usage
                0x000000008000b6b4                _decr_curdir_usage
                0x000000008000b6ec                _xgetdir
                0x000000008000b77c                _dirinit
                0x000000008000b828                _makofd
                0x000000008000b890                _scan
                0x000000008000ba20                _findit
                0x000000008000bbe2                _xchdir
                0x000000008000bc94                _ixsfirst
                0x000000008000bdfc                _xsfirst
                0x000000008000be4e                _xrename
                0x000000008000c27e                _xchmod
                0x000000008000c36c                _xrmdir
                0x000000008000c49e                _xmkdir
                0x000000008000c704                _free_available_dnds
 .text          0x000000008000c768      0x324 CMakeFiles/roberts7531.img.dir/bdos/fsdrive.c.o
                0x000000008000c768                _log_media
                0x000000008000c974                _ckdrv
 .text          0x000000008000ca8c      0x5f0 CMakeFiles/roberts7531.img.dir/bdos/fsfat.c.o
                0x000000008000ca8c                _cl2rec
                0x000000008000caa6                _clfix
                0x000000008000cc36                _getrealcl
                0x000000008000cd40                _getclnum
                0x000000008000cd60                _nextcl
                0x000000008000cf18                _xgetfree
 .text          0x000000008000d07c        0x0 CMakeFiles/roberts7531.img.dir/bdos/fsglob.c.o
 .text          0x000000008000d07c      0x150 CMakeFiles/roberts7531.img.dir/bdos/fshand.c.o
                0x000000008000d07c                _ixforce
                0x000000008000d0fc                _xforce
                0x000000008000d112                _xdup
 .text          0x000000008000d1cc      0x754 CMakeFiles/roberts7531.img.dir/bdos/fsio.c.o
                0x000000008000d63e                _eof
                0x000000008000d66a                _ixlseek
                0x000000008000d75c                _xlseek
                0x000000008000d7d8                _ixgetfcb
                0x000000008000d87e                _ixread
                0x000000008000d8b4                _xread
                0x000000008000d8dc                _ixwrite
                0x000000008000d8f6                _xwrite
 .text          0x000000008000d920       0xb0 CMakeFiles/roberts7531.img.dir/bdos/fsmain.c.o
                0x000000008000d920                _xgetdta
                0x000000008000d92c                _xsetdta
                0x000000008000d93a                _xsetdrv
                0x000000008000d960                _xgetdrv
                0x000000008000d96e                _getofd
 .text          0x000000008000d9d0      0x8f8 CMakeFiles/roberts7531.img.dir/bdos/fsopnclo.c.o
                0x000000008000dada                _xopen
                0x000000008000db56                _ixclose
                0x000000008000dcec                _xclose
                0x000000008000de42                _ixdel
                0x000000008000df5c                _xunlink
                0x000000008000dfe8                _ixcreat
                0x000000008000e280                _xcreat
                0x000000008000e292                _contains_illegal_characters
 .text          0x000000008000e2c8      0x244 CMakeFiles/roberts7531.img.dir/bdos/iumem.c.o
                0x000000008000e2c8                _ffit
                0x000000008000e3bc                _freeit
                0x000000008000e4b4                _shrinkit
 .text          0x000000008000e50c      0x254 CMakeFiles/roberts7531.img.dir/bdos/kpgmld.c.o
                0x000000008000e50c                _kpgmhdrld
                0x000000008000e576                _kpgmld
 .text          0x000000008000e760      0x320 CMakeFiles/roberts7531.img.dir/bdos/osmem.c.o
                0x000000008000e760                _xmfremd
                0x000000008000e87e                _xmgetblk
                0x000000008000e94c                _xmgetmd
                0x000000008000ea3a                _xmfreblk
                0x000000008000ea5c                _osmem_init
 .text          0x000000008000ea80      0x6bc CMakeFiles/roberts7531.img.dir/bdos/proc.c.o
                0x000000008000ec64                _xexec
                0x000000008000efd6                _xterm
                0x000000008000f0d2                _x0term
                0x000000008000f0d8                _xtermres
 .text          0x000000008000f13c      0x178 CMakeFiles/roberts7531.img.dir/bdos/rwa.S.o
                0x000000008000f13c                _bdos_trap2
                0x000000008000f158                _enter
                0x000000008000f1d6                _gouser
                0x000000008000f20c                _termuser
 .text          0x000000008000f2b4      0x200 CMakeFiles/roberts7531.img.dir/bdos/time.c.o
                0x000000008000f39c                _xgetdate
                0x000000008000f3a6                _xsetdate
                0x000000008000f40e                _xgettime
                0x000000008000f418                _xsettime
                0x000000008000f46c                _time_init
 .text          0x000000008000f4b4      0x1e0 CMakeFiles/roberts7531.img.dir/bdos/umem.c.o
                0x000000008000f4b4                _xmfree
                0x000000008000f4fe                _xsetblk
                0x000000008000f588                _xmxalloc
                0x000000008000f5f6                _xmalloc
                0x000000008000f622                _umem_init
                0x000000008000f65c                _set_owner
 .text          0x000000008000f694      0x120 CMakeFiles/roberts7531.img.dir/util/cookie.c.o
                0x000000008000f694                _cookie_init
                0x000000008000f6ac                _cookie_add
                0x000000008000f700                _cookie_get
                0x000000008000f73e                _get_idt_cookie
                0x000000008000f784                _nvdi_cookie_present
 .text          0x000000008000f7b4      0x55c CMakeFiles/roberts7531.img.dir/util/doprintf.c.o
                0x000000008000f86e                _doprintf
 .text          0x000000008000fd10       0x88 CMakeFiles/roberts7531.img.dir/util/intmath.c.o
                0x000000008000fd10                _Isqrt
 .text          0x000000008000fd98      0x274 CMakeFiles/roberts7531.img.dir/util/memmove.S.o
                0x000000008000fd98                _memcpy
                0x000000008000fdba                _memmove
 .text          0x000000008001000c       0xcc CMakeFiles/roberts7531.img.dir/util/memset.S.o
                0x000000008001000c                _bzero_nobuiltin
                0x000000008001001a                _memset
 .text          0x00000000800100d8       0xc0 CMakeFiles/roberts7531.img.dir/util/miscasm.S.o
                0x00000000800100d8                _trap1
                0x00000000800100f8                _trap1_pexec
                0x000000008001011c                _just_rts
                0x000000008001011e                _mul_div_round
                0x000000008001013a                _protect_v
                0x000000008001014a                _protect_w
                0x0000000080010162                _protect_ww
                0x000000008001017a                _protect_wlwwwl
 .text          0x0000000080010198        0x0 CMakeFiles/roberts7531.img.dir/util/nls.c.o
 .text          0x0000000080010198        0x0 CMakeFiles/roberts7531.img.dir/util/nlsasm.S.o
 .text          0x0000000080010198       0x24 CMakeFiles/roberts7531.img.dir/util/setjmp.S.o
                0x0000000080010198                _setjmp
                0x00000000800101a6                _longjmp
 .text          0x00000000800101bc      0x1ec CMakeFiles/roberts7531.img.dir/util/string.c.o
                0x00000000800101d2                _strlcpy
                0x0000000080010222                _strlen
                0x000000008001023a                _strcat
                0x000000008001026e                _strcmp
                0x0000000080010292                _memcmp
                0x00000000800102c2                _strncmp
                0x00000000800102f6                _strncasecmp
                0x0000000080010354                _toupper
                0x000000008001036a                _sprintf
 .text          0x00000000800103a8        0x0 CMakeFiles/roberts7531.img.dir/util/lisautil.S.o
 .text          0x00000000800103a8       0x68 CMakeFiles/roberts7531.img.dir/util/miscutil.c.o
                0x00000000800103a8                _build_root_path
                0x00000000800103c2                _extract_drive_number
                0x00000000800103fe                _set_all_files
 .text          0x0000000080010410      0x204 CMakeFiles/roberts7531.img.dir/bios/fnt_off_6x6.c.o
                0x0000000080010410                _off_6x6_table
 .text          0x0000000080010614      0x204 CMakeFiles/roberts7531.img.dir/bios/fnt_off_8x8.c.o
                0x0000000080010614                _off_8x8_table
 .text          0x0000000080010818      0x1f4 CMakeFiles/roberts7531.img.dir/vdi/vdi_asm.S.o
                0x0000000080010818                _vditrap
                0x0000000080010834                _GSX_ENTRY
                0x00000000800108b8                _mouse_int
                0x0000000080010970                _wheel_int
                0x00000000800109c8                _mov_cur
                0x00000000800109ee                _call_user_but
                0x00000000800109fa                _call_user_wheel
 .text          0x0000000080010a0c        0x0 CMakeFiles/roberts7531.img.dir/vdi/vdi_bezier.c.o
 .text          0x0000000080010a0c      0x3a4 CMakeFiles/roberts7531.img.dir/vdi/vdi_col.c.o
                0x0000000080010b1c                _vdi_vs_color
                0x0000000080010b90                _init_colors
                0x0000000080010c54                _vdi_vq_color
 .text          0x0000000080010db0      0x77c CMakeFiles/roberts7531.img.dir/vdi/vdi_control.c.o
                0x0000000080010f88                _get_vwk_by_handle
                0x0000000080010fac                _update_rez_dependent
                0x0000000080011064                _validate_color_index
                0x000000008001107c                _vdi_vs_clip
                0x0000000080011128                _vdi_vswr_mode
                0x000000008001116e                _vdi_v_opnvwk
                0x000000008001121a                _vdi_v_clsvwk
                0x0000000080011280                _vdi_v_opnwk
                0x000000008001136a                _vdi_v_clswk
                0x00000000800113bc                _vdi_v_clrwk
                0x00000000800113da                _vdi_vq_extnd
 .text          0x000000008001152c      0x3c0 CMakeFiles/roberts7531.img.dir/vdi/vdi_esc.c.o
                0x000000008001182a                _vdi_v_escape
                0x0000000080011854                _esc_init
                0x0000000080011878                _esc_exit
 .text          0x00000000800118ec      0xe84 CMakeFiles/roberts7531.img.dir/vdi/vdi_fill.c.o
                0x0000000080011bd0                _vdi_vsf_udpat
                0x0000000080011c2c                _vdi_vsf_color
                0x0000000080011c5e                _vdi_vsf_perimeter
                0x0000000080011c8c                _vdi_vr_recfl
                0x0000000080011d3c                _vdi_vqf_attributes
                0x0000000080011d80                _st_fl_ptr
                0x0000000080011e5a                _vdi_vsf_style
                0x0000000080011e9c                _vdi_vsf_interior
                0x0000000080011ec2                _clc_flit
                0x000000008001200c                _polygon
                0x000000008001210a                _vdi_v_fillarea
                0x0000000080012128                _contourfill
                0x00000000800123c4                _vdi_v_contourfill
                0x0000000080012404                _vdi_v_get_pixel
                0x0000000080012434                _get_pix
                0x0000000080012448                _put_pix
                0x00000000800124dc                _SOLID
                0x00000000800124de                _HOLLOW
                0x00000000800124e0                _ROM_UD_PATRN
 .text          0x0000000080012770      0x7c4 CMakeFiles/roberts7531.img.dir/vdi/vdi_gdp.c.o
                0x0000000080012af6                _vdi_v_gdp
 .text          0x0000000080012f34      0x200 CMakeFiles/roberts7531.img.dir/vdi/vdi_input.c.o
                0x0000000080012f74                _vdi_v_choice
                0x0000000080012f88                _vdi_v_string
                0x0000000080013074                _vdi_vq_key_s
                0x0000000080013096                _vdi_vsin_mode
                0x00000000800130ea                _vdi_vqin_mode
 .text          0x0000000080013134     0x1bb4 CMakeFiles/roberts7531.img.dir/vdi/vdi_line.c.o
                0x0000000080013710                _vdi_vsl_udsty
                0x0000000080013720                _vdi_vsl_type
                0x000000008001375a                _vdi_vsl_width
                0x00000000800137a8                _vdi_vsl_ends
                0x00000000800137e6                _vdi_vsl_color
                0x0000000080013818                _vdi_vql_attributes
                0x000000008001385e                _draw_rect_common
                0x0000000080013862                _Vwk2Attrib
                0x000000008001388e                _draw_rect
                0x00000000800138cc                _linea_rect
                0x00000000800139be                _linea_hline
                0x0000000080013a0a                _linea_polygon
                0x0000000080013aae                _linea_fill
                0x0000000080013b3c                _clip_line
                0x0000000080013dec                _arrow
                0x0000000080013ede                _wideline
                0x000000008001440a                _abline
                0x0000000080014af6                _polyline
                0x0000000080014bb2                _vdi_v_pline
                0x0000000080014c46                _linea_line
                0x0000000080014caa                _set_LN_MASK
                0x0000000080014cda                _LINE_STYLE
 .text          0x0000000080014ce8      0x308 CMakeFiles/roberts7531.img.dir/vdi/vdi_main.c.o
                0x0000000080014ce8                _screen
 .text          0x0000000080014ff0      0x378 CMakeFiles/roberts7531.img.dir/vdi/vdi_marker.c.o
                0x0000000080014ff0                _vdi_vsm_height
                0x00000000800150d4                _vdi_vsm_type
                0x000000008001510e                _vdi_vsm_color
                0x0000000080015140                _vdi_v_pmarker
                0x000000008001527e                _vdi_vqm_attributes
 .text          0x0000000080015368      0x168 CMakeFiles/roberts7531.img.dir/vdi/vdi_misc.c.o
                0x00000000800153b2                _arb_corner
                0x00000000800153dc                _arb_line
                0x0000000080015406                _vdi_vex_timv
                0x0000000080015440                _timer_init
                0x000000008001547c                _timer_exit
                0x00000000800154a4                _get_start_addr
 .text          0x00000000800154d0      0x97c CMakeFiles/roberts7531.img.dir/vdi/vdi_mouse.c.o
                0x00000000800156f4                _vdi_vq_mouse
                0x0000000080015720                _vdi_vex_butv
                0x0000000080015738                _vdi_vex_motv
                0x0000000080015750                _vdi_vex_curv
                0x0000000080015768                _vdi_vex_wheelv
                0x0000000080015780                _vdimouse_init
                0x0000000080015878                _vdimouse_exit
                0x00000000800158e2                _cur_display
                0x0000000080015c00                _cur_replace
                0x0000000080015cec                _vdi_v_locator
                0x0000000080015da4                _vdi_v_hide_c
                0x0000000080015e12                _linea_show_mouse
                0x0000000080015e30                _vdi_v_show_c
                0x0000000080015e32                _linea_hide_mouse
                0x0000000080015e36                _linea_transform_mouse
                0x0000000080015e44                _vdi_vsc_form
 .text          0x0000000080015e4c      0x5bc CMakeFiles/roberts7531.img.dir/vdi/vdi_raster.c.o
                0x0000000080016212                _vdi_vr_trnfm
                0x000000008001632e                _vdi_vro_cpyfm
                0x0000000080016364                _vdi_vrt_cpyfm
                0x000000008001639c                _linea_raster
                0x00000000800163c6                _linea_blit
 .text          0x0000000080016408     0x1710 CMakeFiles/roberts7531.img.dir/vdi/vdi_text.c.o
                0x0000000080016e94                _vdi_v_gtext
                0x0000000080016eb8                _text_init2
                0x0000000080016f04                _text_init
                0x0000000080017082                _vdi_vst_height
                0x0000000080017174                _vdi_vst_point
                0x0000000080017290                _vdi_vst_effects
                0x00000000800172b0                _vdi_vst_alignment
                0x00000000800172ee                _vdi_vst_rotation
                0x000000008001732c                _vdi_vst_font
                0x000000008001743e                _vdi_vst_color
                0x0000000080017470                _vdi_vqt_attributes
                0x00000000800174e2                _vdi_vqt_extent
                0x00000000800175c0                _vdi_vqt_width
                0x000000008001767c                _vdi_vqt_name
                0x000000008001771c                _vdi_vqt_fontinfo
                0x00000000800177cc                _gdp_justified
                0x0000000080017a26                _vdi_vst_load_fonts
                0x0000000080017af2                _vdi_vst_unload_fonts
 .text          0x0000000080017b18      0xfc0 CMakeFiles/roberts7531.img.dir/vdi/vdi_textblit.c.o
                0x0000000080017bc2                _outline
                0x0000000080017ccc                _rotate
                0x0000000080017f36                _scale
                0x0000000080018152                _direct_screen_blit
                0x0000000080018348                _text_blt
 .text          0x0000000080018ad8      0x74c CMakeFiles/roberts7531.img.dir/vdi/vdi_blit.S.o
                0x0000000080018e20                _fast_bit_blt
 .text          0x0000000080019224      0x7b0 CMakeFiles/roberts7531.img.dir/vdi/vdi_tblit.S.o
                0x0000000080019224                _normal_blit
 .text          0x00000000800199d4        0x0 CMakeFiles/roberts7531.img.dir/vdi/endvdi.S.o
 .text          0x00000000800199d4        0xc CMakeFiles/roberts7531.img.dir/version.c.o
                0x00000000800199d4                _version
 .text          0x00000000800199e0      0x224 CMakeFiles/roberts7531.img.dir/util/gemdos.c.o
                0x00000000800199e2                _pgmld
                0x0000000080019a34                _dos_setdt
                0x0000000080019a6a                _dos_label
                0x0000000080019adc                _dos_space
                0x0000000080019b3e                _dos_alloc_stram
                0x0000000080019b52                _dos_avail_stram
                0x0000000080019b66                _dos_alloc_anyram
                0x0000000080019b7c                _dos_avail_anyram
                0x0000000080019b92                _dos_free
                0x0000000080019ba4                _dos_shrink
                0x0000000080019bbe                _dos_load_file
 .text          0x0000000080019c04      0x30c CMakeFiles/roberts7531.img.dir/util/optimize.c.o
                0x0000000080019c04                _fmt_str
                0x0000000080019c96                _unfmt_str
                0x0000000080019ce6                _inf_sset
                0x0000000080019d12                _inf_sget
                0x0000000080019d34                _inf_gindex
                0x0000000080019d7e                _inf_what
                0x0000000080019dd8                _scan_2
                0x0000000080019e5c                _filename_start
                0x0000000080019e74                _wildcmp
 .text          0x0000000080019f10       0x30 CMakeFiles/roberts7531.img.dir/util/optimopt.S.o
                0x0000000080019f10                _scasb
                0x0000000080019f26                _expand_string
 .text          0x0000000080019f40      0x190 CMakeFiles/roberts7531.img.dir/util/rectfunc.c.o
                0x0000000080019f40                _inside
                0x0000000080019f7a                _rc_constrain
                0x0000000080019fd6                _rc_equal
                0x0000000080019ff8                _rc_intersect
                0x000000008001a070                _rc_union
 .text          0x000000008001a0d0       0x30 CMakeFiles/roberts7531.img.dir/util/stringasm.S.o
                0x000000008001a0d0                _strlencpy
                0x000000008001a0e4                _strchr
 .text          0x000000008001a100       0xc4 CMakeFiles/roberts7531.img.dir/aes/gemasm.S.o
                0x000000008001a100                _psetup
                0x000000008001a128                _gotopgm
                0x000000008001a14c                _dsptch
                0x000000008001a196                _switchto
 .text          0x000000008001a1c4      0x168 CMakeFiles/roberts7531.img.dir/aes/gemstart.S.o
                0x000000008001a1c4                _ui_start
                0x000000008001a27e                _accdesk_start
                0x000000008001a2c2                _dos_exec
 .text          0x000000008001a32c      0x270 CMakeFiles/roberts7531.img.dir/aes/gemdosif.S.o
                0x000000008001a32c                _disable_interrupts
                0x000000008001a338                _enable_interrupts
                0x000000008001a340                _retake
                0x000000008001a35e                _giveerr
                0x000000008001a366                _takeerr
                0x000000008001a480                _unset_aestrap
                0x000000008001a48a                _set_aestrap
                0x000000008001a49c                _far_bcha
                0x000000008001a4c2                _far_mcha
                0x000000008001a4f0                _aes_wheel
                0x000000008001a51e                _drawrat
                0x000000008001a52e                _tikcod
 .text          0x000000008001a59c      0x388 CMakeFiles/roberts7531.img.dir/aes/gemaplib.c.o
                0x000000008001a59c                _ap_init
                0x000000008001a5ae                _ap_rdwr
                0x000000008001a626                _ap_find
                0x000000008001a64c                _ap_tplay
                0x000000008001a7d4                _ap_trecd
                0x000000008001a8a8                _ap_exit
 .text          0x000000008001a924      0x37c CMakeFiles/roberts7531.img.dir/aes/gemasync.c.o
                0x000000008001a924                _azombie
                0x000000008001a9d2                _evinsert
                0x000000008001a9fa                _mwait
                0x000000008001aa42                _iasync
                0x000000008001ab7a                _apret
                0x000000008001abfc                _acancel
 .text          0x000000008001aca0      0x88c CMakeFiles/roberts7531.img.dir/aes/gemctrl.c.o
                0x000000008001ad7e                _ct_chgown
                0x000000008001ada8                _ct_mouse
                0x000000008001ae1e                _ctlmgr
 .text          0x000000008001b52c      0x2fc CMakeFiles/roberts7531.img.dir/aes/gemdisp.c.o
                0x000000008001b52c                _forkq
                0x000000008001b592                _forker
                0x000000008001b6ac                _chkkbd
                0x000000008001b734                _disp
 .text          0x000000008001b828      0x550 CMakeFiles/roberts7531.img.dir/aes/gemevlib.c.o
                0x000000008001b882                _ev_block
                0x000000008001b8aa                _ev_button
                0x000000008001b8e4                _ev_mesag
                0x000000008001b940                _ev_mouse
                0x000000008001b968                _ev_timer
                0x000000008001b98a                _ev_multi
                0x000000008001bd32                _ev_dclick
 .text          0x000000008001bd78      0x140 CMakeFiles/roberts7531.img.dir/aes/gemflag.c.o
                0x000000008001bd78                _tchange
                0x000000008001be08                _tak_flag
                0x000000008001be34                _amutex
                0x000000008001be72                _unsync
 .text          0x000000008001beb8      0x4c4 CMakeFiles/roberts7531.img.dir/aes/gemfmalt.c.o
                0x000000008001bfc6                _fm_alert
 .text          0x000000008001c37c      0x728 CMakeFiles/roberts7531.img.dir/aes/gemfmlib.c.o
                0x000000008001c410                _fm_own
                0x000000008001c4c4                _fm_keybd
                0x000000008001c57e                _fm_button
                0x000000008001c710                _fm_do
                0x000000008001c8ba                _fm_dial
                0x000000008001c93c                _fm_show
                0x000000008001c986                _eralert
                0x000000008001c9fe                _fm_error
 .text          0x000000008001caa4     0x10b8 CMakeFiles/roberts7531.img.dir/aes/gemfslib.c.o
                0x000000008001cd92                _fs_start
                0x000000008001cde0                _fs_input
 .text          0x000000008001db5c     0x107c CMakeFiles/roberts7531.img.dir/aes/gemgraf.c.o
                0x000000008001dca0                _gsx_sclip
                0x000000008001dd18                _gsx_gclip
                0x000000008001dd30                _gsx_chkclip
                0x000000008001dd94                _gsx_pline
                0x000000008001dde8                _gsx_cline
                0x000000008001de24                _gsx_attr
                0x000000008001dece                _gsx_xbox
                0x000000008001dee2                _gsx_xcbox
                0x000000008001e00a                _gsx_blt
                0x000000008001e18e                _bb_screen
                0x000000008001e1be                _gsx_trans
                0x000000008001e23e                _gsx_start
                0x000000008001e460                _bb_fill
                0x000000008001e4fa                _gsx_tblt
                0x000000008001e606                _gr_inside
                0x000000008001e622                _gr_rect
                0x000000008001e6a0                _gr_just
                0x000000008001e776                _gr_gtext
                0x000000008001e7cc                _gr_crack
                0x000000008001e81a                _gr_gicon
                0x000000008001eb30                _gr_box
 .text          0x000000008001ebd8      0x904 CMakeFiles/roberts7531.img.dir/aes/gemgrlib.c.o
                0x000000008001ed5c                _gr_stepcalc
                0x000000008001ee32                _gr_rubwind
                0x000000008001eeca                _gr_rubbox
                0x000000008001eef2                _gr_dragbox
                0x000000008001efc6                _gr_2box
                0x000000008001f078                _gr_movebox
                0x000000008001f176                _gr_growbox
                0x000000008001f1f2                _gr_shrinkbox
                0x000000008001f274                _gr_watchbox
                0x000000008001f326                _gr_slidebox
                0x000000008001f3d2                _gr_mouse
                0x000000008001f4b2                _gr_mkstate
 .text          0x000000008001f4dc      0xa60 CMakeFiles/roberts7531.img.dir/aes/gemgsxif.c.o
                0x000000008001f504                _gsx_malloc
                0x000000008001f602                _gsx_mfree
                0x000000008001f612                _gsx_mret
                0x000000008001f628                _gsx_0code
                0x000000008001f67a                _gsx_1code
                0x000000008001f694                _gsx_wsclose
                0x000000008001f6a0                _gsx_wsclear
                0x000000008001f6ac                _ratinit
                0x000000008001f6c0                _gsx_graphic
                0x000000008001f72c                _gsx_tick
                0x000000008001f750                _gsx_mxmy
                0x000000008001f766                _gsx_kstate
                0x000000008001f778                _gsx_moff
                0x000000008001f7a4                _ratexit
                0x000000008001f7a6                _gsx_mon
                0x000000008001f7c8                _gsx_mfset
                0x000000008001f82e                _gsx_char
                0x000000008001f886                _gsx_setmousexy
                0x000000008001f8cc                _gsx_nplanes
                0x000000008001f8e2                _gsx_textsize
                0x000000008001f916                _gsx_fix_screen
                0x000000008001f964                _gsx_fix
                0x000000008001f9ee                _v_pline
                0x000000008001fa14                _vs_clip
                0x000000008001fa44                _vst_height
                0x000000008001fa8c                _vr_recfl
                0x000000008001fab2                _vro_cpyfm
                0x000000008001fd62                _bb_restore
                0x000000008001fd70                _bb_save
                0x000000008001fd80                _vrt_cpyfm
                0x000000008001fdd0                _vrn_trnfm
                0x000000008001fdea                _vsl_width
                0x000000008001fe0a                _vex_wheelv
                0x000000008001fe28                _gsx_init
 .text          0x000000008001ff3c      0xbd0 CMakeFiles/roberts7531.img.dir/aes/geminit.c.o
                0x000000008001ff86                _size_theglo
                0x000000008001ff8e                _init_p0_stkptr
                0x000000008001ffa0                _default_mform
                0x000000008001ffa8                _set_mouse_to_arrow
                0x000000008001ffb8                _set_mouse_to_hourglass
                0x000000008001ffc8                _all_run
                0x0000000080020000                _wait_for_accs
                0x000000008002004e                _set_aes_background
                0x0000000080020082                _run_accs_and_desktop
                0x000000008002054a                _gem_main
 .text          0x0000000080020b0c      0x8d4 CMakeFiles/roberts7531.img.dir/aes/geminput.c.o
                0x0000000080020b0c                _in_mrect
                0x0000000080020b36                _b_click
                0x0000000080020bb8                _b_delay
                0x0000000080020c40                _set_ctrl
                0x0000000080020c58                _get_ctrl
                0x0000000080020c70                _get_mown
                0x0000000080020c7c                _dq
                0x0000000080020cae                _fq
                0x0000000080020ce0                _evremove
                0x0000000080020e20                _bchange
                0x0000000080020f5e                _set_mown
                0x0000000080020fa4                _post_keybd
                0x0000000080020ff8                _kchange
                0x0000000080021022                _downorup
                0x0000000080021058                _mchange
                0x000000008002114c                _wheel_change
                0x000000008002114e                _akbin
                0x00000000800211b6                _adelay
                0x0000000080021290                _abutton
                0x000000008002130c                _amouse
 .text          0x00000000800213e0      0xc6c CMakeFiles/roberts7531.img.dir/aes/gemmnext.c.o
                0x0000000080021994                _mnext_init
                0x00000000800219d6                _mn_popup
                0x0000000080021d4c                _mn_attach
                0x0000000080021dc6                _mn_istart
                0x0000000080021e4a                _mn_settings
                0x0000000080021ee0                _display_submenu
                0x000000008002200a                _undisplay_submenu
 .text          0x000000008002204c      0x9d0 CMakeFiles/roberts7531.img.dir/aes/gemmnlib.c.o
                0x0000000080022196                _do_chg
                0x0000000080022256                _mn_do
                0x00000000800227c8                _mn_bar
                0x00000000800228b8                _mn_cleanup
                0x0000000080022916                _mn_register
                0x00000000800229c4                _mn_init
                0x00000000800229e4                _mn_getownid
 .text          0x0000000080022a1c      0x8f4 CMakeFiles/roberts7531.img.dir/aes/gemobed.c.o
                0x0000000080022b88                _ob_center
                0x0000000080022c6c                _ins_char
                0x0000000080022d38                _ob_edit
 .text          0x0000000080023310      0x29c CMakeFiles/roberts7531.img.dir/aes/gemobjop.c.o
                0x0000000080023310                _ob_sst
                0x0000000080023418                _everyobj
                0x0000000080023556                _get_par
 .text          0x00000000800235ac     0x111c CMakeFiles/roberts7531.img.dir/aes/gemoblib.c.o
                0x00000000800235ac                _ob_offset
                0x0000000080023624                _ob_relxywh
                0x000000008002365c                _ob_actxywh
                0x000000008002369e                _ob_setxywh
                0x00000000800236d6                _ob_format
                0x00000000800240ee                _ob_draw
                0x00000000800241bc                _ob_find
                0x000000008002432c                _ob_add
                0x00000000800243bc                _ob_delete
                0x0000000080024478                _ob_order
                0x000000008002453e                _ob_change
                0x00000000800246a6                _ob_fs
 .text          0x00000000800246c8      0x250 CMakeFiles/roberts7531.img.dir/aes/gempd.c.o
                0x00000000800246c8                _pd_index
                0x00000000800246fc                _fpdnm
                0x000000008002478e                _p_nameit
                0x00000000800247d0                _p_setappdir
                0x0000000080024812                _pstart
                0x00000000800248e8                _insert_process
 .text          0x0000000080024918      0x1e4 CMakeFiles/roberts7531.img.dir/aes/gemqueue.c.o
                0x0000000080024a2c                _aqueue
 .text          0x0000000080024afc      0xb3c CMakeFiles/roberts7531.img.dir/aes/gemrslib.c.o
                0x0000000080024eb4                _rs_obfix
                0x0000000080024f20                _rs_free
                0x0000000080024ff0                _rs_gaddr
                0x0000000080025022                _rs_saddr
                0x0000000080025056                _rs_fixit
                0x0000000080025120                _rs_load
                0x000000008002561e                _rs_str
                0x0000000080025636                _xlate_obj_array
 .text          0x0000000080025638       0xe0 CMakeFiles/roberts7531.img.dir/aes/gemsclib.c.o
                0x0000000080025638                _sc_read
                0x000000008002564c                _sc_write
                0x0000000080025668                _sc_clear
 .text          0x0000000080025718      0xa00 CMakeFiles/roberts7531.img.dir/aes/gemshlib.c.o
                0x0000000080025816                _sh_read
                0x0000000080025848                _sh_write
                0x0000000080025978                _sh_get
                0x0000000080025994                _sh_put
                0x00000000800259b0                _sh_tographic
                0x00000000800259ec                _sh_name
                0x0000000080025a0e                _sh_envrn
                0x0000000080025a6a                _sh_find
                0x0000000080025c6a                _sh_rdef
                0x0000000080025c8c                _sh_wdef
                0x0000000080025cb0                _aes_run_rom_program
                0x0000000080025ce2                _sh_main
 .text          0x0000000080026118      0xf24 CMakeFiles/roberts7531.img.dir/aes/gemsuper.c.o
                0x0000000080026118                _super
 .text          0x000000008002703c     0x21d8 CMakeFiles/roberts7531.img.dir/aes/gemwmlib.c.o
                0x000000008002721a                _w_getsize
                0x000000008002726a                _w_setactive
                0x00000000800272bc                _w_drawdesk
                0x0000000080027304                _w_bldactive
                0x0000000080027d6e                _ap_sendmsg
                0x0000000080027dc2                _w_update
                0x0000000080027f3a                _wm_init
                0x00000000800281c8                _wm_start
                0x0000000080028200                _wm_create
                0x00000000800282cc                _wm_get
                0x00000000800284e0                _wm_find
                0x0000000080028500                _wm_update
                0x0000000080028552                _wm_calc
                0x0000000080028b26                _wm_set
                0x0000000080028ea2                _wm_close
                0x0000000080028f2a                _wm_delete
                0x000000008002901c                _wm_open
                0x0000000080029112                _wm_new
 .text          0x0000000080029214      0x300 CMakeFiles/roberts7531.img.dir/aes/gemwrect.c.o
                0x000000008002940e                _or_start
                0x0000000080029440                _get_orect
                0x0000000080029452                _newrect
 .text          0x0000000080029514       0x20 CMakeFiles/roberts7531.img.dir/aes/gsx2.c.o
                0x0000000080029514                _gsx2
 .text          0x0000000080029534       0x3c CMakeFiles/roberts7531.img.dir/desk/deskstart.S.o
                0x0000000080029534                _deskstart
 .text          0x0000000080029570     0x1f30 CMakeFiles/roberts7531.img.dir/desk/deskmain.c.o
                0x000000008002a058                _hndl_msg
                0x000000008002a366                _align_title
                0x000000008002a3ba                _install_shortcuts
                0x000000008002a44a                _deskmain
                0x000000008002b436                _shortcut_mapping
 .text          0x000000008002b4a0      0x8cc CMakeFiles/roberts7531.img.dir/desk/gembind.c.o
                0x000000008002b4f6                _appl_init
                0x000000008002b53e                _appl_exit
                0x000000008002b54a                _evnt_button
                0x000000008002b59c                _evnt_timer
                0x000000008002b5b6                _evnt_multi
                0x000000008002b6b6                _evnt_dclick
                0x000000008002b6d0                _menu_bar
                0x000000008002b6ea                _menu_icheck
                0x000000008002b70c                _menu_ienable
                0x000000008002b72e                _menu_tnormal
                0x000000008002b750                _objc_add
                0x000000008002b772                _objc_draw
                0x000000008002b7b4                _objc_find
                0x000000008002b7e6                _objc_offset
                0x000000008002b81c                _objc_order
                0x000000008002b83e                _form_do
                0x000000008002b858                _form_dial
                0x000000008002b8aa                _form_alert
                0x000000008002b8c4                _form_error
                0x000000008002b8d6                _form_center
                0x000000008002b918                _graf_rubbox
                0x000000008002b95e                _graf_growbox_grect
                0x000000008002b9ac                _graf_shrinkbox_grect
                0x000000008002b9fa                _graf_handle
                0x000000008002ba34                _graf_mouse
                0x000000008002ba4e                _graf_mkstate
                0x000000008002ba82                _fsel_exinput
                0x000000008002bab6                _wind_create_grect
                0x000000008002baea                _wind_open_grect
                0x000000008002bb1e                _wind_close
                0x000000008002bb30                _wind_delete
                0x000000008002bb42                _wind_get
                0x000000008002bb8c                _wind_get_grect
                0x000000008002bbb0                _wind_set
                0x000000008002bbec                _wind_set_grect
                0x000000008002bc10                _wind_find
                0x000000008002bc2a                _wind_update
                0x000000008002bc3c                _wind_calc_grect
                0x000000008002bca6                _wind_new
                0x000000008002bcb2                _rsrc_load
                0x000000008002bcc4                _rsrc_free
                0x000000008002bcd0                _rsrc_obfix
                0x000000008002bcea                _shel_write
                0x000000008002bd1c                _shel_get
                0x000000008002bd36                _shel_put
                0x000000008002bd50                _shel_wdef
 .text          0x000000008002bd6c      0xee4 CMakeFiles/roberts7531.img.dir/desk/deskact.c.o
                0x000000008002bfda                _act_chg
                0x000000008002c0b0                _act_allchg
                0x000000008002c28c                _act_bsclick
[...]
                0x0000000000009bc8                _gl_ws
                0x0000000000009c3a                _gl_dst
                0x0000000000009c4e                _gl_src
                0x0000000000009c62                _gl_handle
                0x0000000000009c64                _gl_nplanes
                0x0000000000009c66                _gl_clip
                0x0000000000009c6e                _gl_hbox
                0x0000000000009c70                _gl_wbox
                0x0000000000009c72                _gl_hschar
                0x0000000000009c74                _gl_wschar
                0x0000000000009c76                _gl_hchar
                0x0000000000009c78                _gl_wchar
                0x0000000000009c7a                _gl_height
                0x0000000000009c7c                _gl_width
 .bss           0x0000000000009c94        0x0 CMakeFiles/roberts7531.img.dir/aes/gemgrlib.c.o
 .bss           0x0000000000009c94       0xa0 CMakeFiles/roberts7531.img.dir/aes/gemgsxif.c.o
                0x0000000000009c94                _gl_moff
                0x0000000000009c96                _ptsout
                0x0000000000009cae                _intout
 .bss           0x0000000000009d34     0x3ef8 CMakeFiles/roberts7531.img.dir/aes/geminit.c.o
                0x0000000000009d34                _D
                0x000000000000d996                _curpid
                0x000000000000d998                _wind_spb
                0x000000000000d9a2                _fpcnt
                0x000000000000d9a4                _fph
                0x000000000000d9a6                _fpt
                0x000000000000d9a8                _indisp
                0x000000000000d9aa                _zlr
                0x000000000000d9ae                _dlr
                0x000000000000d9b2                _eul
                0x000000000000d9b6                _nrl
                0x000000000000d9ba                _drl
                0x000000000000d9be                _rlr
                0x000000000000d9c2                _gl_prevmouse
                0x000000000000da0c                _gl_mouse
                0x000000000000da56                _mouse_cursor
                0x000000000000da76                _ad_envrn
                0x000000000000da7a                _num_accs
                0x000000000000da7c                _totpds
 .bss           0x000000000000dc2c       0x38 CMakeFiles/roberts7531.img.dir/aes/geminput.c.o
                0x000000000000dc2c                _gl_bdely
                0x000000000000dc2e                _gl_btrue
                0x000000000000dc30                _gl_bdesired
                0x000000000000dc32                _gl_bclick
                0x000000000000dc34                _ctl_pd
                0x000000000000dc38                _gl_mowner
                0x000000000000dc3c                _pr_mclick
                0x000000000000dc3e                _pr_yrat
                0x000000000000dc40                _pr_xrat
                0x000000000000dc42                _pr_button
                0x000000000000dc44                _mtrans
                0x000000000000dc46                _mclick
                0x000000000000dc48                _kstate
                0x000000000000dc4a                _yrat
                0x000000000000dc4c                _xrat
                0x000000000000dc4e                _button
 .bss           0x000000000000dc64       0x20 CMakeFiles/roberts7531.img.dir/aes/gemmnext.c.o
                0x000000000000dc64                _gl_submenu_hwm
                0x000000000000dc68                _gl_submenu
 .bss           0x000000000000dc84       0x38 CMakeFiles/roberts7531.img.dir/aes/gemmnlib.c.o
                0x000000000000dc84                _gl_dafirst
                0x000000000000dc86                _gl_mnppd
                0x000000000000dc8a                _gl_mntree
 .bss           0x000000000000dcbc       0x20 CMakeFiles/roberts7531.img.dir/aes/gemobed.c.o
 .bss           0x000000000000dcdc        0x0 CMakeFiles/roberts7531.img.dir/aes/gemobjop.c.o
 .bss           0x000000000000dcdc        0x0 CMakeFiles/roberts7531.img.dir/aes/gemoblib.c.o
 .bss           0x000000000000dcdc        0x0 CMakeFiles/roberts7531.img.dir/aes/gempd.c.o
 .bss           0x000000000000dcdc        0x0 CMakeFiles/roberts7531.img.dir/aes/gemqueue.c.o
 .bss           0x000000000000dcdc       0x88 CMakeFiles/roberts7531.img.dir/aes/gemrslib.c.o
 .bss           0x000000000000dd64        0x0 CMakeFiles/roberts7531.img.dir/aes/gemsclib.c.o
 .bss           0x000000000000dd64      0x108 CMakeFiles/roberts7531.img.dir/aes/gemshlib.c.o
                0x000000000000dd64                _gl_nextrez
                0x000000000000dd66                _gl_changerez
                0x000000000000dd68                _ad_stail
 .bss           0x000000000000de6c        0x4 CMakeFiles/roberts7531.img.dir/aes/gemsuper.c.o
 .bss           0x000000000000de70      0x400 CMakeFiles/roberts7531.img.dir/aes/gemwmlib.c.o
                0x000000000000de70                _gl_awind
                0x000000000000de74                _gl_wtop
 .bss           0x000000000000e270       0x18 CMakeFiles/roberts7531.img.dir/aes/gemwrect.c.o
 .bss           0x000000000000e288       0x14 CMakeFiles/roberts7531.img.dir/aes/gsx2.c.o
                0x000000000000e288                _vdipb
 .bss           0x000000000000e29c      0xa00 CMakeFiles/roberts7531.img.dir/desk/deskstart.S.o
 .bss           0x000000000000ec9c       0x68 CMakeFiles/roberts7531.img.dir/desk/deskmain.c.o
                0x000000000000ec9c                _menu_shortcuts
                0x000000000000ecbe                _gl_apid
                0x000000000000ecc0                _gl_pmstr
                0x000000000000ecc4                _gl_amstr
 .bss           0x000000000000ed04       0x80 CMakeFiles/roberts7531.img.dir/desk/gembind.c.o
                0x000000000000ed04                _global
 .bss           0x000000000000ed84        0x0 CMakeFiles/roberts7531.img.dir/desk/deskact.c.o
 .bss           0x000000000000ed84        0x8 CMakeFiles/roberts7531.img.dir/desk/deskapp.c.o
 .bss           0x000000000000ed8c       0x10 CMakeFiles/roberts7531.img.dir/desk/deskdir.c.o
 .bss           0x000000000000ed9c        0x0 CMakeFiles/roberts7531.img.dir/desk/deskfpd.c.o
 .bss           0x000000000000ed9c        0xc CMakeFiles/roberts7531.img.dir/desk/deskfun.c.o
 .bss           0x000000000000eda8      0x34c CMakeFiles/roberts7531.img.dir/desk/deskglob.c.o
                0x000000000000eda8                _G
 .bss           0x000000000000f0f4        0x4 CMakeFiles/roberts7531.img.dir/desk/deskinf.c.o
 .bss           0x000000000000f0f8       0x28 CMakeFiles/roberts7531.img.dir/desk/deskins.c.o
 .bss           0x000000000000f120        0x0 CMakeFiles/roberts7531.img.dir/desk/deskobj.c.o
 .bss           0x000000000000f120        0x0 CMakeFiles/roberts7531.img.dir/desk/deskpro.c.o
 .bss           0x000000000000f120        0x0 CMakeFiles/roberts7531.img.dir/desk/deskrez.c.o
 .bss           0x000000000000f120        0x0 CMakeFiles/roberts7531.img.dir/desk/deskrsrc.c.o
 .bss           0x000000000000f120        0x8 CMakeFiles/roberts7531.img.dir/desk/desksupp.c.o
 .bss           0x000000000000f128        0x0 CMakeFiles/roberts7531.img.dir/desk/deskwin.c.o
 .bss           0x000000000000f128     0x1010 CMakeFiles/roberts7531.img.dir/cli/cmdasm.S.o
                0x000000000000f128                _environment
 .bss           0x0000000000010138      0x260 CMakeFiles/roberts7531.img.dir/cli/cmdmain.c.o
                0x0000000000010138                _redir_handle
                0x000000000001013c                _user_path
                0x00000000000101bc                _dta
                0x00000000000101c0                _nflops_copy
                0x00000000000101c2                _linewrap
                0x00000000000101c4                _requested_res
                0x00000000000101c6                _current_res
                0x00000000000101c8                _screen_rows
                0x00000000000101ca                _screen_cols
                0x00000000000101cc                _idt_value
 .bss           0x0000000000010398       0xb0 CMakeFiles/roberts7531.img.dir/cli/cmdedit.c.o
 .bss           0x0000000000010448        0x4 CMakeFiles/roberts7531.img.dir/cli/cmdexec.c.o
 .bss           0x000000000001044c        0x4 CMakeFiles/roberts7531.img.dir/cli/cmdint.c.o
 .bss           0x0000000000010450        0x0 CMakeFiles/roberts7531.img.dir/cli/cmdparse.c.o
 .bss           0x0000000000010450        0x0 CMakeFiles/roberts7531.img.dir/cli/cmdutil.c.o
 .bss           0x0000000000010450        0x0 CMakeFiles/roberts7531.img.dir/bios/spi_duart.S.o
 .bss           0x0000000000010450        0x0 CMakeFiles/roberts7531.img.dir/roberts7531/util/langs.c.o
 .bss           0x0000000000010450      0x958 CMakeFiles/roberts7531.img.dir/roberts7531/aes/gem_rsc.c.o
                0x0000000000010450                _rs_obj
                0x0000000000010a80                _rs_tedinfo
 .bss           0x0000000000010da8      0x580 CMakeFiles/roberts7531.img.dir/roberts7531/desk/desk_rsc.c.o
                0x0000000000010da8                _desk_rs_trees
                0x0000000000010dec                _desk_rs_obj
                0x0000000000010df0                _desk_rs_tedinfo
 .bss           0x0000000000011328        0x0 CMakeFiles/roberts7531.img.dir/roberts7531/desk/icons.c.o
 .bss           0x0000000000011328        0x0 CMakeFiles/roberts7531.img.dir/roberts7531/aes/mforms.c.o
 .bss           0x0000000000011328        0x0 libfont.a(fnt_st_6x6.c.o)
 .bss           0x0000000000011328        0x0 libfont.a(fnt_st_8x8.c.o)
 .bss           0x0000000000011328        0x0 libfont.a(fnt_st_8x16.c.o)
 .bss           0x0000000000011328        0x0 /usr/lib/gcc/m68k-atari-mint/4.6.4/mshort/libgcc.a(_mulsi3.o)
 .bss           0x0000000000011328        0x0 /usr/lib/gcc/m68k-atari-mint/4.6.4/mshort/libgcc.a(_udivsi3.o)
 .bss           0x0000000000011328        0x0 libroberts7531_endrom.a(endrom.c.o)
                0x0000000000011328                __ebss = .

.laststram      0x0000000000011328        0x0
                0x0000000000011328                __end_os_stram = .

/DISCARD/
 *(.comment)
 *(.debug*)
LOAD CMakeFiles/roberts7531.img.dir/bios/startup.S.o
LOAD CMakeFiles/roberts7531.img.dir/bios/lowstram.c.o
LOAD CMakeFiles/roberts7531.img.dir/bios/memory.S.o
LOAD CMakeFiles/roberts7531.img.dir/bios/processor.S.o
LOAD CMakeFiles/roberts7531.img.dir/bios/vectors.S.o
LOAD CMakeFiles/roberts7531.img.dir/bios/aciavecs.S.o
LOAD CMakeFiles/roberts7531.img.dir/bios/bios.c.o
LOAD CMakeFiles/roberts7531.img.dir/bios/xbios.c.o
LOAD CMakeFiles/roberts7531.img.dir/bios/acsi.c.o
LOAD CMakeFiles/roberts7531.img.dir/bios/biosmem.c.o
LOAD CMakeFiles/roberts7531.img.dir/bios/blkdev.c.o
LOAD CMakeFiles/roberts7531.img.dir/bios/chardev.c.o
LOAD CMakeFiles/roberts7531.img.dir/bios/clock.c.o
LOAD CMakeFiles/roberts7531.img.dir/bios/conout.c.o
LOAD CMakeFiles/roberts7531.img.dir/bios/country.c.o
LOAD CMakeFiles/roberts7531.img.dir/bios/disk.c.o
LOAD CMakeFiles/roberts7531.img.dir/bios/dma.c.o
LOAD CMakeFiles/roberts7531.img.dir/bios/dmasound.c.o
LOAD CMakeFiles/roberts7531.img.dir/bios/floppy.c.o
LOAD CMakeFiles/roberts7531.img.dir/bios/font.c.o
LOAD CMakeFiles/roberts7531.img.dir/bios/ide.c.o
LOAD CMakeFiles/roberts7531.img.dir/bios/ikbd.c.o
LOAD CMakeFiles/roberts7531.img.dir/bios/initinfo.c.o
LOAD CMakeFiles/roberts7531.img.dir/bios/kprint.c.o
LOAD CMakeFiles/roberts7531.img.dir/bios/kprintasm.S.o
LOAD CMakeFiles/roberts7531.img.dir/bios/linea.S.o
LOAD CMakeFiles/roberts7531.img.dir/bios/lineainit.c.o
LOAD CMakeFiles/roberts7531.img.dir/bios/lineavars.S.o
LOAD CMakeFiles/roberts7531.img.dir/bios/machine.c.o
LOAD CMakeFiles/roberts7531.img.dir/bios/mfp.c.o
LOAD CMakeFiles/roberts7531.img.dir/bios/midi.c.o
LOAD CMakeFiles/roberts7531.img.dir/bios/mouse.c.o
LOAD CMakeFiles/roberts7531.img.dir/bios/natfeat.S.o
LOAD CMakeFiles/roberts7531.img.dir/bios/natfeats.c.o
LOAD CMakeFiles/roberts7531.img.dir/bios/nvram.c.o
LOAD CMakeFiles/roberts7531.img.dir/bios/panicasm.S.o
LOAD CMakeFiles/roberts7531.img.dir/bios/parport.c.o
LOAD CMakeFiles/roberts7531.img.dir/bios/screen.c.o
LOAD CMakeFiles/roberts7531.img.dir/bios/serport.c.o
LOAD CMakeFiles/roberts7531.img.dir/bios/sound.c.o
LOAD CMakeFiles/roberts7531.img.dir/bios/videl.c.o
LOAD CMakeFiles/roberts7531.img.dir/bios/vt52.c.o
LOAD CMakeFiles/roberts7531.img.dir/bios/xhdi.c.o
LOAD CMakeFiles/roberts7531.img.dir/bios/pmmu030.c.o
LOAD CMakeFiles/roberts7531.img.dir/bios/68040_pmmu.S.o
LOAD CMakeFiles/roberts7531.img.dir/bios/amiga.c.o
LOAD CMakeFiles/roberts7531.img.dir/bios/amiga2.S.o
LOAD CMakeFiles/roberts7531.img.dir/bios/spi_vamp.c.o
LOAD CMakeFiles/roberts7531.img.dir/bios/lisa.c.o
LOAD CMakeFiles/roberts7531.img.dir/bios/lisa2.S.o
LOAD CMakeFiles/roberts7531.img.dir/bios/delay.c.o
LOAD CMakeFiles/roberts7531.img.dir/bios/delayasm.S.o
LOAD CMakeFiles/roberts7531.img.dir/bios/sd.c.o
LOAD CMakeFiles/roberts7531.img.dir/bios/memory2.c.o
LOAD CMakeFiles/roberts7531.img.dir/bios/bootparams.c.o
LOAD CMakeFiles/roberts7531.img.dir/bios/scsi.c.o
LOAD CMakeFiles/roberts7531.img.dir/bios/nova.c.o
LOAD CMakeFiles/roberts7531.img.dir/bios/dsp.c.o
LOAD CMakeFiles/roberts7531.img.dir/bios/dsp2.S.o
LOAD CMakeFiles/roberts7531.img.dir/bios/scsidriv.c.o
LOAD CMakeFiles/roberts7531.img.dir/bios/machine_r7531.c.o
LOAD CMakeFiles/roberts7531.img.dir/bdos/bdosmain.c.o
LOAD CMakeFiles/roberts7531.img.dir/bdos/console.c.o
LOAD CMakeFiles/roberts7531.img.dir/bdos/fsbuf.c.o
LOAD CMakeFiles/roberts7531.img.dir/bdos/fsdir.c.o
LOAD CMakeFiles/roberts7531.img.dir/bdos/fsdrive.c.o
LOAD CMakeFiles/roberts7531.img.dir/bdos/fsfat.c.o
LOAD CMakeFiles/roberts7531.img.dir/bdos/fsglob.c.o
LOAD CMakeFiles/roberts7531.img.dir/bdos/fshand.c.o
LOAD CMakeFiles/roberts7531.img.dir/bdos/fsio.c.o
LOAD CMakeFiles/roberts7531.img.dir/bdos/fsmain.c.o
LOAD CMakeFiles/roberts7531.img.dir/bdos/fsopnclo.c.o
LOAD CMakeFiles/roberts7531.img.dir/bdos/iumem.c.o
LOAD CMakeFiles/roberts7531.img.dir/bdos/kpgmld.c.o
LOAD CMakeFiles/roberts7531.img.dir/bdos/osmem.c.o
LOAD CMakeFiles/roberts7531.img.dir/bdos/proc.c.o
LOAD CMakeFiles/roberts7531.img.dir/bdos/rwa.S.o
LOAD CMakeFiles/roberts7531.img.dir/bdos/time.c.o
LOAD CMakeFiles/roberts7531.img.dir/bdos/umem.c.o
LOAD CMakeFiles/roberts7531.img.dir/util/cookie.c.o
LOAD CMakeFiles/roberts7531.img.dir/util/doprintf.c.o
LOAD CMakeFiles/roberts7531.img.dir/util/intmath.c.o
LOAD CMakeFiles/roberts7531.img.dir/util/memmove.S.o
LOAD CMakeFiles/roberts7531.img.dir/util/memset.S.o
LOAD CMakeFiles/roberts7531.img.dir/util/miscasm.S.o
LOAD CMakeFiles/roberts7531.img.dir/util/nls.c.o
LOAD CMakeFiles/roberts7531.img.dir/util/nlsasm.S.o
LOAD CMakeFiles/roberts7531.img.dir/util/setjmp.S.o
LOAD CMakeFiles/roberts7531.img.dir/util/string.c.o
LOAD CMakeFiles/roberts7531.img.dir/util/lisautil.S.o
LOAD CMakeFiles/roberts7531.img.dir/util/miscutil.c.o
LOAD CMakeFiles/roberts7531.img.dir/bios/fnt_off_6x6.c.o
LOAD CMakeFiles/roberts7531.img.dir/bios/fnt_off_8x8.c.o
LOAD CMakeFiles/roberts7531.img.dir/vdi/vdi_asm.S.o
LOAD CMakeFiles/roberts7531.img.dir/vdi/vdi_bezier.c.o
LOAD CMakeFiles/roberts7531.img.dir/vdi/vdi_col.c.o
LOAD CMakeFiles/roberts7531.img.dir/vdi/vdi_control.c.o
LOAD CMakeFiles/roberts7531.img.dir/vdi/vdi_esc.c.o
LOAD CMakeFiles/roberts7531.img.dir/vdi/vdi_fill.c.o
LOAD CMakeFiles/roberts7531.img.dir/vdi/vdi_gdp.c.o
LOAD CMakeFiles/roberts7531.img.dir/vdi/vdi_input.c.o
LOAD CMakeFiles/roberts7531.img.dir/vdi/vdi_line.c.o
LOAD CMakeFiles/roberts7531.img.dir/vdi/vdi_main.c.o
LOAD CMakeFiles/roberts7531.img.dir/vdi/vdi_marker.c.o
LOAD CMakeFiles/roberts7531.img.dir/vdi/vdi_misc.c.o
LOAD CMakeFiles/roberts7531.img.dir/vdi/vdi_mouse.c.o
LOAD CMakeFiles/roberts7531.img.dir/vdi/vdi_raster.c.o
LOAD CMakeFiles/roberts7531.img.dir/vdi/vdi_text.c.o
LOAD CMakeFiles/roberts7531.img.dir/vdi/vdi_textblit.c.o
LOAD CMakeFiles/roberts7531.img.dir/vdi/vdi_blit.S.o
LOAD CMakeFiles/roberts7531.img.dir/vdi/vdi_tblit.S.o
LOAD CMakeFiles/roberts7531.img.dir/vdi/endvdi.S.o
LOAD CMakeFiles/roberts7531.img.dir/version.c.o
LOAD CMakeFiles/roberts7531.img.dir/util/gemdos.c.o
LOAD CMakeFiles/roberts7531.img.dir/util/optimize.c.o
LOAD CMakeFiles/roberts7531.img.dir/util/optimopt.S.o
LOAD CMakeFiles/roberts7531.img.dir/util/rectfunc.c.o
LOAD CMakeFiles/roberts7531.img.dir/util/stringasm.S.o
LOAD CMakeFiles/roberts7531.img.dir/aes/gemasm.S.o
LOAD CMakeFiles/roberts7531.img.dir/aes/gemstart.S.o
LOAD CMakeFiles/roberts7531.img.dir/aes/gemdosif.S.o
LOAD CMakeFiles/roberts7531.img.dir/aes/gemaplib.c.o
LOAD CMakeFiles/roberts7531.img.dir/aes/gemasync.c.o
LOAD CMakeFiles/roberts7531.img.dir/aes/gemctrl.c.o
LOAD CMakeFiles/roberts7531.img.dir/aes/gemdisp.c.o
LOAD CMakeFiles/roberts7531.img.dir/aes/gemevlib.c.o
LOAD CMakeFiles/roberts7531.img.dir/aes/gemflag.c.o
LOAD CMakeFiles/roberts7531.img.dir/aes/gemfmalt.c.o
LOAD CMakeFiles/roberts7531.img.dir/aes/gemfmlib.c.o
LOAD CMakeFiles/roberts7531.img.dir/aes/gemfslib.c.o
LOAD CMakeFiles/roberts7531.img.dir/aes/gemgraf.c.o
LOAD CMakeFiles/roberts7531.img.dir/aes/gemgrlib.c.o
LOAD CMakeFiles/roberts7531.img.dir/aes/gemgsxif.c.o
LOAD CMakeFiles/roberts7531.img.dir/aes/geminit.c.o
LOAD CMakeFiles/roberts7531.img.dir/aes/geminput.c.o
LOAD CMakeFiles/roberts7531.img.dir/aes/gemmnext.c.o
LOAD CMakeFiles/roberts7531.img.dir/aes/gemmnlib.c.o
LOAD CMakeFiles/roberts7531.img.dir/aes/gemobed.c.o
LOAD CMakeFiles/roberts7531.img.dir/aes/gemobjop.c.o
LOAD CMakeFiles/roberts7531.img.dir/aes/gemoblib.c.o
LOAD CMakeFiles/roberts7531.img.dir/aes/gempd.c.o
LOAD CMakeFiles/roberts7531.img.dir/aes/gemqueue.c.o
LOAD CMakeFiles/roberts7531.img.dir/aes/gemrslib.c.o
LOAD CMakeFiles/roberts7531.img.dir/aes/gemsclib.c.o
LOAD CMakeFiles/roberts7531.img.dir/aes/gemshlib.c.o
LOAD CMakeFiles/roberts7531.img.dir/aes/gemsuper.c.o
LOAD CMakeFiles/roberts7531.img.dir/aes/gemwmlib.c.o
LOAD CMakeFiles/roberts7531.img.dir/aes/gemwrect.c.o
LOAD CMakeFiles/roberts7531.img.dir/aes/gsx2.c.o
LOAD CMakeFiles/roberts7531.img.dir/desk/deskstart.S.o
LOAD CMakeFiles/roberts7531.img.dir/desk/deskmain.c.o
LOAD CMakeFiles/roberts7531.img.dir/desk/gembind.c.o
LOAD CMakeFiles/roberts7531.img.dir/desk/deskact.c.o
LOAD CMakeFiles/roberts7531.img.dir/desk/deskapp.c.o
LOAD CMakeFiles/roberts7531.img.dir/desk/deskdir.c.o
LOAD CMakeFiles/roberts7531.img.dir/desk/deskfpd.c.o
LOAD CMakeFiles/roberts7531.img.dir/desk/deskfun.c.o
LOAD CMakeFiles/roberts7531.img.dir/desk/deskglob.c.o
LOAD CMakeFiles/roberts7531.img.dir/desk/deskinf.c.o
LOAD CMakeFiles/roberts7531.img.dir/desk/deskins.c.o
LOAD CMakeFiles/roberts7531.img.dir/desk/deskobj.c.o
LOAD CMakeFiles/roberts7531.img.dir/desk/deskpro.c.o
LOAD CMakeFiles/roberts7531.img.dir/desk/deskrez.c.o
LOAD CMakeFiles/roberts7531.img.dir/desk/deskrsrc.c.o
LOAD CMakeFiles/roberts7531.img.dir/desk/desksupp.c.o
LOAD CMakeFiles/roberts7531.img.dir/desk/deskwin.c.o
LOAD CMakeFiles/roberts7531.img.dir/cli/cmdasm.S.o
LOAD CMakeFiles/roberts7531.img.dir/cli/cmdmain.c.o
LOAD CMakeFiles/roberts7531.img.dir/cli/cmdedit.c.o
LOAD CMakeFiles/roberts7531.img.dir/cli/cmdexec.c.o
LOAD CMakeFiles/roberts7531.img.dir/cli/cmdint.c.o
LOAD CMakeFiles/roberts7531.img.dir/cli/cmdparse.c.o
LOAD CMakeFiles/roberts7531.img.dir/cli/cmdutil.c.o
LOAD CMakeFiles/roberts7531.img.dir/bios/spi_duart.S.o
LOAD CMakeFiles/roberts7531.img.dir/roberts7531/util/langs.c.o
LOAD CMakeFiles/roberts7531.img.dir/roberts7531/aes/gem_rsc.c.o
LOAD CMakeFiles/roberts7531.img.dir/roberts7531/desk/desk_rsc.c.o
LOAD CMakeFiles/roberts7531.img.dir/roberts7531/desk/icons.c.o
LOAD CMakeFiles/roberts7531.img.dir/roberts7531/aes/mforms.c.o
LOAD libfont.a
LOAD /usr/lib/gcc/m68k-atari-mint/4.6.4/mshort/libgcc.a
LOAD libroberts7531_endrom.a
OUTPUT(roberts7531.img binary)
