Archive member included to satisfy reference by file (symbol)

libfont.a(fnt_st_6x6.c.o)     CMakeFiles/roberts7531.img.dir/bios/country.c.o (_fnt_st_6x6)
libfont.a(fnt_st_8x8.c.o)     CMakeFiles/roberts7531.img.dir/bios/country.c.o (_fnt_st_8x8)
libfont.a(fnt_st_8x16.c.o)    CMakeFiles/roberts7531.img.dir/bios/country.c.o (_fnt_st_8x16)
/usr/lib/gcc/m68k-atari-mint/4.6.4/mshort/libgcc.a(_mulsi3.o)
                              CMakeFiles/roberts7531.img.dir/bios/xbios.c.o (___mulsi3)
/usr/lib/gcc/m68k-atari-mint/4.6.4/mshort/libgcc.a(_udivsi3.o)
                              CMakeFiles/roberts7531.img.dir/bios/blkdev.c.o (___udivsi3)
libroberts7531_endrom.a(endrom.c.o)
                              CMakeFiles/roberts7531.img.dir/bios/startup.S.o (_ui_mupb)

Memory Configuration

Name             Origin             Length             Attributes
stram            0x0000000000000000 0x0000000000400000
rom              0x0000000080000000 0x0000000000100000
*default*        0x0000000000000000 0xffffffffffffffff

Linker script and memory map


.first_stram    0x0000000000000000      0x800
                0x0000000000000380                _proc_lives = 0x380
                0x0000000000000384                _proc_dregs = 0x384
                0x00000000000003a4                _proc_aregs = 0x3a4
                0x00000000000003c4                _proc_enum = 0x3c4
                0x00000000000003c8                _proc_usp = 0x3c8
                0x00000000000003cc                _proc_stk = 0x3cc
                0x0000000000000400                sysvars_start = 0x400
                0x0000000000000400                _etv_timer = 0x400
                0x0000000000000404                _etv_critic = 0x404
                0x0000000000000408                _etv_term = 0x408
                0x000000000000040c                _etv_xtra = 0x40c
                0x0000000000000420                _memvalid = 0x420
                0x0000000000000420                memvalid = _memvalid
                0x0000000000000424                memctrl = 0x424
                0x0000000000000426                resvalid = 0x426
                0x000000000000042a                resvector = 0x42a
                0x000000000000042e                _phystop = 0x42e
                0x0000000000000432                _membot = 0x432
                0x0000000000000436                _memtop = 0x436
                0x000000000000043a                _memval2 = 0x43a
                0x000000000000043a                memval2 = _memval2
                0x000000000000043e                _flock = 0x43e
                0x0000000000000440                _seekrate = 0x440
                0x0000000000000442                _timer_ms = 0x442
                0x0000000000000444                _fverify = 0x444
                0x0000000000000446                _bootdev = 0x446
                0x0000000000000448                _palmode = 0x448
                0x000000000000044a                _defshiftmod = 0x44a
                0x000000000000044c                _sshiftmod = 0x44c
                0x000000000000044e                _v_bas_ad = 0x44e
                0x0000000000000452                _vblsem = 0x452
                0x0000000000000454                _nvbls = 0x454
                0x0000000000000456                _vblqueue = 0x456
                0x000000000000045a                _colorptr = 0x45a
                0x000000000000045e                _screenpt = 0x45e
                0x0000000000000462                _vbclock = 0x462
                0x0000000000000466                _frclock = 0x466
                0x000000000000046a                _hdv_init = 0x46a
                0x000000000000046e                _swv_vec = 0x46e
                0x0000000000000472                _hdv_bpb = 0x472
                0x0000000000000476                _hdv_rw = 0x476
                0x000000000000047a                _hdv_boot = 0x47a
                0x000000000000047e                _hdv_mediach = 0x47e
                0x0000000000000482                _cmdload = 0x482
                0x0000000000000484                _conterm = 0x484
                0x0000000000000486                trp14ret = 0x486
                0x000000000000048a                criticret = 0x48a
                0x000000000000048e                _themd = 0x48e
                0x000000000000049e                ____md = 0x49e
                0x00000000000004a2                _savptr = 0x4a2
                0x00000000000004a6                _nflops = 0x4a6
                0x00000000000004a8                _con_state = 0x4a8
                0x00000000000004ac                _save_row = 0x4ac
                0x00000000000004ae                sav_context = 0x4ae
                0x00000000000004b2                _bufl = 0x4b2
                0x00000000000004ba                _hz_200 = 0x4ba
                0x00000000000004be                the_env = 0x4be
                0x00000000000004c2                _drvbits = 0x4c2
                0x00000000000004c6                _dskbufp = 0x4c6
                0x00000000000004ca                _autopath = 0x4ca
                0x00000000000004ce                _vbl_list = 0x4ce
                0x00000000000004ee                _dumpflg = 0x4ee
                0x00000000000004f0                _prtabt = 0x4f0
                0x00000000000004f2                _sysbase = 0x4f2
                0x00000000000004f6                _shell_p = 0x4f6
                0x00000000000004fa                _end_os = 0x4fa
                0x00000000000004fe                _exec_os = 0x4fe
                0x0000000000000502                _dump_vec = 0x502
                0x0000000000000506                _prt_stat = 0x506
                0x000000000000050a                _prt_vec = 0x50a
                0x000000000000050e                _aux_stat = 0x50e
                0x0000000000000512                _aux_vec = 0x512
                0x0000000000000516                _pun_ptr = 0x516
                0x000000000000051a                _memval3 = 0x51a
                0x000000000000051a                memval3 = _memval3
                0x000000000000051e                _bconstat_vec = 0x51e
                0x000000000000053e                _bconin_vec = 0x53e
                0x000000000000055e                _bcostat_vec = 0x55e
                0x000000000000057e                _bconout_vec = 0x57e
                0x000000000000059e                _longframe = 0x59e
                0x00000000000005a0                _p_cookies = 0x5a0
                0x00000000000005a4                _ramtop = 0x5a4
                0x00000000000005a8                _ramvalid = 0x5a8
                0x00000000000005ac                _bell_hook = 0x5ac
                0x00000000000005b0                _kcl_hook = 0x5b0
                0x0000000000000700                _pmmutree = 0x700
                0x0000000000000001                ASSERT (((ABSOLUTE (_pmmutree) & 0xf) == 0x0), error: bad _pmmutree alignment)
                0x0000000000000800                . = 0x800
 *fill*         0x0000000000000000      0x800 
                0x0000000000000800                sysvars_end = .

.stack          0x0000000000000800      0x800
                0x0000000000000800                _stkbot = .
                0x0000000000001000                . = (. + 0x800)
 *fill*         0x0000000000000800      0x800 
                0x0000000000001000                _stktop = .

.low_stram      0x0000000000001000     0x1140
                0x0000000000001000                __low_stram_start = .
 CMakeFiles/roberts7531.img.dir/bios/lowstram.c.o(.bss COMMON)
 .bss           0x0000000000001000      0xd38 CMakeFiles/roberts7531.img.dir/bios/lowstram.c.o
                0x0000000000001000                _shifty
                0x0000000000001001                _dskbuf_alignment
                0x0000000000001004                _dskbuf
                0x0000000000001c04                _phys_work
 CMakeFiles/roberts7531.img.dir/bios/lineavars.S.o(.bss COMMON)
 .bss           0x0000000000001d38      0x408 CMakeFiles/roberts7531.img.dir/bios/lineavars.S.o
                0x0000000000001d3c                _CUR_FONT
                0x0000000000001d6e                _m_pos_hx
                0x0000000000001d6e                _mouse_cdb
                0x0000000000001d70                _m_pos_hy
                0x0000000000001d74                _m_cdb_bg
                0x0000000000001d76                _m_cdb_fg
                0x0000000000001d78                _mask_form
                0x0000000000001db8                _INQ_TAB
                0x0000000000001e12                _DEV_TAB
                0x0000000000001e6c                _GCURX
                0x0000000000001e6c                _mdata
                0x0000000000001e6e                _GCURY
                0x0000000000001e70                _HIDE_CNT
                0x0000000000001e72                _MOUSE_BT
                0x0000000000001e74                _REQ_COL
                0x0000000000001ed4                _SIZ_TAB
                0x0000000000001ef2                _TERM_CH
                0x0000000000001ef4                _chc_mode
                0x0000000000001ef6                _CUR_WORK
                0x0000000000001efa                _def_font
                0x0000000000001efe                _font_ring
                0x0000000000001f0e                _font_count
                0x0000000000001f10                _line_cw
                0x0000000000001f12                _loc_mode
                0x0000000000001f64                _num_qc_lines
                0x0000000000001f66                _str_mode
                0x0000000000001f68                _val_mode
                0x0000000000001f6a                _cur_ms_stat
                0x0000000000001f6c                _disab_cnt
                0x0000000000001f6e                _newx
                0x0000000000001f70                _newy
                0x0000000000001f72                _draw_flag
                0x0000000000001f73                _mouse_flag
                0x0000000000001f74                _sav_cur_x
                0x0000000000001f76                _sav_cur_y
                0x0000000000001f78                retsav
                0x0000000000001f7c                _mouse_cursor_save
                0x0000000000002084                _tim_addr
                0x0000000000002088                _tim_chain
                0x000000000000208c                _user_but
                0x0000000000002090                _user_cur
                0x0000000000002094                _user_mot
                0x0000000000002098                _v_cel_ht
                0x000000000000209a                _v_cel_mx
                0x000000000000209c                _v_cel_my
                0x000000000000209e                _v_cel_wr
                0x00000000000020a0                _v_col_bg
                0x00000000000020a2                _v_col_fg
                0x00000000000020a4                _v_cur_ad
                0x00000000000020a8                _v_cur_of
                0x00000000000020aa                _v_cur_cx
                0x00000000000020ac                _v_cur_cy
                0x00000000000020ae                _v_period
                0x00000000000020af                _v_cur_tim
                0x00000000000020b0                _v_fnt_ad
                0x00000000000020b4                _v_fnt_nd
                0x00000000000020b6                _v_fnt_st
                0x00000000000020b8                _v_fnt_wr
                0x00000000000020ba                _V_REZ_HZ
                0x00000000000020bc                _v_off_ad
                0x00000000000020c0                _v_stat_0
                0x00000000000020c2                _V_REZ_VT
                0x00000000000020c4                _BYTES_LIN
                0x00000000000020c6                _v_planes
                0x00000000000020c6                line_a_vars
                0x00000000000020c8                _v_lin_wr
                0x00000000000020ca                _CONTRL
                0x00000000000020ca                _local_pb
                0x00000000000020ce                _INTIN
                0x00000000000020d2                _PTSIN
                0x00000000000020d6                _INTOUT
                0x00000000000020da                _PTSOUT
                0x00000000000020de                _COLBIT0
                0x00000000000020e0                _COLBIT1
                0x00000000000020e2                _COLBIT2
                0x00000000000020e4                _COLBIT3
                0x00000000000020e6                _LSTLIN
                0x00000000000020e8                _LN_MASK
                0x00000000000020ea                _WRT_MODE
                0x00000000000020ec                _X1
                0x00000000000020ee                _Y1
                0x00000000000020f0                _X2
                0x00000000000020f2                _Y2
                0x00000000000020f4                _PATPTR
                0x00000000000020f8                _PATMSK
                0x00000000000020fa                _MFILL
                0x00000000000020fc                _CLIP
                0x00000000000020fe                _XMINCL
                0x0000000000002100                _YMINCL
                0x0000000000002102                _XMAXCL
                0x0000000000002104                _YMAXCL
                0x0000000000002106                _XDDA
                0x0000000000002108                _DDAINC
                0x000000000000210a                _SCALDIR
                0x000000000000210c                _MONO
                0x000000000000210e                _SOURCEX
                0x0000000000002110                _SOURCEY
                0x0000000000002112                _DESTX
                0x0000000000002114                _DESTY
                0x0000000000002116                _DELX
                0x0000000000002118                _DELY
                0x000000000000211a                _FBASE
                0x000000000000211e                _FWIDTH
                0x0000000000002120                _STYLE
                0x0000000000002122                _LITEMASK
                0x0000000000002124                _SKEWMASK
                0x0000000000002126                _WEIGHT
                0x0000000000002128                _ROFF
                0x000000000000212a                _LOFF
                0x000000000000212c                _SCALE
                0x000000000000212e                _CHUP
                0x0000000000002130                _TEXTFG
                0x0000000000002132                _SCRTCHP
                0x0000000000002136                _SCRPT2
                0x000000000000213a                _COPYTRAN
                0x000000000000213c                _SEEDABORT
                0x0000000000002140                __low_stram_end = .
                0x0000000000000001                ASSERT ((ABSOLUTE (_shifty) < 0x8000), error: bad _shifty address)
                0x0000000000000001                ASSERT (((ABSOLUTE (_dskbuf) & 0x3) == 0x0), error: bad _dskbuf alignment)
                0x0000000000000001                ASSERT ((ABSOLUTE (__low_stram_end) <= 0x8000), error: .low_stram section extends beyond 32k)

.text           0x0000000080000000    0x42534
 CREATE_OBJECT_SYMBOLS
                0x0000000080000000                __text = .
 *(.text)
 .text          0x0000000080000000        0x0 CMakeFiles/roberts7531.img.dir/bios/lowstram.c.o
 .text          0x0000000080000000        0x0 CMakeFiles/roberts7531.img.dir/bios/lineavars.S.o
 .text          0x0000000080000000      0x14c CMakeFiles/roberts7531.img.dir/bios/startup.S.o
                0x0000000080000000                _os_header
                0x0000000080000030                _main
                0x000000008000004c                _osxhbootdelay
                0x0000000080000140                memdone
 .text          0x000000008000014c      0x104 CMakeFiles/roberts7531.img.dir/bios/memory.S.o
                0x000000008000014c                meminit
                0x00000000800001f4                _detect_32bit_address_bus
 .text          0x0000000080000250      0x2b0 CMakeFiles/roberts7531.img.dir/bios/processor.S.o
                0x00000000800003a0                _processor_init
                0x0000000080000476                _invalidate_instruction_cache
                0x0000000080000476                _instruction_cache_kludge
                0x00000000800004b4                _flush_data_cache
                0x00000000800004b6                _invalidate_data_cache
 .text          0x0000000080000500      0x5dc CMakeFiles/roberts7531.img.dir/bios/vectors.S.o
                0x0000000080000500                _init_exc_vec
                0x0000000080000518                _init_user_vec
                0x0000000080000612                _int_vbl
                0x000000008000066a                _int_timerc
                0x0000000080000692                _duart_interrupt
                0x000000008000071e                _call_etv_critic
                0x0000000080000738                _default_etv_critic
                0x0000000080000740                _int_illegal
                0x0000000080000766                _int_priv
                0x00000000800007c8                _int_unimpint
                0x00000000800009e4                _biostrap
                0x00000000800009f2                _xbiostrap
                0x0000000080000a4c                _just_rte
                0x0000000080000a4e                _xbios_unimpl
                0x0000000080000a5a                _supexec
                0x0000000080000a60                _check_read_byte
                0x0000000080000ac6                _keyclick
 .text          0x0000000080000adc      0x1bc CMakeFiles/roberts7531.img.dir/bios/aciavecs.S.o
                0x0000000080000adc                _init_acia_vecs
                0x0000000080000b94                ikbdraw
                0x0000000080000c82                _call_mousevec
 .text          0x0000000080000c98      0xb90 CMakeFiles/roberts7531.img.dir/bios/bios.c.o
                0x0000000080000c98                _setexc
                0x0000000080000cb4                _tickcal
                0x0000000080000cb8                _drvmap
                0x0000000080000cbe                _mediach
                0x0000000080000cd2                _getbpb
                0x0000000080000ce6                _lrwabs
                0x0000000080000db4                _bcostat
                0x0000000080000e18                _bconin
                0x0000000080000e7c                _bconstat
                0x0000000080000ee0                _bconout
                0x0000000080001244                _biosmain
                0x00000000800017aa                _bconout_str
                0x00000000800017d6                _is_text_pointer
                0x00000000800017f4                _bios_ent
                0x00000000800017f6                _bios_vecs
 .text          0x0000000080001828      0x19c CMakeFiles/roberts7531.img.dir/bios/xbios.c.o
                0x00000000800018b6                _xbios_do_unimpl
                0x00000000800018be                _xbios_ent
                0x00000000800018c0                _xbios_vecs
 .text          0x00000000800019c4        0x0 CMakeFiles/roberts7531.img.dir/bios/acsi.c.o
 .text          0x00000000800019c4       0xc8 CMakeFiles/roberts7531.img.dir/bios/biosmem.c.o
                0x00000000800019c4                _bmem_init
                0x0000000080001a0a                _balloc_stram
                0x0000000080001a56                _getmpb
 .text          0x0000000080001a8c      0xbd8 CMakeFiles/roberts7531.img.dir/bios/blkdev.c.o
                0x0000000080001fc2                _blkdev_getbpb
                0x00000000800023a8                _compute_cksum
                0x00000000800023be                _blkdev_init
                0x00000000800024fe                _blkdev_boot
                0x0000000080002532                _add_partition
                0x0000000080002628                _get_shift
                0x000000008000264a                _blkdev_drvmap
                0x0000000080002652                _blkdev_avail
 .text          0x0000000080002664      0x150 CMakeFiles/roberts7531.img.dir/bios/chardev.c.o
                0x0000000080002664                _char_dummy
                0x0000000080002668                _charout_dummy
                0x000000008000266c                _bcostat2
                0x000000008000267a                _bconout5
                0x00000000800026a0                _bconout2
                0x00000000800026b0                _chardev_init
 .text          0x00000000800027b4       0x28 CMakeFiles/roberts7531.img.dir/bios/clock.c.o
                0x00000000800027b4                _clock_init
                0x00000000800027b6                _settime
                0x00000000800027cc                _gettime
 .text          0x00000000800027dc       0xc0 CMakeFiles/roberts7531.img.dir/bios/conout.c.o
                0x00000000800027dc                _setBlink
                0x00000000800027de                _setInvert
                0x00000000800027e0                _setFg
                0x00000000800027e2                _setBg
                0x00000000800027e4                _invert_cell
                0x00000000800027e6                _move_cursor
                0x0000000080002834                _ascii_out
                0x0000000080002896                _blank_out
                0x0000000080002898                _scroll_up
                0x000000008000289a                _scroll_down
 .text          0x000000008000289c      0x204 CMakeFiles/roberts7531.img.dir/bios/country.c.o
                0x000000008000289c                _detect_akp
                0x00000000800028cc                _detect_idt
                0x00000000800028d6                _get_keytbl
                0x00000000800028de                _get_fonts
 .text          0x0000000080002aa0      0xd94 CMakeFiles/roberts7531.img.dir/bios/disk.c.o
                0x0000000080002b9e                _byteswap
                0x0000000080002bb8                _disk_inquire
                0x0000000080002bbc                _disk_get_capacity
                0x0000000080002c40                _disk_rw
                0x00000000800035fa                _disk_rescan
                0x0000000080003652                _disk_mediach
                0x00000000800036d2                _disk_init_all
                0x0000000080003786                _DMAread
                0x00000000800037e4                _DMAwrite
 .text          0x0000000080003834       0x14 CMakeFiles/roberts7531.img.dir/bios/dma.c.o
                0x0000000080003834                _set_dma_addr
 .text          0x0000000080003848        0x0 CMakeFiles/roberts7531.img.dir/bios/dmasound.c.o
 .text          0x0000000080003848      0x5fc CMakeFiles/roberts7531.img.dir/bios/floppy.c.o
                0x0000000080003848                _flop_hdv_init
                0x0000000080003870                _flop_boot_read
                0x0000000080003874                _flop_checksum
                0x00000000800038b2                _flop_mediach
                0x00000000800038fa                _floppy_rw
                0x00000000800038fe                _protobt
                0x0000000080003a2a                _floprd
                0x0000000080003a2e                _flopwr
                0x0000000080003a32                _flopver
                0x0000000080003a62                _flopfmt
                0x0000000080003d42                _floprate
 .text          0x0000000080003e44      0x118 CMakeFiles/roberts7531.img.dir/bios/font.c.o
                0x0000000080003e44                _font_init
                0x0000000080003ed4                _font_set_default
 .text          0x0000000080003f5c      0xb80 CMakeFiles/roberts7531.img.dir/bios/ide.c.o
                0x000000008000440c                _detect_ide
                0x000000008000443c                _ide_init
                0x00000000800046bc                _ide_rw
                0x0000000080004a4c                _ide_ioctl
 .text          0x0000000080004adc      0xe40 CMakeFiles/roberts7531.img.dir/bios/ikbd.c.o
                0x00000000800050c8                _keytbl
                0x0000000080005104                _bioskeys
                0x000000008000513e                _kbshift
                0x0000000080005158                _push_ascii_ikbdiorec
                0x000000008000519a                _bconstat2
                0x00000000800051d2                _bconin2
                0x0000000080005254                _kbrate
                0x0000000080005296                _kb_timerc_int
                0x00000000800053ae                _kbd_int
                0x00000000800057b2                _ikbd_int
                0x0000000080005842                _bcostat4
                0x0000000080005846                _bconout4
                0x000000008000585a                _ikbdws
                0x0000000080005886                _ikbd_writeb
                0x0000000080005896                _ikbd_writew
                0x00000000800058ba                _kbd_init
 .text          0x000000008000591c      0x724 CMakeFiles/roberts7531.img.dir/bios/initinfo.c.o
                0x0000000080005abc                _gpuWriteReg
                0x0000000080005bd0                _initinfo
                0x0000000080005f7a                _display_startup_msg
 .text          0x0000000080006040      0xa54 CMakeFiles/roberts7531.img.dir/bios/kprint.c.o
                0x000000008000610a                _debugOut2
                0x0000000080006194                _cprintf
                0x00000000800061b2                _kprintf
                0x00000000800061d8                _kcprintf
                0x00000000800063e6                _dopanic
 .text          0x0000000080006a94        0x0 CMakeFiles/roberts7531.img.dir/bios/kprintasm.S.o
 .text          0x0000000080006a94       0xc4 CMakeFiles/roberts7531.img.dir/bios/linea.S.o
                0x0000000080006a94                _int_linea
 .text          0x0000000080006b58       0x84 CMakeFiles/roberts7531.img.dir/bios/lineainit.c.o
                0x0000000080006b58                _set_screen_shift
                0x0000000080006b84                _linea_init
 .text          0x0000000080006bdc      0x344 CMakeFiles/roberts7531.img.dir/bios/machine.c.o
                0x0000000080006c18                _machine_detect
                0x0000000080006ca8                _machine_init
                0x0000000080006d36                _fill_cookie_jar
                0x0000000080006e9e                _machine_name
 .text          0x0000000080006f20       0x18 CMakeFiles/roberts7531.img.dir/bios/mfp.c.o
                0x0000000080006f20                _init_system_timer
 .text          0x0000000080006f38       0x34 CMakeFiles/roberts7531.img.dir/bios/midi.c.o
                0x0000000080006f38                _bconstat3
                0x0000000080006f4e                _bconin3
                0x0000000080006f62                _bcostat3
                0x0000000080006f66                _bconout3
                0x0000000080006f68                _midiws
                0x0000000080006f6a                _midi_init
 .text          0x0000000080006f6c      0x178 CMakeFiles/roberts7531.img.dir/bios/mouse.c.o
                0x0000000080006f6c                _Initmous
 .text          0x00000000800070e4       0x1c CMakeFiles/roberts7531.img.dir/bios/natfeat.S.o
                0x00000000800070e8                _xhdi_vec
 .text          0x0000000080007100        0x0 CMakeFiles/roberts7531.img.dir/bios/natfeats.c.o
 .text          0x0000000080007100        0x0 CMakeFiles/roberts7531.img.dir/bios/nvram.c.o
 .text          0x0000000080007100       0x5c CMakeFiles/roberts7531.img.dir/bios/panicasm.S.o
                0x0000000080007100                _panic
                0x000000008000712c                _halt
                0x0000000080007132                _kill_program
                0x000000008000713c                _warm_reset
                0x0000000080007148                _cold_reset
 .text          0x000000008000715c       0x10 CMakeFiles/roberts7531.img.dir/bios/parport.c.o
                0x000000008000715c                _parport_init
                0x000000008000715e                _bconin0
                0x0000000080007162                _bcostat0
                0x0000000080007166                _bconout0
 .text          0x000000008000716c      0x1f8 CMakeFiles/roberts7531.img.dir/bios/screen.c.o
                0x000000008000716c                _check_moderez
                0x0000000080007170                _initialise_palette_registers
                0x0000000080007172                _screen_init_mode
                0x000000008000718c                _screen_init_address
                0x00000000800071ba                _set_rez_hacked
                0x00000000800071ce                _rez_changeable
                0x00000000800071d2                _get_monitor_type
                0x00000000800071d6                _calc_vram_size
                0x00000000800071f0                _screen_get_current_mode_info
                0x0000000080007224                _get_palette
                0x0000000080007244                _get_pixel_size
                0x00000000800072a2                _physbase
                0x00000000800072aa                _logbase
                0x00000000800072b2                _getrez
                0x00000000800072bc                _setscreen
                0x0000000080007330                _setpalette
                0x000000008000733a                _setcolor
                0x000000008000733e                _vsync
 .text          0x0000000080007364      0xc1c CMakeFiles/roberts7531.img.dir/bios/serport.c.o
                0x00000000800073ae                _bconstat1
                0x00000000800073c4                _bconin1
                0x00000000800073d2                _bcostat1
                0x00000000800073d6                _bconout1
                0x00000000800073da                _rsconf1
                0x000000008000772c                _bconstatDUARTB
                0x0000000080007742                _bconinDUARTB
                0x0000000080007762                _bconoutDUARTB
                0x00000000800077e8                _push_serial_iorec
                0x0000000080007818                _write_duart
                0x000000008000782c                _read_duart
                0x000000008000783e                _duart_rs232_interrupt_handler_channel_a
                0x00000000800078c6                _duart_rs232_interrupt_handler_channel_b
                0x00000000800078fa                _duart_init_system_timer
                0x0000000080007922                _duart_rs232_enable_interrupt
                0x000000008000793a                _init_duart
                0x00000000800079be                _init_serport
                0x0000000080007e10                _bconmap
 .text          0x0000000080007f80       0x38 CMakeFiles/roberts7531.img.dir/bios/sound.c.o
                0x0000000080007f84                _snd_init
                0x0000000080007f9a                _giaccess
                0x0000000080007f9e                _ongibit
                0x0000000080007fa0                _offgibit
                0x0000000080007fa2                _dosound
                0x0000000080007fa6                _bell
 .text          0x0000000080007fb8        0x0 CMakeFiles/roberts7531.img.dir/bios/videl.c.o
 .text          0x0000000080007fb8      0xab4 CMakeFiles/roberts7531.img.dir/bios/vt52.c.o
                0x0000000080008814                _cputc
                0x0000000080008830                _blink
                0x00000000800088aa                _cursconf
                0x0000000080008912                _vt52_init
 .text          0x0000000080008a6c      0x8bc CMakeFiles/roberts7531.img.dir/bios/xhdi.c.o
                0x0000000080008bd6                _init_XHDI_drvmap
                0x0000000080008bfe                _xhdi_handler
 .text          0x0000000080009328      0x11c CMakeFiles/roberts7531.img.dir/bios/pmmu030.c.o
                0x0000000080009328                _setup_68030_pmmu
 .text          0x0000000080009444        0x0 CMakeFiles/roberts7531.img.dir/bios/68040_pmmu.S.o
 .text          0x0000000080009444        0x0 CMakeFiles/roberts7531.img.dir/bios/amiga.c.o
 .text          0x0000000080009444        0x0 CMakeFiles/roberts7531.img.dir/bios/amiga2.S.o
 .text          0x0000000080009444        0x0 CMakeFiles/roberts7531.img.dir/bios/spi_vamp.c.o
 .text          0x0000000080009444        0x0 CMakeFiles/roberts7531.img.dir/bios/lisa.c.o
 .text          0x0000000080009444        0x0 CMakeFiles/roberts7531.img.dir/bios/lisa2.S.o
 .text          0x0000000080009444       0x40 CMakeFiles/roberts7531.img.dir/bios/delay.c.o
                0x0000000080009444                _init_delay
                0x0000000080009480                _calibrate_delay
 .text          0x0000000080009484       0x88 CMakeFiles/roberts7531.img.dir/bios/delayasm.S.o
                0x0000000080009484                _run_calibration
 .text          0x000000008000950c        0x0 CMakeFiles/roberts7531.img.dir/bios/sd.c.o
 .text          0x000000008000950c       0x14 CMakeFiles/roberts7531.img.dir/bios/memory2.c.o
                0x000000008000950c                _ttram_detect
 .text          0x0000000080009520        0x0 CMakeFiles/roberts7531.img.dir/bios/bootparams.c.o
 .text          0x0000000080009520        0x0 CMakeFiles/roberts7531.img.dir/bios/scsi.c.o
 .text          0x0000000080009520        0x0 CMakeFiles/roberts7531.img.dir/bios/nova.c.o
 .text          0x0000000080009520        0x0 CMakeFiles/roberts7531.img.dir/bios/dsp.c.o
 .text          0x0000000080009520        0x0 CMakeFiles/roberts7531.img.dir/bios/dsp2.S.o
 .text          0x0000000080009520        0x0 CMakeFiles/roberts7531.img.dir/bios/scsidriv.c.o
 .text          0x0000000080009520       0x9c CMakeFiles/roberts7531.img.dir/bios/machine_r7531.c.o
                0x0000000080009520                _r7531_ikbd_init
                0x0000000080009576                _r7531_ikbd_cinRdy
                0x000000008000957e                _r7531_ikbd_writeb
                0x0000000080009580                _r7531_ikbd_readb
 .text          0x00000000800095bc      0xa00 CMakeFiles/roberts7531.img.dir/bdos/bdosmain.c.o
                0x000000008000962c                _osinit_before_xmaddalt
                0x0000000080009670                _osinit_after_xmaddalt
                0x0000000080009698                _osif
 .text          0x0000000080009fbc      0x7e4 CMakeFiles/roberts7531.img.dir/bdos/console.c.o
                0x000000008000a206                _stdhdl_init
                0x000000008000a266                _get_default_handle
                0x000000008000a274                _xconstat
                0x000000008000a2ca                _xconostat
                0x000000008000a2ec                _xprtostat
                0x000000008000a30e                _xauxistat
                0x000000008000a364                _xauxostat
                0x000000008000a386                _tabout
                0x000000008000a426                _xconout
                0x000000008000a444                _xauxout
                0x000000008000a46c                _xprtout
                0x000000008000a494                _xrawcin
                0x000000008000a4ac                _conin
                0x000000008000a4d6                _xconin
                0x000000008000a508                _xnecin
                0x000000008000a53a                _xauxin
                0x000000008000a55c                _xrawio
                0x000000008000a5d0                _xconws
                0x000000008000a606                _cgets
                0x000000008000a76a                _xconrs
 .text          0x000000008000a7a0      0x460 CMakeFiles/roberts7531.img.dir/bdos/fsbuf.c.o
                0x000000008000a80e                _bufl_init
                0x000000008000a86c                _flush
                0x000000008000a9ac                _getbcb
                0x000000008000abb8                _getrec
 .text          0x000000008000ac00     0x1908 CMakeFiles/roberts7531.img.dir/bdos/fsdir.c.o
                0x000000008000aff0                _xgsdtof
                0x000000008000b054                _builds
                0x000000008000b1b0                _xsnext
                0x000000008000b3fa                _incr_curdir_usage
                0x000000008000b454                _decr_curdir_usage
                0x000000008000b48c                _xgetdir
                0x000000008000b51c                _dirinit
                0x000000008000b5c8                _makofd
                0x000000008000b630                _scan
                0x000000008000b7c0                _findit
                0x000000008000b982                _xchdir
                0x000000008000ba34                _ixsfirst
                0x000000008000bb9c                _xsfirst
                0x000000008000bbee                _xrename
                0x000000008000c01e                _xchmod
                0x000000008000c10c                _xrmdir
                0x000000008000c23e                _xmkdir
                0x000000008000c4a4                _free_available_dnds
 .text          0x000000008000c508      0x324 CMakeFiles/roberts7531.img.dir/bdos/fsdrive.c.o
                0x000000008000c508                _log_media
                0x000000008000c714                _ckdrv
 .text          0x000000008000c82c      0x5f0 CMakeFiles/roberts7531.img.dir/bdos/fsfat.c.o
                0x000000008000c82c                _cl2rec
                0x000000008000c846                _clfix
                0x000000008000c9d6                _getrealcl
                0x000000008000cae0                _getclnum
                0x000000008000cb00                _nextcl
                0x000000008000ccb8                _xgetfree
 .text          0x000000008000ce1c        0x0 CMakeFiles/roberts7531.img.dir/bdos/fsglob.c.o
 .text          0x000000008000ce1c      0x150 CMakeFiles/roberts7531.img.dir/bdos/fshand.c.o
                0x000000008000ce1c                _ixforce
                0x000000008000ce9c                _xforce
                0x000000008000ceb2                _xdup
 .text          0x000000008000cf6c      0x754 CMakeFiles/roberts7531.img.dir/bdos/fsio.c.o
                0x000000008000d3de                _eof
                0x000000008000d40a                _ixlseek
                0x000000008000d4fc                _xlseek
                0x000000008000d578                _ixgetfcb
                0x000000008000d61e                _ixread
                0x000000008000d654                _xread
                0x000000008000d67c                _ixwrite
                0x000000008000d696                _xwrite
 .text          0x000000008000d6c0       0xb0 CMakeFiles/roberts7531.img.dir/bdos/fsmain.c.o
                0x000000008000d6c0                _xgetdta
                0x000000008000d6cc                _xsetdta
                0x000000008000d6da                _xsetdrv
                0x000000008000d700                _xgetdrv
                0x000000008000d70e                _getofd
 .text          0x000000008000d770      0x8f8 CMakeFiles/roberts7531.img.dir/bdos/fsopnclo.c.o
                0x000000008000d87a                _xopen
                0x000000008000d8f6                _ixclose
                0x000000008000da8c                _xclose
                0x000000008000dbe2                _ixdel
                0x000000008000dcfc                _xunlink
                0x000000008000dd88                _ixcreat
                0x000000008000e020                _xcreat
                0x000000008000e032                _contains_illegal_characters
 .text          0x000000008000e068      0x244 CMakeFiles/roberts7531.img.dir/bdos/iumem.c.o
                0x000000008000e068                _ffit
                0x000000008000e15c                _freeit
                0x000000008000e254                _shrinkit
 .text          0x000000008000e2ac      0x254 CMakeFiles/roberts7531.img.dir/bdos/kpgmld.c.o
                0x000000008000e2ac                _kpgmhdrld
                0x000000008000e316                _kpgmld
 .text          0x000000008000e500      0x320 CMakeFiles/roberts7531.img.dir/bdos/osmem.c.o
                0x000000008000e500                _xmfremd
                0x000000008000e61e                _xmgetblk
                0x000000008000e6ec                _xmgetmd
                0x000000008000e7da                _xmfreblk
                0x000000008000e7fc                _osmem_init
 .text          0x000000008000e820      0x6bc CMakeFiles/roberts7531.img.dir/bdos/proc.c.o
                0x000000008000ea04                _xexec
                0x000000008000ed76                _xterm
                0x000000008000ee72                _x0term
                0x000000008000ee78                _xtermres
 .text          0x000000008000eedc      0x178 CMakeFiles/roberts7531.img.dir/bdos/rwa.S.o
                0x000000008000eedc                _bdos_trap2
                0x000000008000eef8                _enter
                0x000000008000ef76                _gouser
                0x000000008000efac                _termuser
 .text          0x000000008000f054      0x200 CMakeFiles/roberts7531.img.dir/bdos/time.c.o
                0x000000008000f13c                _xgetdate
                0x000000008000f146                _xsetdate
                0x000000008000f1ae                _xgettime
                0x000000008000f1b8                _xsettime
                0x000000008000f20c                _time_init
 .text          0x000000008000f254      0x1e0 CMakeFiles/roberts7531.img.dir/bdos/umem.c.o
                0x000000008000f254                _xmfree
                0x000000008000f29e                _xsetblk
                0x000000008000f328                _xmxalloc
                0x000000008000f396                _xmalloc
                0x000000008000f3c2                _umem_init
                0x000000008000f3fc                _set_owner
 .text          0x000000008000f434      0x120 CMakeFiles/roberts7531.img.dir/util/cookie.c.o
                0x000000008000f434                _cookie_init
                0x000000008000f44c                _cookie_add
                0x000000008000f4a0                _cookie_get
                0x000000008000f4de                _get_idt_cookie
                0x000000008000f524                _nvdi_cookie_present
 .text          0x000000008000f554      0x55c CMakeFiles/roberts7531.img.dir/util/doprintf.c.o
                0x000000008000f60e                _doprintf
 .text          0x000000008000fab0       0x88 CMakeFiles/roberts7531.img.dir/util/intmath.c.o
                0x000000008000fab0                _Isqrt
 .text          0x000000008000fb38      0x274 CMakeFiles/roberts7531.img.dir/util/memmove.S.o
                0x000000008000fb38                _memcpy
                0x000000008000fb5a                _memmove
 .text          0x000000008000fdac       0xcc CMakeFiles/roberts7531.img.dir/util/memset.S.o
                0x000000008000fdac                _bzero_nobuiltin
                0x000000008000fdba                _memset
 .text          0x000000008000fe78       0xc0 CMakeFiles/roberts7531.img.dir/util/miscasm.S.o
                0x000000008000fe78                _trap1
                0x000000008000fe98                _trap1_pexec
                0x000000008000febc                _just_rts
                0x000000008000febe                _mul_div_round
                0x000000008000feda                _protect_v
                0x000000008000feea                _protect_w
                0x000000008000ff02                _protect_ww
                0x000000008000ff1a                _protect_wlwwwl
 .text          0x000000008000ff38        0x0 CMakeFiles/roberts7531.img.dir/util/nls.c.o
 .text          0x000000008000ff38        0x0 CMakeFiles/roberts7531.img.dir/util/nlsasm.S.o
 .text          0x000000008000ff38       0x24 CMakeFiles/roberts7531.img.dir/util/setjmp.S.o
                0x000000008000ff38                _setjmp
                0x000000008000ff46                _longjmp
 .text          0x000000008000ff5c      0x1ec CMakeFiles/roberts7531.img.dir/util/string.c.o
                0x000000008000ff72                _strlcpy
                0x000000008000ffc2                _strlen
                0x000000008000ffda                _strcat
                0x000000008001000e                _strcmp
                0x0000000080010032                _memcmp
                0x0000000080010062                _strncmp
                0x0000000080010096                _strncasecmp
                0x00000000800100f4                _toupper
                0x000000008001010a                _sprintf
 .text          0x0000000080010148        0x0 CMakeFiles/roberts7531.img.dir/util/lisautil.S.o
 .text          0x0000000080010148       0x68 CMakeFiles/roberts7531.img.dir/util/miscutil.c.o
                0x0000000080010148                _build_root_path
                0x0000000080010162                _extract_drive_number
                0x000000008001019e                _set_all_files
 .text          0x00000000800101b0      0x204 CMakeFiles/roberts7531.img.dir/bios/fnt_off_6x6.c.o
                0x00000000800101b0                _off_6x6_table
 .text          0x00000000800103b4      0x204 CMakeFiles/roberts7531.img.dir/bios/fnt_off_8x8.c.o
                0x00000000800103b4                _off_8x8_table
 .text          0x00000000800105b8      0x1f4 CMakeFiles/roberts7531.img.dir/vdi/vdi_asm.S.o
                0x00000000800105b8                _vditrap
                0x00000000800105d4                _GSX_ENTRY
                0x0000000080010658                _mouse_int
                0x0000000080010710                _wheel_int
                0x0000000080010768                _mov_cur
                0x000000008001078e                _call_user_but
                0x000000008001079a                _call_user_wheel
 .text          0x00000000800107ac        0x0 CMakeFiles/roberts7531.img.dir/vdi/vdi_bezier.c.o
 .text          0x00000000800107ac      0x3a4 CMakeFiles/roberts7531.img.dir/vdi/vdi_col.c.o
                0x00000000800108bc                _vdi_vs_color
                0x0000000080010930                _init_colors
                0x00000000800109f4                _vdi_vq_color
 .text          0x0000000080010b50      0x77c CMakeFiles/roberts7531.img.dir/vdi/vdi_control.c.o
                0x0000000080010d28                _get_vwk_by_handle
                0x0000000080010d4c                _update_rez_dependent
                0x0000000080010e04                _validate_color_index
                0x0000000080010e1c                _vdi_vs_clip
                0x0000000080010ec8                _vdi_vswr_mode
                0x0000000080010f0e                _vdi_v_opnvwk
                0x0000000080010fba                _vdi_v_clsvwk
                0x0000000080011020                _vdi_v_opnwk
                0x000000008001110a                _vdi_v_clswk
                0x000000008001115c                _vdi_v_clrwk
                0x000000008001117a                _vdi_vq_extnd
 .text          0x00000000800112cc      0x3c0 CMakeFiles/roberts7531.img.dir/vdi/vdi_esc.c.o
                0x00000000800115ca                _vdi_v_escape
                0x00000000800115f4                _esc_init
                0x0000000080011618                _esc_exit
 .text          0x000000008001168c      0xe84 CMakeFiles/roberts7531.img.dir/vdi/vdi_fill.c.o
                0x0000000080011970                _vdi_vsf_udpat
                0x00000000800119cc                _vdi_vsf_color
                0x00000000800119fe                _vdi_vsf_perimeter
                0x0000000080011a2c                _vdi_vr_recfl
                0x0000000080011adc                _vdi_vqf_attributes
                0x0000000080011b20                _st_fl_ptr
                0x0000000080011bfa                _vdi_vsf_style
                0x0000000080011c3c                _vdi_vsf_interior
                0x0000000080011c62                _clc_flit
                0x0000000080011dac                _polygon
                0x0000000080011eaa                _vdi_v_fillarea
                0x0000000080011ec8                _contourfill
                0x0000000080012164                _vdi_v_contourfill
                0x00000000800121a4                _vdi_v_get_pixel
                0x00000000800121d4                _get_pix
                0x00000000800121e8                _put_pix
                0x000000008001227c                _SOLID
                0x000000008001227e                _HOLLOW
                0x0000000080012280                _ROM_UD_PATRN
 .text          0x0000000080012510      0x7c4 CMakeFiles/roberts7531.img.dir/vdi/vdi_gdp.c.o
                0x0000000080012896                _vdi_v_gdp
 .text          0x0000000080012cd4      0x200 CMakeFiles/roberts7531.img.dir/vdi/vdi_input.c.o
                0x0000000080012d14                _vdi_v_choice
                0x0000000080012d28                _vdi_v_string
                0x0000000080012e14                _vdi_vq_key_s
                0x0000000080012e36                _vdi_vsin_mode
                0x0000000080012e8a                _vdi_vqin_mode
 .text          0x0000000080012ed4     0x1bb4 CMakeFiles/roberts7531.img.dir/vdi/vdi_line.c.o
                0x00000000800134b0                _vdi_vsl_udsty
                0x00000000800134c0                _vdi_vsl_type
                0x00000000800134fa                _vdi_vsl_width
                0x0000000080013548                _vdi_vsl_ends
                0x0000000080013586                _vdi_vsl_color
                0x00000000800135b8                _vdi_vql_attributes
                0x00000000800135fe                _draw_rect_common
                0x0000000080013602                _Vwk2Attrib
                0x000000008001362e                _draw_rect
                0x000000008001366c                _linea_rect
                0x000000008001375e                _linea_hline
                0x00000000800137aa                _linea_polygon
                0x000000008001384e                _linea_fill
                0x00000000800138dc                _clip_line
                0x0000000080013b8c                _arrow
                0x0000000080013c7e                _wideline
                0x00000000800141aa                _abline
                0x0000000080014896                _polyline
                0x0000000080014952                _vdi_v_pline
                0x00000000800149e6                _linea_line
                0x0000000080014a4a                _set_LN_MASK
                0x0000000080014a7a                _LINE_STYLE
 .text          0x0000000080014a88      0x308 CMakeFiles/roberts7531.img.dir/vdi/vdi_main.c.o
                0x0000000080014a88                _screen
 .text          0x0000000080014d90      0x378 CMakeFiles/roberts7531.img.dir/vdi/vdi_marker.c.o
                0x0000000080014d90                _vdi_vsm_height
                0x0000000080014e74                _vdi_vsm_type
                0x0000000080014eae                _vdi_vsm_color
                0x0000000080014ee0                _vdi_v_pmarker
                0x000000008001501e                _vdi_vqm_attributes
 .text          0x0000000080015108      0x168 CMakeFiles/roberts7531.img.dir/vdi/vdi_misc.c.o
                0x0000000080015152                _arb_corner
                0x000000008001517c                _arb_line
                0x00000000800151a6                _vdi_vex_timv
                0x00000000800151e0                _timer_init
                0x000000008001521c                _timer_exit
                0x0000000080015244                _get_start_addr
 .text          0x0000000080015270      0x97c CMakeFiles/roberts7531.img.dir/vdi/vdi_mouse.c.o
                0x0000000080015494                _vdi_vq_mouse
                0x00000000800154c0                _vdi_vex_butv
                0x00000000800154d8                _vdi_vex_motv
                0x00000000800154f0                _vdi_vex_curv
                0x0000000080015508                _vdi_vex_wheelv
                0x0000000080015520                _vdimouse_init
                0x0000000080015618                _vdimouse_exit
                0x0000000080015682                _cur_display
                0x00000000800159a0                _cur_replace
                0x0000000080015a8c                _vdi_v_locator
                0x0000000080015b44                _vdi_v_hide_c
                0x0000000080015bb2                _linea_show_mouse
                0x0000000080015bd0                _vdi_v_show_c
                0x0000000080015bd2                _linea_hide_mouse
                0x0000000080015bd6                _linea_transform_mouse
                0x0000000080015be4                _vdi_vsc_form
 .text          0x0000000080015bec      0x5bc CMakeFiles/roberts7531.img.dir/vdi/vdi_raster.c.o
                0x0000000080015fb2                _vdi_vr_trnfm
                0x00000000800160ce                _vdi_vro_cpyfm
                0x0000000080016104                _vdi_vrt_cpyfm
                0x000000008001613c                _linea_raster
                0x0000000080016166                _linea_blit
 .text          0x00000000800161a8     0x1710 CMakeFiles/roberts7531.img.dir/vdi/vdi_text.c.o
                0x0000000080016c34                _vdi_v_gtext
                0x0000000080016c58                _text_init2
                0x0000000080016ca4                _text_init
                0x0000000080016e22                _vdi_vst_height
                0x0000000080016f14                _vdi_vst_point
                0x0000000080017030                _vdi_vst_effects
                0x0000000080017050                _vdi_vst_alignment
                0x000000008001708e                _vdi_vst_rotation
                0x00000000800170cc                _vdi_vst_font
                0x00000000800171de                _vdi_vst_color
                0x0000000080017210                _vdi_vqt_attributes
                0x0000000080017282                _vdi_vqt_extent
                0x0000000080017360                _vdi_vqt_width
                0x000000008001741c                _vdi_vqt_name
                0x00000000800174bc                _vdi_vqt_fontinfo
                0x000000008001756c                _gdp_justified
                0x00000000800177c6                _vdi_vst_load_fonts
                0x0000000080017892                _vdi_vst_unload_fonts
 .text          0x00000000800178b8      0xfc0 CMakeFiles/roberts7531.img.dir/vdi/vdi_textblit.c.o
                0x0000000080017962                _outline
                0x0000000080017a6c                _rotate
                0x0000000080017cd6                _scale
                0x0000000080017ef2                _direct_screen_blit
                0x00000000800180e8                _text_blt
 .text          0x0000000080018878      0x74c CMakeFiles/roberts7531.img.dir/vdi/vdi_blit.S.o
                0x0000000080018bc0                _fast_bit_blt
 .text          0x0000000080018fc4      0x7b0 CMakeFiles/roberts7531.img.dir/vdi/vdi_tblit.S.o
                0x0000000080018fc4                _normal_blit
 .text          0x0000000080019774        0x0 CMakeFiles/roberts7531.img.dir/vdi/endvdi.S.o
 .text          0x0000000080019774        0xc CMakeFiles/roberts7531.img.dir/version.c.o
                0x0000000080019774                _version
 .text          0x0000000080019780      0x224 CMakeFiles/roberts7531.img.dir/util/gemdos.c.o
                0x0000000080019782                _pgmld
                0x00000000800197d4                _dos_setdt
                0x000000008001980a                _dos_label
                0x000000008001987c                _dos_space
                0x00000000800198de                _dos_alloc_stram
                0x00000000800198f2                _dos_avail_stram
                0x0000000080019906                _dos_alloc_anyram
                0x000000008001991c                _dos_avail_anyram
                0x0000000080019932                _dos_free
                0x0000000080019944                _dos_shrink
                0x000000008001995e                _dos_load_file
 .text          0x00000000800199a4      0x30c CMakeFiles/roberts7531.img.dir/util/optimize.c.o
                0x00000000800199a4                _fmt_str
                0x0000000080019a36                _unfmt_str
                0x0000000080019a86                _inf_sset
                0x0000000080019ab2                _inf_sget
                0x0000000080019ad4                _inf_gindex
                0x0000000080019b1e                _inf_what
                0x0000000080019b78                _scan_2
                0x0000000080019bfc                _filename_start
                0x0000000080019c14                _wildcmp
 .text          0x0000000080019cb0       0x30 CMakeFiles/roberts7531.img.dir/util/optimopt.S.o
                0x0000000080019cb0                _scasb
                0x0000000080019cc6                _expand_string
 .text          0x0000000080019ce0      0x190 CMakeFiles/roberts7531.img.dir/util/rectfunc.c.o
                0x0000000080019ce0                _inside
                0x0000000080019d1a                _rc_constrain
                0x0000000080019d76                _rc_equal
                0x0000000080019d98                _rc_intersect
                0x0000000080019e10                _rc_union
 .text          0x0000000080019e70       0x30 CMakeFiles/roberts7531.img.dir/util/stringasm.S.o
                0x0000000080019e70                _strlencpy
                0x0000000080019e84                _strchr
 .text          0x0000000080019ea0       0xc4 CMakeFiles/roberts7531.img.dir/aes/gemasm.S.o
                0x0000000080019ea0                _psetup
                0x0000000080019ec8                _gotopgm
                0x0000000080019eec                _dsptch
                0x0000000080019f36                _switchto
 .text          0x0000000080019f64      0x168 CMakeFiles/roberts7531.img.dir/aes/gemstart.S.o
                0x0000000080019f64                _ui_start
                0x000000008001a01e                _accdesk_start
                0x000000008001a062                _dos_exec
 .text          0x000000008001a0cc      0x270 CMakeFiles/roberts7531.img.dir/aes/gemdosif.S.o
                0x000000008001a0cc                _disable_interrupts
                0x000000008001a0d8                _enable_interrupts
                0x000000008001a0e0                _retake
                0x000000008001a0fe                _giveerr
                0x000000008001a106                _takeerr
                0x000000008001a220                _unset_aestrap
                0x000000008001a22a                _set_aestrap
                0x000000008001a23c                _far_bcha
                0x000000008001a262                _far_mcha
                0x000000008001a290                _aes_wheel
                0x000000008001a2be                _drawrat
                0x000000008001a2ce                _tikcod
 .text          0x000000008001a33c      0x388 CMakeFiles/roberts7531.img.dir/aes/gemaplib.c.o
                0x000000008001a33c                _ap_init
                0x000000008001a34e                _ap_rdwr
                0x000000008001a3c6                _ap_find
                0x000000008001a3ec                _ap_tplay
                0x000000008001a574                _ap_trecd
                0x000000008001a648                _ap_exit
 .text          0x000000008001a6c4      0x37c CMakeFiles/roberts7531.img.dir/aes/gemasync.c.o
                0x000000008001a6c4                _azombie
                0x000000008001a772                _evinsert
                0x000000008001a79a                _mwait
                0x000000008001a7e2                _iasync
                0x000000008001a91a                _apret
                0x000000008001a99c                _acancel
 .text          0x000000008001aa40      0x88c CMakeFiles/roberts7531.img.dir/aes/gemctrl.c.o
                0x000000008001ab1e                _ct_chgown
                0x000000008001ab48                _ct_mouse
                0x000000008001abbe                _ctlmgr
 .text          0x000000008001b2cc      0x2fc CMakeFiles/roberts7531.img.dir/aes/gemdisp.c.o
                0x000000008001b2cc                _forkq
                0x000000008001b332                _forker
                0x000000008001b44c                _chkkbd
                0x000000008001b4d4                _disp
 .text          0x000000008001b5c8      0x550 CMakeFiles/roberts7531.img.dir/aes/gemevlib.c.o
                0x000000008001b622                _ev_block
                0x000000008001b64a                _ev_button
                0x000000008001b684                _ev_mesag
                0x000000008001b6e0                _ev_mouse
                0x000000008001b708                _ev_timer
                0x000000008001b72a                _ev_multi
                0x000000008001bad2                _ev_dclick
 .text          0x000000008001bb18      0x140 CMakeFiles/roberts7531.img.dir/aes/gemflag.c.o
                0x000000008001bb18                _tchange
                0x000000008001bba8                _tak_flag
                0x000000008001bbd4                _amutex
                0x000000008001bc12                _unsync
 .text          0x000000008001bc58      0x4c4 CMakeFiles/roberts7531.img.dir/aes/gemfmalt.c.o
                0x000000008001bd66                _fm_alert
 .text          0x000000008001c11c      0x728 CMakeFiles/roberts7531.img.dir/aes/gemfmlib.c.o
                0x000000008001c1b0                _fm_own
                0x000000008001c264                _fm_keybd
                0x000000008001c31e                _fm_button
                0x000000008001c4b0                _fm_do
                0x000000008001c65a                _fm_dial
                0x000000008001c6dc                _fm_show
                0x000000008001c726                _eralert
                0x000000008001c79e                _fm_error
 .text          0x000000008001c844     0x10b8 CMakeFiles/roberts7531.img.dir/aes/gemfslib.c.o
                0x000000008001cb32                _fs_start
                0x000000008001cb80                _fs_input
 .text          0x000000008001d8fc     0x107c CMakeFiles/roberts7531.img.dir/aes/gemgraf.c.o
                0x000000008001da40                _gsx_sclip
                0x000000008001dab8                _gsx_gclip
                0x000000008001dad0                _gsx_chkclip
                0x000000008001db34                _gsx_pline
                0x000000008001db88                _gsx_cline
                0x000000008001dbc4                _gsx_attr
                0x000000008001dc6e                _gsx_xbox
                0x000000008001dc82                _gsx_xcbox
                0x000000008001ddaa                _gsx_blt
                0x000000008001df2e                _bb_screen
                0x000000008001df5e                _gsx_trans
                0x000000008001dfde                _gsx_start
                0x000000008001e200                _bb_fill
                0x000000008001e29a                _gsx_tblt
                0x000000008001e3a6                _gr_inside
                0x000000008001e3c2                _gr_rect
                0x000000008001e440                _gr_just
                0x000000008001e516                _gr_gtext
                0x000000008001e56c                _gr_crack
                0x000000008001e5ba                _gr_gicon
                0x000000008001e8d0                _gr_box
 .text          0x000000008001e978      0x904 CMakeFiles/roberts7531.img.dir/aes/gemgrlib.c.o
                0x000000008001eafc                _gr_stepcalc
                0x000000008001ebd2                _gr_rubwind
                0x000000008001ec6a                _gr_rubbox
                0x000000008001ec92                _gr_dragbox
                0x000000008001ed66                _gr_2box
                0x000000008001ee18                _gr_movebox
                0x000000008001ef16                _gr_growbox
                0x000000008001ef92                _gr_shrinkbox
                0x000000008001f014                _gr_watchbox
                0x000000008001f0c6                _gr_slidebox
                0x000000008001f172                _gr_mouse
                0x000000008001f252                _gr_mkstate
 .text          0x000000008001f27c      0xa60 CMakeFiles/roberts7531.img.dir/aes/gemgsxif.c.o
                0x000000008001f2a4                _gsx_malloc
                0x000000008001f3a2                _gsx_mfree
                0x000000008001f3b2                _gsx_mret
                0x000000008001f3c8                _gsx_0code
                0x000000008001f41a                _gsx_1code
                0x000000008001f434                _gsx_wsclose
                0x000000008001f440                _gsx_wsclear
                0x000000008001f44c                _ratinit
                0x000000008001f460                _gsx_graphic
                0x000000008001f4cc                _gsx_tick
                0x000000008001f4f0                _gsx_mxmy
                0x000000008001f506                _gsx_kstate
                0x000000008001f518                _gsx_moff
                0x000000008001f544                _ratexit
                0x000000008001f546                _gsx_mon
                0x000000008001f568                _gsx_mfset
                0x000000008001f5ce                _gsx_char
                0x000000008001f626                _gsx_setmousexy
                0x000000008001f66c                _gsx_nplanes
                0x000000008001f682                _gsx_textsize
                0x000000008001f6b6                _gsx_fix_screen
                0x000000008001f704                _gsx_fix
                0x000000008001f78e                _v_pline
                0x000000008001f7b4                _vs_clip
                0x000000008001f7e4                _vst_height
                0x000000008001f82c                _vr_recfl
                0x000000008001f852                _vro_cpyfm
                0x000000008001fb02                _bb_restore
                0x000000008001fb10                _bb_save
                0x000000008001fb20                _vrt_cpyfm
                0x000000008001fb70                _vrn_trnfm
                0x000000008001fb8a                _vsl_width
                0x000000008001fbaa                _vex_wheelv
                0x000000008001fbc8                _gsx_init
 .text          0x000000008001fcdc      0xbd0 CMakeFiles/roberts7531.img.dir/aes/geminit.c.o
                0x000000008001fd26                _size_theglo
                0x000000008001fd2e                _init_p0_stkptr
                0x000000008001fd40                _default_mform
                0x000000008001fd48                _set_mouse_to_arrow
                0x000000008001fd58                _set_mouse_to_hourglass
                0x000000008001fd68                _all_run
                0x000000008001fda0                _wait_for_accs
                0x000000008001fdee                _set_aes_background
                0x000000008001fe22                _run_accs_and_desktop
                0x00000000800202ea                _gem_main
 .text          0x00000000800208ac      0x8d4 CMakeFiles/roberts7531.img.dir/aes/geminput.c.o
                0x00000000800208ac                _in_mrect
                0x00000000800208d6                _b_click
                0x0000000080020958                _b_delay
                0x00000000800209e0                _set_ctrl
                0x00000000800209f8                _get_ctrl
                0x0000000080020a10                _get_mown
                0x0000000080020a1c                _dq
                0x0000000080020a4e                _fq
                0x0000000080020a80                _evremove
                0x0000000080020bc0                _bchange
                0x0000000080020cfe                _set_mown
                0x0000000080020d44                _post_keybd
                0x0000000080020d98                _kchange
                0x0000000080020dc2                _downorup
                0x0000000080020df8                _mchange
                0x0000000080020eec                _wheel_change
                0x0000000080020eee                _akbin
                0x0000000080020f56                _adelay
                0x0000000080021030                _abutton
                0x00000000800210ac                _amouse
 .text          0x0000000080021180      0xc6c CMakeFiles/roberts7531.img.dir/aes/gemmnext.c.o
                0x0000000080021734                _mnext_init
                0x0000000080021776                _mn_popup
                0x0000000080021aec                _mn_attach
                0x0000000080021b66                _mn_istart
                0x0000000080021bea                _mn_settings
                0x0000000080021c80                _display_submenu
                0x0000000080021daa                _undisplay_submenu
 .text          0x0000000080021dec      0x9d0 CMakeFiles/roberts7531.img.dir/aes/gemmnlib.c.o
                0x0000000080021f36                _do_chg
                0x0000000080021ff6                _mn_do
                0x0000000080022568                _mn_bar
                0x0000000080022658                _mn_cleanup
                0x00000000800226b6                _mn_register
                0x0000000080022764                _mn_init
                0x0000000080022784                _mn_getownid
 .text          0x00000000800227bc      0x8f4 CMakeFiles/roberts7531.img.dir/aes/gemobed.c.o
                0x0000000080022928                _ob_center
                0x0000000080022a0c                _ins_char
                0x0000000080022ad8                _ob_edit
 .text          0x00000000800230b0      0x29c CMakeFiles/roberts7531.img.dir/aes/gemobjop.c.o
                0x00000000800230b0                _ob_sst
                0x00000000800231b8                _everyobj
                0x00000000800232f6                _get_par
 .text          0x000000008002334c     0x111c CMakeFiles/roberts7531.img.dir/aes/gemoblib.c.o
                0x000000008002334c                _ob_offset
                0x00000000800233c4                _ob_relxywh
                0x00000000800233fc                _ob_actxywh
                0x000000008002343e                _ob_setxywh
                0x0000000080023476                _ob_format
                0x0000000080023e8e                _ob_draw
                0x0000000080023f5c                _ob_find
                0x00000000800240cc                _ob_add
                0x000000008002415c                _ob_delete
                0x0000000080024218                _ob_order
                0x00000000800242de                _ob_change
                0x0000000080024446                _ob_fs
 .text          0x0000000080024468      0x250 CMakeFiles/roberts7531.img.dir/aes/gempd.c.o
                0x0000000080024468                _pd_index
                0x000000008002449c                _fpdnm
                0x000000008002452e                _p_nameit
                0x0000000080024570                _p_setappdir
                0x00000000800245b2                _pstart
                0x0000000080024688                _insert_process
 .text          0x00000000800246b8      0x1e4 CMakeFiles/roberts7531.img.dir/aes/gemqueue.c.o
                0x00000000800247cc                _aqueue
 .text          0x000000008002489c      0xb3c CMakeFiles/roberts7531.img.dir/aes/gemrslib.c.o
                0x0000000080024c54                _rs_obfix
                0x0000000080024cc0                _rs_free
                0x0000000080024d90                _rs_gaddr
                0x0000000080024dc2                _rs_saddr
                0x0000000080024df6                _rs_fixit
                0x0000000080024ec0                _rs_load
                0x00000000800253be                _rs_str
                0x00000000800253d6                _xlate_obj_array
 .text          0x00000000800253d8       0xe0 CMakeFiles/roberts7531.img.dir/aes/gemsclib.c.o
                0x00000000800253d8                _sc_read
                0x00000000800253ec                _sc_write
                0x0000000080025408                _sc_clear
 .text          0x00000000800254b8      0xa00 CMakeFiles/roberts7531.img.dir/aes/gemshlib.c.o
                0x00000000800255b6                _sh_read
                0x00000000800255e8                _sh_write
                0x0000000080025718                _sh_get
                0x0000000080025734                _sh_put
                0x0000000080025750                _sh_tographic
                0x000000008002578c                _sh_name
                0x00000000800257ae                _sh_envrn
                0x000000008002580a                _sh_find
                0x0000000080025a0a                _sh_rdef
                0x0000000080025a2c                _sh_wdef
                0x0000000080025a50                _aes_run_rom_program
                0x0000000080025a82                _sh_main
 .text          0x0000000080025eb8      0xf24 CMakeFiles/roberts7531.img.dir/aes/gemsuper.c.o
                0x0000000080025eb8                _super
 .text          0x0000000080026ddc     0x21d8 CMakeFiles/roberts7531.img.dir/aes/gemwmlib.c.o
                0x0000000080026fba                _w_getsize
                0x000000008002700a                _w_setactive
                0x000000008002705c                _w_drawdesk
                0x00000000800270a4                _w_bldactive
                0x0000000080027b0e                _ap_sendmsg
                0x0000000080027b62                _w_update
                0x0000000080027cda                _wm_init
                0x0000000080027f68                _wm_start
                0x0000000080027fa0                _wm_create
                0x000000008002806c                _wm_get
                0x0000000080028280                _wm_find
                0x00000000800282a0                _wm_update
                0x00000000800282f2                _wm_calc
                0x00000000800288c6                _wm_set
                0x0000000080028c42                _wm_close
                0x0000000080028cca                _wm_delete
                0x0000000080028dbc                _wm_open
                0x0000000080028eb2                _wm_new
 .text          0x0000000080028fb4      0x300 CMakeFiles/roberts7531.img.dir/aes/gemwrect.c.o
                0x00000000800291ae                _or_start
                0x00000000800291e0                _get_orect
                0x00000000800291f2                _newrect
 .text          0x00000000800292b4       0x20 CMakeFiles/roberts7531.img.dir/aes/gsx2.c.o
                0x00000000800292b4                _gsx2
 .text          0x00000000800292d4       0x3c CMakeFiles/roberts7531.img.dir/desk/deskstart.S.o
                0x00000000800292d4                _deskstart
 .text          0x0000000080029310     0x1f30 CMakeFiles/roberts7531.img.dir/desk/deskmain.c.o
                0x0000000080029df8                _hndl_msg
                0x000000008002a106                _align_title
                0x000000008002a15a                _install_shortcuts
                0x000000008002a1ea                _deskmain
                0x000000008002b1d6                _shortcut_mapping
 .text          0x000000008002b240      0x8cc CMakeFiles/roberts7531.img.dir/desk/gembind.c.o
                0x000000008002b296                _appl_init
                0x000000008002b2de                _appl_exit
                0x000000008002b2ea                _evnt_button
                0x000000008002b33c                _evnt_timer
                0x000000008002b356                _evnt_multi
                0x000000008002b456                _evnt_dclick
                0x000000008002b470                _menu_bar
                0x000000008002b48a                _menu_icheck
                0x000000008002b4ac                _menu_ienable
                0x000000008002b4ce                _menu_tnormal
                0x000000008002b4f0                _objc_add
                0x000000008002b512                _objc_draw
                0x000000008002b554                _objc_find
                0x000000008002b586                _objc_offset
                0x000000008002b5bc                _objc_order
                0x000000008002b5de                _form_do
                0x000000008002b5f8                _form_dial
                0x000000008002b64a                _form_alert
                0x000000008002b664                _form_error
                0x000000008002b676                _form_center
                0x000000008002b6b8                _graf_rubbox
                0x000000008002b6fe                _graf_growbox_grect
                0x000000008002b74c                _graf_shrinkbox_grect
                0x000000008002b79a                _graf_handle
                0x000000008002b7d4                _graf_mouse
                0x000000008002b7ee                _graf_mkstate
                0x000000008002b822                _fsel_exinput
                0x000000008002b856                _wind_create_grect
                0x000000008002b88a                _wind_open_grect
                0x000000008002b8be                _wind_close
                0x000000008002b8d0                _wind_delete
                0x000000008002b8e2                _wind_get
                0x000000008002b92c                _wind_get_grect
                0x000000008002b950                _wind_set
                0x000000008002b98c                _wind_set_grect
                0x000000008002b9b0                _wind_find
                0x000000008002b9ca                _wind_update
                0x000000008002b9dc                _wind_calc_grect
                0x000000008002ba46                _wind_new
                0x000000008002ba52                _rsrc_load
                0x000000008002ba64                _rsrc_free
                0x000000008002ba70                _rsrc_obfix
                0x000000008002ba8a                _shel_write
                0x000000008002babc                _shel_get
                0x000000008002bad6                _shel_put
                0x000000008002baf0                _shel_wdef
[...]
                0x0000000000009bc8                _gl_ws
                0x0000000000009c3a                _gl_dst
                0x0000000000009c4e                _gl_src
                0x0000000000009c62                _gl_handle
                0x0000000000009c64                _gl_nplanes
                0x0000000000009c66                _gl_clip
                0x0000000000009c6e                _gl_hbox
                0x0000000000009c70                _gl_wbox
                0x0000000000009c72                _gl_hschar
                0x0000000000009c74                _gl_wschar
                0x0000000000009c76                _gl_hchar
                0x0000000000009c78                _gl_wchar
                0x0000000000009c7a                _gl_height
                0x0000000000009c7c                _gl_width
 .bss           0x0000000000009c94        0x0 CMakeFiles/roberts7531.img.dir/aes/gemgrlib.c.o
 .bss           0x0000000000009c94       0xa0 CMakeFiles/roberts7531.img.dir/aes/gemgsxif.c.o
                0x0000000000009c94                _gl_moff
                0x0000000000009c96                _ptsout
                0x0000000000009cae                _intout
 .bss           0x0000000000009d34     0x3ef8 CMakeFiles/roberts7531.img.dir/aes/geminit.c.o
                0x0000000000009d34                _D
                0x000000000000d996                _curpid
                0x000000000000d998                _wind_spb
                0x000000000000d9a2                _fpcnt
                0x000000000000d9a4                _fph
                0x000000000000d9a6                _fpt
                0x000000000000d9a8                _indisp
                0x000000000000d9aa                _zlr
                0x000000000000d9ae                _dlr
                0x000000000000d9b2                _eul
                0x000000000000d9b6                _nrl
                0x000000000000d9ba                _drl
                0x000000000000d9be                _rlr
                0x000000000000d9c2                _gl_prevmouse
                0x000000000000da0c                _gl_mouse
                0x000000000000da56                _mouse_cursor
                0x000000000000da76                _ad_envrn
                0x000000000000da7a                _num_accs
                0x000000000000da7c                _totpds
 .bss           0x000000000000dc2c       0x38 CMakeFiles/roberts7531.img.dir/aes/geminput.c.o
                0x000000000000dc2c                _gl_bdely
                0x000000000000dc2e                _gl_btrue
                0x000000000000dc30                _gl_bdesired
                0x000000000000dc32                _gl_bclick
                0x000000000000dc34                _ctl_pd
                0x000000000000dc38                _gl_mowner
                0x000000000000dc3c                _pr_mclick
                0x000000000000dc3e                _pr_yrat
                0x000000000000dc40                _pr_xrat
                0x000000000000dc42                _pr_button
                0x000000000000dc44                _mtrans
                0x000000000000dc46                _mclick
                0x000000000000dc48                _kstate
                0x000000000000dc4a                _yrat
                0x000000000000dc4c                _xrat
                0x000000000000dc4e                _button
 .bss           0x000000000000dc64       0x20 CMakeFiles/roberts7531.img.dir/aes/gemmnext.c.o
                0x000000000000dc64                _gl_submenu_hwm
                0x000000000000dc68                _gl_submenu
 .bss           0x000000000000dc84       0x38 CMakeFiles/roberts7531.img.dir/aes/gemmnlib.c.o
                0x000000000000dc84                _gl_dafirst
                0x000000000000dc86                _gl_mnppd
                0x000000000000dc8a                _gl_mntree
 .bss           0x000000000000dcbc       0x20 CMakeFiles/roberts7531.img.dir/aes/gemobed.c.o
 .bss           0x000000000000dcdc        0x0 CMakeFiles/roberts7531.img.dir/aes/gemobjop.c.o
 .bss           0x000000000000dcdc        0x0 CMakeFiles/roberts7531.img.dir/aes/gemoblib.c.o
 .bss           0x000000000000dcdc        0x0 CMakeFiles/roberts7531.img.dir/aes/gempd.c.o
 .bss           0x000000000000dcdc        0x0 CMakeFiles/roberts7531.img.dir/aes/gemqueue.c.o
 .bss           0x000000000000dcdc       0x88 CMakeFiles/roberts7531.img.dir/aes/gemrslib.c.o
 .bss           0x000000000000dd64        0x0 CMakeFiles/roberts7531.img.dir/aes/gemsclib.c.o
 .bss           0x000000000000dd64      0x108 CMakeFiles/roberts7531.img.dir/aes/gemshlib.c.o
                0x000000000000dd64                _gl_nextrez
                0x000000000000dd66                _gl_changerez
                0x000000000000dd68                _ad_stail
 .bss           0x000000000000de6c        0x4 CMakeFiles/roberts7531.img.dir/aes/gemsuper.c.o
 .bss           0x000000000000de70      0x400 CMakeFiles/roberts7531.img.dir/aes/gemwmlib.c.o
                0x000000000000de70                _gl_awind
                0x000000000000de74                _gl_wtop
 .bss           0x000000000000e270       0x18 CMakeFiles/roberts7531.img.dir/aes/gemwrect.c.o
 .bss           0x000000000000e288       0x14 CMakeFiles/roberts7531.img.dir/aes/gsx2.c.o
                0x000000000000e288                _vdipb
 .bss           0x000000000000e29c      0xa00 CMakeFiles/roberts7531.img.dir/desk/deskstart.S.o
 .bss           0x000000000000ec9c       0x68 CMakeFiles/roberts7531.img.dir/desk/deskmain.c.o
                0x000000000000ec9c                _menu_shortcuts
                0x000000000000ecbe                _gl_apid
                0x000000000000ecc0                _gl_pmstr
                0x000000000000ecc4                _gl_amstr
 .bss           0x000000000000ed04       0x80 CMakeFiles/roberts7531.img.dir/desk/gembind.c.o
                0x000000000000ed04                _global
 .bss           0x000000000000ed84        0x0 CMakeFiles/roberts7531.img.dir/desk/deskact.c.o
 .bss           0x000000000000ed84        0x8 CMakeFiles/roberts7531.img.dir/desk/deskapp.c.o
 .bss           0x000000000000ed8c       0x10 CMakeFiles/roberts7531.img.dir/desk/deskdir.c.o
 .bss           0x000000000000ed9c        0x0 CMakeFiles/roberts7531.img.dir/desk/deskfpd.c.o
 .bss           0x000000000000ed9c        0xc CMakeFiles/roberts7531.img.dir/desk/deskfun.c.o
 .bss           0x000000000000eda8      0x34c CMakeFiles/roberts7531.img.dir/desk/deskglob.c.o
                0x000000000000eda8                _G
 .bss           0x000000000000f0f4        0x4 CMakeFiles/roberts7531.img.dir/desk/deskinf.c.o
 .bss           0x000000000000f0f8       0x28 CMakeFiles/roberts7531.img.dir/desk/deskins.c.o
 .bss           0x000000000000f120        0x0 CMakeFiles/roberts7531.img.dir/desk/deskobj.c.o
 .bss           0x000000000000f120        0x0 CMakeFiles/roberts7531.img.dir/desk/deskpro.c.o
 .bss           0x000000000000f120        0x0 CMakeFiles/roberts7531.img.dir/desk/deskrez.c.o
 .bss           0x000000000000f120        0x0 CMakeFiles/roberts7531.img.dir/desk/deskrsrc.c.o
 .bss           0x000000000000f120        0x8 CMakeFiles/roberts7531.img.dir/desk/desksupp.c.o
 .bss           0x000000000000f128        0x0 CMakeFiles/roberts7531.img.dir/desk/deskwin.c.o
 .bss           0x000000000000f128     0x1010 CMakeFiles/roberts7531.img.dir/cli/cmdasm.S.o
                0x000000000000f128                _environment
 .bss           0x0000000000010138      0x260 CMakeFiles/roberts7531.img.dir/cli/cmdmain.c.o
                0x0000000000010138                _redir_handle
                0x000000000001013c                _user_path
                0x00000000000101bc                _dta
                0x00000000000101c0                _nflops_copy
                0x00000000000101c2                _linewrap
                0x00000000000101c4                _requested_res
                0x00000000000101c6                _current_res
                0x00000000000101c8                _screen_rows
                0x00000000000101ca                _screen_cols
                0x00000000000101cc                _idt_value
 .bss           0x0000000000010398       0xb0 CMakeFiles/roberts7531.img.dir/cli/cmdedit.c.o
 .bss           0x0000000000010448        0x4 CMakeFiles/roberts7531.img.dir/cli/cmdexec.c.o
 .bss           0x000000000001044c        0x4 CMakeFiles/roberts7531.img.dir/cli/cmdint.c.o
 .bss           0x0000000000010450        0x0 CMakeFiles/roberts7531.img.dir/cli/cmdparse.c.o
 .bss           0x0000000000010450        0x0 CMakeFiles/roberts7531.img.dir/cli/cmdutil.c.o
 .bss           0x0000000000010450        0x0 CMakeFiles/roberts7531.img.dir/bios/spi_duart.S.o
 .bss           0x0000000000010450        0x0 CMakeFiles/roberts7531.img.dir/roberts7531/util/langs.c.o
 .bss           0x0000000000010450      0x958 CMakeFiles/roberts7531.img.dir/roberts7531/aes/gem_rsc.c.o
                0x0000000000010450                _rs_obj
                0x0000000000010a80                _rs_tedinfo
 .bss           0x0000000000010da8      0x580 CMakeFiles/roberts7531.img.dir/roberts7531/desk/desk_rsc.c.o
                0x0000000000010da8                _desk_rs_trees
                0x0000000000010dec                _desk_rs_obj
                0x0000000000010df0                _desk_rs_tedinfo
 .bss           0x0000000000011328        0x0 CMakeFiles/roberts7531.img.dir/roberts7531/desk/icons.c.o
 .bss           0x0000000000011328        0x0 CMakeFiles/roberts7531.img.dir/roberts7531/aes/mforms.c.o
 .bss           0x0000000000011328        0x0 libfont.a(fnt_st_6x6.c.o)
 .bss           0x0000000000011328        0x0 libfont.a(fnt_st_8x8.c.o)
 .bss           0x0000000000011328        0x0 libfont.a(fnt_st_8x16.c.o)
 .bss           0x0000000000011328        0x0 /usr/lib/gcc/m68k-atari-mint/4.6.4/mshort/libgcc.a(_mulsi3.o)
 .bss           0x0000000000011328        0x0 /usr/lib/gcc/m68k-atari-mint/4.6.4/mshort/libgcc.a(_udivsi3.o)
 .bss           0x0000000000011328        0x0 libroberts7531_endrom.a(endrom.c.o)
                0x0000000000011328                __ebss = .

.laststram      0x0000000000011328        0x0
                0x0000000000011328                __end_os_stram = .

/DISCARD/
 *(.comment)
 *(.debug*)
LOAD CMakeFiles/roberts7531.img.dir/bios/startup.S.o
LOAD CMakeFiles/roberts7531.img.dir/bios/lowstram.c.o
LOAD CMakeFiles/roberts7531.img.dir/bios/memory.S.o
LOAD CMakeFiles/roberts7531.img.dir/bios/processor.S.o
LOAD CMakeFiles/roberts7531.img.dir/bios/vectors.S.o
LOAD CMakeFiles/roberts7531.img.dir/bios/aciavecs.S.o
LOAD CMakeFiles/roberts7531.img.dir/bios/bios.c.o
LOAD CMakeFiles/roberts7531.img.dir/bios/xbios.c.o
LOAD CMakeFiles/roberts7531.img.dir/bios/acsi.c.o
LOAD CMakeFiles/roberts7531.img.dir/bios/biosmem.c.o
LOAD CMakeFiles/roberts7531.img.dir/bios/blkdev.c.o
LOAD CMakeFiles/roberts7531.img.dir/bios/chardev.c.o
LOAD CMakeFiles/roberts7531.img.dir/bios/clock.c.o
LOAD CMakeFiles/roberts7531.img.dir/bios/conout.c.o
LOAD CMakeFiles/roberts7531.img.dir/bios/country.c.o
LOAD CMakeFiles/roberts7531.img.dir/bios/disk.c.o
LOAD CMakeFiles/roberts7531.img.dir/bios/dma.c.o
LOAD CMakeFiles/roberts7531.img.dir/bios/dmasound.c.o
LOAD CMakeFiles/roberts7531.img.dir/bios/floppy.c.o
LOAD CMakeFiles/roberts7531.img.dir/bios/font.c.o
LOAD CMakeFiles/roberts7531.img.dir/bios/ide.c.o
LOAD CMakeFiles/roberts7531.img.dir/bios/ikbd.c.o
LOAD CMakeFiles/roberts7531.img.dir/bios/initinfo.c.o
LOAD CMakeFiles/roberts7531.img.dir/bios/kprint.c.o
LOAD CMakeFiles/roberts7531.img.dir/bios/kprintasm.S.o
LOAD CMakeFiles/roberts7531.img.dir/bios/linea.S.o
LOAD CMakeFiles/roberts7531.img.dir/bios/lineainit.c.o
LOAD CMakeFiles/roberts7531.img.dir/bios/lineavars.S.o
LOAD CMakeFiles/roberts7531.img.dir/bios/machine.c.o
LOAD CMakeFiles/roberts7531.img.dir/bios/mfp.c.o
LOAD CMakeFiles/roberts7531.img.dir/bios/midi.c.o
LOAD CMakeFiles/roberts7531.img.dir/bios/mouse.c.o
LOAD CMakeFiles/roberts7531.img.dir/bios/natfeat.S.o
LOAD CMakeFiles/roberts7531.img.dir/bios/natfeats.c.o
LOAD CMakeFiles/roberts7531.img.dir/bios/nvram.c.o
LOAD CMakeFiles/roberts7531.img.dir/bios/panicasm.S.o
LOAD CMakeFiles/roberts7531.img.dir/bios/parport.c.o
LOAD CMakeFiles/roberts7531.img.dir/bios/screen.c.o
LOAD CMakeFiles/roberts7531.img.dir/bios/serport.c.o
LOAD CMakeFiles/roberts7531.img.dir/bios/sound.c.o
LOAD CMakeFiles/roberts7531.img.dir/bios/videl.c.o
LOAD CMakeFiles/roberts7531.img.dir/bios/vt52.c.o
LOAD CMakeFiles/roberts7531.img.dir/bios/xhdi.c.o
LOAD CMakeFiles/roberts7531.img.dir/bios/pmmu030.c.o
LOAD CMakeFiles/roberts7531.img.dir/bios/68040_pmmu.S.o
LOAD CMakeFiles/roberts7531.img.dir/bios/amiga.c.o
LOAD CMakeFiles/roberts7531.img.dir/bios/amiga2.S.o
LOAD CMakeFiles/roberts7531.img.dir/bios/spi_vamp.c.o
LOAD CMakeFiles/roberts7531.img.dir/bios/lisa.c.o
LOAD CMakeFiles/roberts7531.img.dir/bios/lisa2.S.o
LOAD CMakeFiles/roberts7531.img.dir/bios/delay.c.o
LOAD CMakeFiles/roberts7531.img.dir/bios/delayasm.S.o
LOAD CMakeFiles/roberts7531.img.dir/bios/sd.c.o
LOAD CMakeFiles/roberts7531.img.dir/bios/memory2.c.o
LOAD CMakeFiles/roberts7531.img.dir/bios/bootparams.c.o
LOAD CMakeFiles/roberts7531.img.dir/bios/scsi.c.o
LOAD CMakeFiles/roberts7531.img.dir/bios/nova.c.o
LOAD CMakeFiles/roberts7531.img.dir/bios/dsp.c.o
LOAD CMakeFiles/roberts7531.img.dir/bios/dsp2.S.o
LOAD CMakeFiles/roberts7531.img.dir/bios/scsidriv.c.o
LOAD CMakeFiles/roberts7531.img.dir/bios/machine_r7531.c.o
LOAD CMakeFiles/roberts7531.img.dir/bdos/bdosmain.c.o
LOAD CMakeFiles/roberts7531.img.dir/bdos/console.c.o
LOAD CMakeFiles/roberts7531.img.dir/bdos/fsbuf.c.o
LOAD CMakeFiles/roberts7531.img.dir/bdos/fsdir.c.o
LOAD CMakeFiles/roberts7531.img.dir/bdos/fsdrive.c.o
LOAD CMakeFiles/roberts7531.img.dir/bdos/fsfat.c.o
LOAD CMakeFiles/roberts7531.img.dir/bdos/fsglob.c.o
LOAD CMakeFiles/roberts7531.img.dir/bdos/fshand.c.o
LOAD CMakeFiles/roberts7531.img.dir/bdos/fsio.c.o
LOAD CMakeFiles/roberts7531.img.dir/bdos/fsmain.c.o
LOAD CMakeFiles/roberts7531.img.dir/bdos/fsopnclo.c.o
LOAD CMakeFiles/roberts7531.img.dir/bdos/iumem.c.o
LOAD CMakeFiles/roberts7531.img.dir/bdos/kpgmld.c.o
LOAD CMakeFiles/roberts7531.img.dir/bdos/osmem.c.o
LOAD CMakeFiles/roberts7531.img.dir/bdos/proc.c.o
LOAD CMakeFiles/roberts7531.img.dir/bdos/rwa.S.o
LOAD CMakeFiles/roberts7531.img.dir/bdos/time.c.o
LOAD CMakeFiles/roberts7531.img.dir/bdos/umem.c.o
LOAD CMakeFiles/roberts7531.img.dir/util/cookie.c.o
LOAD CMakeFiles/roberts7531.img.dir/util/doprintf.c.o
LOAD CMakeFiles/roberts7531.img.dir/util/intmath.c.o
LOAD CMakeFiles/roberts7531.img.dir/util/memmove.S.o
LOAD CMakeFiles/roberts7531.img.dir/util/memset.S.o
LOAD CMakeFiles/roberts7531.img.dir/util/miscasm.S.o
LOAD CMakeFiles/roberts7531.img.dir/util/nls.c.o
LOAD CMakeFiles/roberts7531.img.dir/util/nlsasm.S.o
LOAD CMakeFiles/roberts7531.img.dir/util/setjmp.S.o
LOAD CMakeFiles/roberts7531.img.dir/util/string.c.o
LOAD CMakeFiles/roberts7531.img.dir/util/lisautil.S.o
LOAD CMakeFiles/roberts7531.img.dir/util/miscutil.c.o
LOAD CMakeFiles/roberts7531.img.dir/bios/fnt_off_6x6.c.o
LOAD CMakeFiles/roberts7531.img.dir/bios/fnt_off_8x8.c.o
LOAD CMakeFiles/roberts7531.img.dir/vdi/vdi_asm.S.o
LOAD CMakeFiles/roberts7531.img.dir/vdi/vdi_bezier.c.o
LOAD CMakeFiles/roberts7531.img.dir/vdi/vdi_col.c.o
LOAD CMakeFiles/roberts7531.img.dir/vdi/vdi_control.c.o
LOAD CMakeFiles/roberts7531.img.dir/vdi/vdi_esc.c.o
LOAD CMakeFiles/roberts7531.img.dir/vdi/vdi_fill.c.o
LOAD CMakeFiles/roberts7531.img.dir/vdi/vdi_gdp.c.o
LOAD CMakeFiles/roberts7531.img.dir/vdi/vdi_input.c.o
LOAD CMakeFiles/roberts7531.img.dir/vdi/vdi_line.c.o
LOAD CMakeFiles/roberts7531.img.dir/vdi/vdi_main.c.o
LOAD CMakeFiles/roberts7531.img.dir/vdi/vdi_marker.c.o
LOAD CMakeFiles/roberts7531.img.dir/vdi/vdi_misc.c.o
LOAD CMakeFiles/roberts7531.img.dir/vdi/vdi_mouse.c.o
LOAD CMakeFiles/roberts7531.img.dir/vdi/vdi_raster.c.o
LOAD CMakeFiles/roberts7531.img.dir/vdi/vdi_text.c.o
LOAD CMakeFiles/roberts7531.img.dir/vdi/vdi_textblit.c.o
LOAD CMakeFiles/roberts7531.img.dir/vdi/vdi_blit.S.o
LOAD CMakeFiles/roberts7531.img.dir/vdi/vdi_tblit.S.o
LOAD CMakeFiles/roberts7531.img.dir/vdi/endvdi.S.o
LOAD CMakeFiles/roberts7531.img.dir/version.c.o
LOAD CMakeFiles/roberts7531.img.dir/util/gemdos.c.o
LOAD CMakeFiles/roberts7531.img.dir/util/optimize.c.o
LOAD CMakeFiles/roberts7531.img.dir/util/optimopt.S.o
LOAD CMakeFiles/roberts7531.img.dir/util/rectfunc.c.o
LOAD CMakeFiles/roberts7531.img.dir/util/stringasm.S.o
LOAD CMakeFiles/roberts7531.img.dir/aes/gemasm.S.o
LOAD CMakeFiles/roberts7531.img.dir/aes/gemstart.S.o
LOAD CMakeFiles/roberts7531.img.dir/aes/gemdosif.S.o
LOAD CMakeFiles/roberts7531.img.dir/aes/gemaplib.c.o
LOAD CMakeFiles/roberts7531.img.dir/aes/gemasync.c.o
LOAD CMakeFiles/roberts7531.img.dir/aes/gemctrl.c.o
LOAD CMakeFiles/roberts7531.img.dir/aes/gemdisp.c.o
LOAD CMakeFiles/roberts7531.img.dir/aes/gemevlib.c.o
LOAD CMakeFiles/roberts7531.img.dir/aes/gemflag.c.o
LOAD CMakeFiles/roberts7531.img.dir/aes/gemfmalt.c.o
LOAD CMakeFiles/roberts7531.img.dir/aes/gemfmlib.c.o
LOAD CMakeFiles/roberts7531.img.dir/aes/gemfslib.c.o
LOAD CMakeFiles/roberts7531.img.dir/aes/gemgraf.c.o
LOAD CMakeFiles/roberts7531.img.dir/aes/gemgrlib.c.o
LOAD CMakeFiles/roberts7531.img.dir/aes/gemgsxif.c.o
LOAD CMakeFiles/roberts7531.img.dir/aes/geminit.c.o
LOAD CMakeFiles/roberts7531.img.dir/aes/geminput.c.o
LOAD CMakeFiles/roberts7531.img.dir/aes/gemmnext.c.o
LOAD CMakeFiles/roberts7531.img.dir/aes/gemmnlib.c.o
LOAD CMakeFiles/roberts7531.img.dir/aes/gemobed.c.o
LOAD CMakeFiles/roberts7531.img.dir/aes/gemobjop.c.o
LOAD CMakeFiles/roberts7531.img.dir/aes/gemoblib.c.o
LOAD CMakeFiles/roberts7531.img.dir/aes/gempd.c.o
LOAD CMakeFiles/roberts7531.img.dir/aes/gemqueue.c.o
LOAD CMakeFiles/roberts7531.img.dir/aes/gemrslib.c.o
LOAD CMakeFiles/roberts7531.img.dir/aes/gemsclib.c.o
LOAD CMakeFiles/roberts7531.img.dir/aes/gemshlib.c.o
LOAD CMakeFiles/roberts7531.img.dir/aes/gemsuper.c.o
LOAD CMakeFiles/roberts7531.img.dir/aes/gemwmlib.c.o
LOAD CMakeFiles/roberts7531.img.dir/aes/gemwrect.c.o
LOAD CMakeFiles/roberts7531.img.dir/aes/gsx2.c.o
LOAD CMakeFiles/roberts7531.img.dir/desk/deskstart.S.o
LOAD CMakeFiles/roberts7531.img.dir/desk/deskmain.c.o
LOAD CMakeFiles/roberts7531.img.dir/desk/gembind.c.o
LOAD CMakeFiles/roberts7531.img.dir/desk/deskact.c.o
LOAD CMakeFiles/roberts7531.img.dir/desk/deskapp.c.o
LOAD CMakeFiles/roberts7531.img.dir/desk/deskdir.c.o
LOAD CMakeFiles/roberts7531.img.dir/desk/deskfpd.c.o
LOAD CMakeFiles/roberts7531.img.dir/desk/deskfun.c.o
LOAD CMakeFiles/roberts7531.img.dir/desk/deskglob.c.o
LOAD CMakeFiles/roberts7531.img.dir/desk/deskinf.c.o
LOAD CMakeFiles/roberts7531.img.dir/desk/deskins.c.o
LOAD CMakeFiles/roberts7531.img.dir/desk/deskobj.c.o
LOAD CMakeFiles/roberts7531.img.dir/desk/deskpro.c.o
LOAD CMakeFiles/roberts7531.img.dir/desk/deskrez.c.o
LOAD CMakeFiles/roberts7531.img.dir/desk/deskrsrc.c.o
LOAD CMakeFiles/roberts7531.img.dir/desk/desksupp.c.o
LOAD CMakeFiles/roberts7531.img.dir/desk/deskwin.c.o
LOAD CMakeFiles/roberts7531.img.dir/cli/cmdasm.S.o
LOAD CMakeFiles/roberts7531.img.dir/cli/cmdmain.c.o
LOAD CMakeFiles/roberts7531.img.dir/cli/cmdedit.c.o
LOAD CMakeFiles/roberts7531.img.dir/cli/cmdexec.c.o
LOAD CMakeFiles/roberts7531.img.dir/cli/cmdint.c.o
LOAD CMakeFiles/roberts7531.img.dir/cli/cmdparse.c.o
LOAD CMakeFiles/roberts7531.img.dir/cli/cmdutil.c.o
LOAD CMakeFiles/roberts7531.img.dir/bios/spi_duart.S.o
LOAD CMakeFiles/roberts7531.img.dir/roberts7531/util/langs.c.o
LOAD CMakeFiles/roberts7531.img.dir/roberts7531/aes/gem_rsc.c.o
LOAD CMakeFiles/roberts7531.img.dir/roberts7531/desk/desk_rsc.c.o
LOAD CMakeFiles/roberts7531.img.dir/roberts7531/desk/icons.c.o
LOAD CMakeFiles/roberts7531.img.dir/roberts7531/aes/mforms.c.o
LOAD libfont.a
LOAD /usr/lib/gcc/m68k-atari-mint/4.6.4/mshort/libgcc.a
LOAD libroberts7531_endrom.a
OUTPUT(roberts7531.img binary)
