The target system is: TOS -  - m68000
The host system is: Linux - 6.5.0-14-generic - x86_64
Compiling the C compiler identification source file "CMakeCCompilerId.c" succeeded.
Compiler: /usr/bin/m68k-atari-mint-gcc-4.6.4 
Build flags: 
Id flags:  

The output was:
0


Compilation of the C compiler identification source "CMakeCCompilerId.c" produced "a.out"

The C compiler identification is GNU, found in "/home/roberts7531/Documents/emutos/build/CMakeFiles/3.22.1/CompilerIdC/a.out"

Checking whether the ASM compiler is GNU using "--version" matched "(GNU assembler)|(GCC)|(Free Software Foundation)":
m68k-atari-mint-gcc-4.6.4 (GCC) 4.6.4 (MiNT 20200504)
Copyright (C) 2011 Free Software Foundation, Inc.
This is free software; see the source for copying conditions.  There is NO
warranty; not even for MERCHANTABILITY or FITNESS FOR A PARTICULAR PURPOSE.

Detecting C compiler ABI info compiled with the following output:
Change Dir: /home/roberts7531/Documents/emutos/build/CMakeFiles/CMakeTmp

Run Build Command(s):/usr/bin/gmake -f Makefile cmTC_bcc83/fast && /usr/bin/gmake  -f CMakeFiles/cmTC_bcc83.dir/build.make CMakeFiles/cmTC_bcc83.dir/build
gmake[1]: Entering directory '/home/roberts7531/Documents/emutos/build/CMakeFiles/CMakeTmp'
Building C object CMakeFiles/cmTC_bcc83.dir/CMakeCCompilerABI.c.o
/usr/bin/m68k-atari-mint-gcc-4.6.4   -v -o CMakeFiles/cmTC_bcc83.dir/CMakeCCompilerABI.c.o -c /usr/share/cmake-3.22/Modules/CMakeCCompilerABI.c
Using built-in specs.
COLLECT_GCC=/usr/bin/m68k-atari-mint-gcc-4.6.4
COLLECT_LTO_WRAPPER=/usr/libexec/gcc/m68k-atari-mint/4.6.4/lto-wrapper
Target: m68k-atari-mint
Configured with: ../gcc-4.6.4/configure --prefix=/usr --infodir=/usr/share/info --mandir=/usr/share/man --build=x86_64-linux-gnu --host=x86_64-linux-gnu --target=m68k-atari-mint --disable-nls --enable-languages=c,c++ --disable-libstdcxx-pch 'CFLAGS_FOR_TARGET=-O2 -fomit-frame-pointer' 'CXXFLAGS_FOR_TARGET=-O2 -fomit-frame-pointer'
Thread model: single
gcc version 4.6.4 (MiNT 20200504) (GCC) 
COLLECT_GCC_OPTIONS='-v' '-o' 'CMakeFiles/cmTC_bcc83.dir/CMakeCCompilerABI.c.o' '-c' '-m68000'
 /usr/libexec/gcc/m68k-atari-mint/4.6.4/cc1 -quiet -v -D__M68000__ /usr/share/cmake-3.22/Modules/CMakeCCompilerABI.c -quiet -dumpbase CMakeCCompilerABI.c -m68000 -auxbase-strip CMakeFiles/cmTC_bcc83.dir/CMakeCCompilerABI.c.o -version -o /tmp/ccmeofgt.s
GNU C (GCC) version 4.6.4 (MiNT 20200504) (m68k-atari-mint)
	compiled by GNU C version 11.3.0, GMP version 6.2.1, MPFR version 4.1.0, MPC version 1.2.1
GGC heuristics: --param ggc-min-expand=100 --param ggc-min-heapsize=131072
ignoring nonexistent directory "/usr/lib/gcc/m68k-atari-mint/4.6.4/../../../../m68k-atari-mint/sys-include"
#include "..." search starts here:
#include <...> search starts here:
 /usr/lib/gcc/m68k-atari-mint/4.6.4/include
 /usr/lib/gcc/m68k-atari-mint/4.6.4/include-fixed
 /usr/lib/gcc/m68k-atari-mint/4.6.4/../../../../m68k-atari-mint/include
End of search list.
GNU C (GCC) version 4.6.4 (MiNT 20200504) (m68k-atari-mint)
	compiled by GNU C version 11.3.0, GMP version 6.2.1, MPFR version 4.1.0, MPC version 1.2.1
GGC heuristics: --param ggc-min-expand=100 --param ggc-min-heapsize=131072
Compiler executable checksum: 44cc741a990ee298456a2f8dc215ef1d
COLLECT_GCC_OPTIONS='-v' '-o' 'CMakeFiles/cmTC_bcc83.dir/CMakeCCompilerABI.c.o' '-c' '-m68000'
 /usr/lib/gcc/m68k-atari-mint/4.6.4/../../../../m68k-atari-mint/bin/as -m68000 -o CMakeFiles/cmTC_bcc83.dir/CMakeCCompilerABI.c.o /tmp/ccmeofgt.s
COMPILER_PATH=/usr/libexec/gcc/m68k-atari-mint/4.6.4/:/usr/libexec/gcc/m68k-atari-mint/4.6.4/:/usr/libexec/gcc/m68k-atari-mint/:/usr/lib/gcc/m68k-atari-mint/4.6.4/:/usr/lib/gcc/m68k-atari-mint/:/usr/lib/gcc/m68k-atari-mint/4.6.4/../../../../m68k-atari-mint/bin/
LIBRARY_PATH=/usr/lib/gcc/m68k-atari-mint/4.6.4/:/usr/lib/gcc/m68k-atari-mint/4.6.4/../../../../m68k-atari-mint/lib/
COLLECT_GCC_OPTIONS='-v' '-o' 'CMakeFiles/cmTC_bcc83.dir/CMakeCCompilerABI.c.o' '-c' '-m68000'
Linking C executable cmTC_bcc83
/usr/bin/cmake -E cmake_link_script CMakeFiles/cmTC_bcc83.dir/link.txt --verbose=1
/usr/bin/m68k-atari-mint-gcc-4.6.4  -v CMakeFiles/cmTC_bcc83.dir/CMakeCCompilerABI.c.o -o cmTC_bcc83 
Using built-in specs.
COLLECT_GCC=/usr/bin/m68k-atari-mint-gcc-4.6.4
COLLECT_LTO_WRAPPER=/usr/libexec/gcc/m68k-atari-mint/4.6.4/lto-wrapper
Target: m68k-atari-mint
Configured with: ../gcc-4.6.4/configure --prefix=/usr --infodir=/usr/share/info --mandir=/usr/share/man --build=x86_64-linux-gnu --host=x86_64-linux-gnu --target=m68k-atari-mint --disable-nls --enable-languages=c,c++ --disable-libstdcxx-pch 'CFLAGS_FOR_TARGET=-O2 -fomit-frame-pointer' 'CXXFLAGS_FOR_TARGET=-O2 -fomit-frame-pointer'
Thread model: single
gcc version 4.6.4 (MiNT 20200504) (GCC) 
COMPILER_PATH=/usr/libexec/gcc/m68k-atari-mint/4.6.4/:/usr/libexec/gcc/m68k-atari-mint/4.6.4/:/usr/libexec/gcc/m68k-atari-mint/:/usr/lib/gcc/m68k-atari-mint/4.6.4/:/usr/lib/gcc/m68k-atari-mint/:/usr/lib/gcc/m68k-atari-mint/4.6.4/../../../../m68k-atari-mint/bin/
LIBRARY_PATH=/usr/lib/gcc/m68k-atari-mint/4.6.4/:/usr/lib/gcc/m68k-atari-mint/4.6.4/../../../../m68k-atari-mint/lib/
COLLECT_GCC_OPTIONS='-v' '-o' 'cmTC_bcc83' '-m68000'
 /usr/libexec/gcc/m68k-atari-mint/4.6.4/collect2 -o cmTC_bcc83 /usr/lib/gcc/m68k-atari-mint/4.6.4/../../../../m68k-atari-mint/lib/crt0.o -L/usr/lib/gcc/m68k-atari-mint/4.6.4 -L/usr/lib/gcc/m68k-atari-mint/4.6.4/../../../../m68k-atari-mint/lib CMakeFiles/cmTC_bcc83.dir/CMakeCCompilerABI.c.o -lgcc -lc -lgcc
gmake[1]: Leaving directory '/home/roberts7531/Documents/emutos/build/CMakeFiles/CMakeTmp'



Parsed C implicit include dir info from above output: rv=done
  found start of include info
  found start of implicit include info
    add: [/usr/lib/gcc/m68k-atari-mint/4.6.4/include]
    add: [/usr/lib/gcc/m68k-atari-mint/4.6.4/include-fixed]
    add: [/usr/lib/gcc/m68k-atari-mint/4.6.4/../../../../m68k-atari-mint/include]
  end of search list found
  collapse include dir [/usr/lib/gcc/m68k-atari-mint/4.6.4/include] ==> [/usr/lib/gcc/m68k-atari-mint/4.6.4/include]
  collapse include dir [/usr/lib/gcc/m68k-atari-mint/4.6.4/include-fixed] ==> [/usr/lib/gcc/m68k-atari-mint/4.6.4/include-fixed]
  collapse include dir [/usr/lib/gcc/m68k-atari-mint/4.6.4/../../../../m68k-atari-mint/include] ==> [/usr/m68k-atari-mint/include]
  implicit include dirs: [/usr/lib/gcc/m68k-atari-mint/4.6.4/include;/usr/lib/gcc/m68k-atari-mint/4.6.4/include-fixed;/usr/m68k-atari-mint/include]


Parsed C implicit link information from above output:
  link line regex: [^( *|.*[/\])(m68k-atari-mint-ld|CMAKE_LINK_STARTFILE-NOTFOUND|([^/\]+-)?ld|collect2)[^/\]*( |$)]
  ignore line: [Change Dir: /home/roberts7531/Documents/emutos/build/CMakeFiles/CMakeTmp]
  ignore line: []
  ignore line: [Run Build Command(s):/usr/bin/gmake -f Makefile cmTC_bcc83/fast && /usr/bin/gmake  -f CMakeFiles/cmTC_bcc83.dir/build.make CMakeFiles/cmTC_bcc83.dir/build]
  ignore line: [gmake[1]: Entering directory '/home/roberts7531/Documents/emutos/build/CMakeFiles/CMakeTmp']
  ignore line: [Building C object CMakeFiles/cmTC_bcc83.dir/CMakeCCompilerABI.c.o]
  ignore line: [/usr/bin/m68k-atari-mint-gcc-4.6.4   -v -o CMakeFiles/cmTC_bcc83.dir/CMakeCCompilerABI.c.o -c /usr/share/cmake-3.22/Modules/CMakeCCompilerABI.c]
  ignore line: [Using built-in specs.]
  ignore line: [COLLECT_GCC=/usr/bin/m68k-atari-mint-gcc-4.6.4]
  ignore line: [COLLECT_LTO_WRAPPER=/usr/libexec/gcc/m68k-atari-mint/4.6.4/lto-wrapper]
  ignore line: [Target: m68k-atari-mint]
  ignore line: [Configured with: ../gcc-4.6.4/configure --prefix=/usr --infodir=/usr/share/info --mandir=/usr/share/man --build=x86_64-linux-gnu --host=x86_64-linux-gnu --target=m68k-atari-mint --disable-nls --enable-languages=c c++ --disable-libstdcxx-pch 'CFLAGS_FOR_TARGET=-O2 -fomit-frame-pointer' 'CXXFLAGS_FOR_TARGET=-O2 -fomit-frame-pointer']
  ignore line: [Thread model: single]
  ignore line: [gcc version 4.6.4 (MiNT 20200504) (GCC) ]
  ignore line: [COLLECT_GCC_OPTIONS='-v' '-o' 'CMakeFiles/cmTC_bcc83.dir/CMakeCCompilerABI.c.o' '-c' '-m68000']
  ignore line: [ /usr/libexec/gcc/m68k-atari-mint/4.6.4/cc1 -quiet -v -D__M68000__ /usr/share/cmake-3.22/Modules/CMakeCCompilerABI.c -quiet -dumpbase CMakeCCompilerABI.c -m68000 -auxbase-strip CMakeFiles/cmTC_bcc83.dir/CMakeCCompilerABI.c.o -version -o /tmp/ccmeofgt.s]
  ignore line: [GNU C (GCC) version 4.6.4 (MiNT 20200504) (m68k-atari-mint)]
  ignore line: [	compiled by GNU C version 11.3.0  GMP version 6.2.1  MPFR version 4.1.0  MPC version 1.2.1]
  ignore line: [GGC heuristics: --param ggc-min-expand=100 --param ggc-min-heapsize=131072]
  ignore line: [ignoring nonexistent directory "/usr/lib/gcc/m68k-atari-mint/4.6.4/../../../../m68k-atari-mint/sys-include"]
  ignore line: [#include "..." search starts here:]
  ignore line: [#include <...> search starts here:]
  ignore line: [ /usr/lib/gcc/m68k-atari-mint/4.6.4/include]
  ignore line: [ /usr/lib/gcc/m68k-atari-mint/4.6.4/include-fixed]
  ignore line: [ /usr/lib/gcc/m68k-atari-mint/4.6.4/../../../../m68k-atari-mint/include]
  ignore line: [End of search list.]
  ignore line: [GNU C (GCC) version 4.6.4 (MiNT 20200504) (m68k-atari-mint)]
  ignore line: [	compiled by GNU C version 11.3.0  GMP version 6.2.1  MPFR version 4.1.0  MPC version 1.2.1]
  ignore line: [GGC heuristics: --param ggc-min-expand=100 --param ggc-min-heapsize=131072]
  ignore line: [Compiler executable checksum: 44cc741a990ee298456a2f8dc215ef1d]
  ignore line: [COLLECT_GCC_OPTIONS='-v' '-o' 'CMakeFiles/cmTC_bcc83.dir/CMakeCCompilerABI.c.o' '-c' '-m68000']
  ignore line: [ /usr/lib/gcc/m68k-atari-mint/4.6.4/../../../../m68k-atari-mint/bin/as -m68000 -o CMakeFiles/cmTC_bcc83.dir/CMakeCCompilerABI.c.o /tmp/ccmeofgt.s]
  ignore line: [COMPILER_PATH=/usr/libexec/gcc/m68k-atari-mint/4.6.4/:/usr/libexec/gcc/m68k-atari-mint/4.6.4/:/usr/libexec/gcc/m68k-atari-mint/:/usr/lib/gcc/m68k-atari-mint/4.6.4/:/usr/lib/gcc/m68k-atari-mint/:/usr/lib/gcc/m68k-atari-mint/4.6.4/../../../../m68k-atari-mint/bin/]
  ignore line: [LIBRARY_PATH=/usr/lib/gcc/m68k-atari-mint/4.6.4/:/usr/lib/gcc/m68k-atari-mint/4.6.4/../../../../m68k-atari-mint/lib/]
  ignore line: [COLLECT_GCC_OPTIONS='-v' '-o' 'CMakeFiles/cmTC_bcc83.dir/CMakeCCompilerABI.c.o' '-c' '-m68000']
  ignore line: [Linking C executable cmTC_bcc83]
  ignore line: [/usr/bin/cmake -E cmake_link_script CMakeFiles/cmTC_bcc83.dir/link.txt --verbose=1]
  ignore line: [/usr/bin/m68k-atari-mint-gcc-4.6.4  -v CMakeFiles/cmTC_bcc83.dir/CMakeCCompilerABI.c.o -o cmTC_bcc83 ]
  ignore line: [Using built-in specs.]
  ignore line: [COLLECT_GCC=/usr/bin/m68k-atari-mint-gcc-4.6.4]
  ignore line: [COLLECT_LTO_WRAPPER=/usr/libexec/gcc/m68k-atari-mint/4.6.4/lto-wrapper]
  ignore line: [Target: m68k-atari-mint]
  ignore line: [Configured with: ../gcc-4.6.4/configure --prefix=/usr --infodir=/usr/share/info --mandir=/usr/share/man --build=x86_64-linux-gnu --host=x86_64-linux-gnu --target=m68k-atari-mint --disable-nls --enable-languages=c c++ --disable-libstdcxx-pch 'CFLAGS_FOR_TARGET=-O2 -fomit-frame-pointer' 'CXXFLAGS_FOR_TARGET=-O2 -fomit-frame-pointer']
  ignore line: [Thread model: single]
  ignore line: [gcc version 4.6.4 (MiNT 20200504) (GCC) ]
  ignore line: [COMPILER_PATH=/usr/libexec/gcc/m68k-atari-mint/4.6.4/:/usr/libexec/gcc/m68k-atari-mint/4.6.4/:/usr/libexec/gcc/m68k-atari-mint/:/usr/lib/gcc/m68k-atari-mint/4.6.4/:/usr/lib/gcc/m68k-atari-mint/:/usr/lib/gcc/m68k-atari-mint/4.6.4/../../../../m68k-atari-mint/bin/]
  ignore line: [LIBRARY_PATH=/usr/lib/gcc/m68k-atari-mint/4.6.4/:/usr/lib/gcc/m68k-atari-mint/4.6.4/../../../../m68k-atari-mint/lib/]
  ignore line: [COLLECT_GCC_OPTIONS='-v' '-o' 'cmTC_bcc83' '-m68000']
  link line: [ /usr/libexec/gcc/m68k-atari-mint/4.6.4/collect2 -o cmTC_bcc83 /usr/lib/gcc/m68k-atari-mint/4.6.4/../../../../m68k-atari-mint/lib/crt0.o -L/usr/lib/gcc/m68k-atari-mint/4.6.4 -L/usr/lib/gcc/m68k-atari-mint/4.6.4/../../../../m68k-atari-mint/lib CMakeFiles/cmTC_bcc83.dir/CMakeCCompilerABI.c.o -lgcc -lc -lgcc]
    arg [/usr/libexec/gcc/m68k-atari-mint/4.6.4/collect2] ==> ignore
    arg [-o] ==> ignore
    arg [cmTC_bcc83] ==> ignore
    arg [/usr/lib/gcc/m68k-atari-mint/4.6.4/../../../../m68k-atari-mint/lib/crt0.o] ==> obj [/usr/lib/gcc/m68k-atari-mint/4.6.4/../../../../m68k-atari-mint/lib/crt0.o]
    arg [-L/usr/lib/gcc/m68k-atari-mint/4.6.4] ==> dir [/usr/lib/gcc/m68k-atari-mint/4.6.4]
    arg [-L/usr/lib/gcc/m68k-atari-mint/4.6.4/../../../../m68k-atari-mint/lib] ==> dir [/usr/lib/gcc/m68k-atari-mint/4.6.4/../../../../m68k-atari-mint/lib]
    arg [CMakeFiles/cmTC_bcc83.dir/CMakeCCompilerABI.c.o] ==> ignore
    arg [-lgcc] ==> lib [gcc]
    arg [-lc] ==> lib [c]
    arg [-lgcc] ==> lib [gcc]
  collapse obj [/usr/lib/gcc/m68k-atari-mint/4.6.4/../../../../m68k-atari-mint/lib/crt0.o] ==> [/usr/m68k-atari-mint/lib/crt0.o]
  collapse library dir [/usr/lib/gcc/m68k-atari-mint/4.6.4] ==> [/usr/lib/gcc/m68k-atari-mint/4.6.4]
  collapse library dir [/usr/lib/gcc/m68k-atari-mint/4.6.4/../../../../m68k-atari-mint/lib] ==> [/usr/m68k-atari-mint/lib]
  implicit libs: [gcc;c;gcc]
  implicit objs: [/usr/m68k-atari-mint/lib/crt0.o]
  implicit dirs: [/usr/lib/gcc/m68k-atari-mint/4.6.4;/usr/m68k-atari-mint/lib]
  implicit fwks: []




Detecting C [-std=c1x] compiler features compiled with the following output:
Change Dir: /home/roberts7531/Documents/emutos/build/CMakeFiles/CMakeTmp

Run Build Command(s):/usr/bin/gmake -f Makefile cmTC_6dd9c/fast && /usr/bin/gmake  -f CMakeFiles/cmTC_6dd9c.dir/build.make CMakeFiles/cmTC_6dd9c.dir/build
gmake[1]: Entering directory '/home/roberts7531/Documents/emutos/build/CMakeFiles/CMakeTmp'
Building C object CMakeFiles/cmTC_6dd9c.dir/feature_tests.c.o
/usr/bin/m68k-atari-mint-gcc-4.6.4   -std=c1x -o CMakeFiles/cmTC_6dd9c.dir/feature_tests.c.o -c /home/roberts7531/Documents/emutos/build/CMakeFiles/feature_tests.c
Linking C executable cmTC_6dd9c
/usr/bin/cmake -E cmake_link_script CMakeFiles/cmTC_6dd9c.dir/link.txt --verbose=1
/usr/bin/m68k-atari-mint-gcc-4.6.4 CMakeFiles/cmTC_6dd9c.dir/feature_tests.c.o -o cmTC_6dd9c 
gmake[1]: Leaving directory '/home/roberts7531/Documents/emutos/build/CMakeFiles/CMakeTmp'



    Feature record: C_FEATURE:1c_function_prototypes
    Feature record: C_FEATURE:1c_restrict
    Feature record: C_FEATURE:1c_variadic_macros
    Feature record: C_FEATURE:1c_static_assert
